Archive member included because of file (symbol)

./..\libarduino_sam3s_ek_gcc_dbg.a(board_cstartup_gnu_sam3.o)
                              (Reset_Handler)
./..\libarduino_sam3s_ek_gcc_dbg.a(wiring.o)
                              ./..\libarduino_sam3s_ek_gcc_dbg.a(board_cstartup_gnu_sam3.o) (SysTick_Handler)
./..\libarduino_sam3s_ek_gcc_dbg.a(wiring_digital.o)
                              test.o (pinMode)
./..\libarduino_sam3s_ek_gcc_dbg.a(Print.o)
                              test.o (Print::println(char const*))
./..\libarduino_sam3s_ek_gcc_dbg.a(UART.o)
                              test.o (UARTClass::begin(unsigned long))
./..\libarduino_sam3s_ek_gcc_dbg.a(WString.o)
                              ./..\libarduino_sam3s_ek_gcc_dbg.a(Print.o) (String::operator[](unsigned int) const)
./..\libarduino_sam3s_ek_gcc_dbg.a(main.o)
                              ./..\libarduino_sam3s_ek_gcc_dbg.a(board_cstartup_gnu_sam3.o) (main)
./..\libarduino_sam3s_ek_gcc_dbg.a(variant.o)
                              test.o (Serial1)
./..\libarduino_sam3s_ek_gcc_dbg.a(cxxabi-compat.o)
                              ./..\libarduino_sam3s_ek_gcc_dbg.a(Print.o) (__cxa_pure_virtual)
./..\libarduino_sam3s_ek_gcc_dbg.a(HardwareSerial.o)
                              ./..\libarduino_sam3s_ek_gcc_dbg.a(UART.o) (store_char(unsigned char, _ring_buffer*))
c:/codesourcery_2011.03-42/bin/../lib/gcc/arm-none-eabi/4.5.2/thumb2\libgcc.a(_arm_addsubdf3.o)
                              ./..\libarduino_sam3s_ek_gcc_dbg.a(Print.o) (__aeabi_dsub)
c:/codesourcery_2011.03-42/bin/../lib/gcc/arm-none-eabi/4.5.2/thumb2\libgcc.a(_arm_muldivdf3.o)
                              ./..\libarduino_sam3s_ek_gcc_dbg.a(Print.o) (__aeabi_dmul)
c:/codesourcery_2011.03-42/bin/../lib/gcc/arm-none-eabi/4.5.2/thumb2\libgcc.a(_arm_cmpdf2.o)
                              ./..\libarduino_sam3s_ek_gcc_dbg.a(Print.o) (__aeabi_dcmplt)
c:/codesourcery_2011.03-42/bin/../lib/gcc/arm-none-eabi/4.5.2/thumb2\libgcc.a(_arm_fixdfsi.o)
                              ./..\libarduino_sam3s_ek_gcc_dbg.a(Print.o) (__aeabi_d2iz)
c:/codesourcery_2011.03-42/bin/../lib/gcc/arm-none-eabi/4.5.2/thumb2\libgcc.a(_arm_fixunsdfsi.o)
                              ./..\libarduino_sam3s_ek_gcc_dbg.a(Print.o) (__aeabi_d2uiz)
c:\codesourcery_2011.03-42\bin\../arm-none-eabi/lib/thumb2\libc.a(lib_a-atol.o)
                              ./..\libarduino_sam3s_ek_gcc_dbg.a(WString.o) (atol)
c:\codesourcery_2011.03-42\bin\../arm-none-eabi/lib/thumb2\libc.a(lib_a-init.o)
                              ./..\libarduino_sam3s_ek_gcc_dbg.a(board_cstartup_gnu_sam3.o) (__libc_init_array)
c:\codesourcery_2011.03-42\bin\../arm-none-eabi/lib/thumb2\libc.a(lib_a-isspace.o)
                              ./..\libarduino_sam3s_ek_gcc_dbg.a(WString.o) (isspace)
c:\codesourcery_2011.03-42\bin\../arm-none-eabi/lib/thumb2\libc.a(lib_a-malloc.o)
                              ./..\libarduino_sam3s_ek_gcc_dbg.a(WString.o) (free)
c:\codesourcery_2011.03-42\bin\../arm-none-eabi/lib/thumb2\libc.a(lib_a-mallocr.o)
                              c:\codesourcery_2011.03-42\bin\../arm-none-eabi/lib/thumb2\libc.a(lib_a-malloc.o) (_malloc_r)
c:\codesourcery_2011.03-42\bin\../arm-none-eabi/lib/thumb2\libc.a(lib_a-memcpy.o)
                              ./..\libarduino_sam3s_ek_gcc_dbg.a(WString.o) (memcpy)
c:\codesourcery_2011.03-42\bin\../arm-none-eabi/lib/thumb2\libc.a(lib_a-memmove.o)
                              ./..\libarduino_sam3s_ek_gcc_dbg.a(WString.o) (memmove)
c:\codesourcery_2011.03-42\bin\../arm-none-eabi/lib/thumb2\libc.a(lib_a-mlock.o)
                              c:\codesourcery_2011.03-42\bin\../arm-none-eabi/lib/thumb2\libc.a(lib_a-mallocr.o) (__malloc_lock)
c:\codesourcery_2011.03-42\bin\../arm-none-eabi/lib/thumb2\libc.a(lib_a-realloc.o)
                              ./..\libarduino_sam3s_ek_gcc_dbg.a(WString.o) (realloc)
c:\codesourcery_2011.03-42\bin\../arm-none-eabi/lib/thumb2\libc.a(lib_a-reallocr.o)
                              c:\codesourcery_2011.03-42\bin\../arm-none-eabi/lib/thumb2\libc.a(lib_a-realloc.o) (_realloc_r)
c:\codesourcery_2011.03-42\bin\../arm-none-eabi/lib/thumb2\libc.a(lib_a-sbrkr.o)
                              c:\codesourcery_2011.03-42\bin\../arm-none-eabi/lib/thumb2\libc.a(lib_a-mallocr.o) (_sbrk_r)
c:\codesourcery_2011.03-42\bin\../arm-none-eabi/lib/thumb2\libc.a(lib_a-strchr.o)
                              ./..\libarduino_sam3s_ek_gcc_dbg.a(WString.o) (strchr)
c:\codesourcery_2011.03-42\bin\../arm-none-eabi/lib/thumb2\libc.a(lib_a-strcmp.o)
                              ./..\libarduino_sam3s_ek_gcc_dbg.a(WString.o) (strcmp)
c:\codesourcery_2011.03-42\bin\../arm-none-eabi/lib/thumb2\libc.a(lib_a-strcpy.o)
                              ./..\libarduino_sam3s_ek_gcc_dbg.a(WString.o) (strcpy)
c:\codesourcery_2011.03-42\bin\../arm-none-eabi/lib/thumb2\libc.a(lib_a-strlen.o)
                              ./..\libarduino_sam3s_ek_gcc_dbg.a(WString.o) (strlen)
[...]
Memory Configuration

Name             Origin             Length             Attributes
rom              0x00400000         0x00040000         xr
ram              0x20000000         0x0000c000         xrw
*default*        0x00000000         0xffffffff

Linker script and memory map

LOAD c:/codesourcery_2011.03-42/bin/../lib/gcc/arm-none-eabi/4.5.2/thumb2/crti.o
LOAD c:/codesourcery_2011.03-42/bin/../lib/gcc/arm-none-eabi/4.5.2/thumb2/crtbegin.o
LOAD test.o
START GROUP
LOAD c:/codesourcery_2011.03-42/bin/../lib/gcc/arm-none-eabi/4.5.2/thumb2\libgcc.a
LOAD c:\codesourcery_2011.03-42\bin\../arm-none-eabi/lib/thumb2\libc.a
LOAD ./..\libchip_sam3s4_gcc_dbg.a
LOAD ./..\libarduino_sam3s_ek_gcc_dbg.a
END GROUP
START GROUP
LOAD c:/codesourcery_2011.03-42/bin/../lib/gcc/arm-none-eabi/4.5.2/thumb2\libgcc.a
LOAD c:\codesourcery_2011.03-42\bin\../arm-none-eabi/lib/thumb2\libc.a
END GROUP
LOAD c:/codesourcery_2011.03-42/bin/../lib/gcc/arm-none-eabi/4.5.2/thumb2/crtend.o
LOAD c:/codesourcery_2011.03-42/bin/../lib/gcc/arm-none-eabi/4.5.2/thumb2/crtn.o

.text           0x00400000     0x6204
                0x00400000                . = ALIGN (0x4)
                0x00400000                _sfixed = .
 *(.vectors .vectors.*)
 .vectors       0x00400000       0xd0 ./..\libarduino_sam3s_ek_gcc_dbg.a(board_cstartup_gnu_sam3.o)
                0x00400000                vector_table
 *(.text .text.* .gnu.linkonce.t.*)
 .text          0x004000d0       0x30 c:/codesourcery_2011.03-42/bin/../lib/gcc/arm-none-eabi/4.5.2/thumb2/crtbegin.o
 .text.setup    0x00400100       0x28 test.o
                0x00400100                setup
 .text.loop     0x00400128       0x60 test.o
                0x00400128                loop
 .text.Reset_Handler
                0x00400188       0xc0 ./..\libarduino_sam3s_ek_gcc_dbg.a(board_cstartup_gnu_sam3.o)
                0x00400188                Reset_Handler
 .text.NVIC_SetPriority
                0x00400248       0x58 ./..\libarduino_sam3s_ek_gcc_dbg.a(wiring.o)
 .text.SysTick_Config
                0x004002a0       0x58 ./..\libarduino_sam3s_ek_gcc_dbg.a(wiring.o)
 .text.SysTick_Handler
                0x004002f8       0x10 ./..\libarduino_sam3s_ek_gcc_dbg.a(wiring.o)
                0x004002f8                SysTick_Handler
 .text.LowLevelInit_sam3s_ek
                0x00400308       0xb8 ./..\libarduino_sam3s_ek_gcc_dbg.a(wiring.o)
 .text.init     0x004003c0       0x4c ./..\libarduino_sam3s_ek_gcc_dbg.a(wiring.o)
                0x004003c0                init
 .text.pinMode  0x0040040c       0xd8 ./..\libarduino_sam3s_ek_gcc_dbg.a(wiring_digital.o)
                0x0040040c                pinMode
 .text.digitalWrite
                0x004004e4       0x7c ./..\libarduino_sam3s_ek_gcc_dbg.a(wiring_digital.o)
                0x004004e4                digitalWrite
 .text._ZN5Print5writeEPKc
                0x00400560       0x40 ./..\libarduino_sam3s_ek_gcc_dbg.a(Print.o)
                0x00400560                Print::write(char const*)
 .text._ZN5Print5writeEPKhj
                0x004005a0       0x48 ./..\libarduino_sam3s_ek_gcc_dbg.a(Print.o)
                0x004005a0                Print::write(unsigned char const*, unsigned int)
 .text._ZN5Print5printEPKc
                0x004005e8       0x24 ./..\libarduino_sam3s_ek_gcc_dbg.a(Print.o)
                0x004005e8                Print::print(char const*)
 .text._ZN5Print5printEc
                0x0040060c       0x24 ./..\libarduino_sam3s_ek_gcc_dbg.a(Print.o)
                0x0040060c                Print::print(char)
 .text._ZN5Print7printlnEv
                0x00400630       0x28 ./..\libarduino_sam3s_ek_gcc_dbg.a(Print.o)
                0x00400630                Print::println()
 .text._ZN5Print7printlnEPKc
                0x00400658       0x28 ./..\libarduino_sam3s_ek_gcc_dbg.a(Print.o)
                0x00400658                Print::println(char const*)
 .text._ZN5PrintC2Ev
                0x00400680       0x20 ./..\libarduino_sam3s_ek_gcc_dbg.a(UART.o)
                0x00400680                Print::Print()
                0x00400680                Print::Print()
 .text._ZN6StreamC2Ev
                0x004006a0       0x2c ./..\libarduino_sam3s_ek_gcc_dbg.a(UART.o)
                0x004006a0                Stream::Stream()
                0x004006a0                Stream::Stream()
 .text._ZN14HardwareSerialC2Ev
                0x004006cc       0x2c ./..\libarduino_sam3s_ek_gcc_dbg.a(UART.o)
                0x004006cc                HardwareSerial::HardwareSerial()
                0x004006cc                HardwareSerial::HardwareSerial()
 .text._ZN9UARTClassC2EP4Uart4IRQnmP12_ring_bufferS4_
                0x004006f8       0x50 ./..\libarduino_sam3s_ek_gcc_dbg.a(UART.o)
                0x004006f8                UARTClass::UARTClass(Uart*, IRQn, unsigned long, _ring_buffer*, _ring_buffer*)
                0x004006f8                UARTClass::UARTClass(Uart*, IRQn, unsigned long, _ring_buffer*, _ring_buffer*)
 .text._ZN9UARTClass5beginEm
                0x00400748       0x5c ./..\libarduino_sam3s_ek_gcc_dbg.a(UART.o)
                0x00400748                UARTClass::begin(unsigned long)
 .text._ZN9UARTClass3endEv
                0x004007a4       0x44 ./..\libarduino_sam3s_ek_gcc_dbg.a(UART.o)
                0x004007a4                UARTClass::end()
 .text._ZN9UARTClass9availableEv
                0x004007e8       0x2c ./..\libarduino_sam3s_ek_gcc_dbg.a(UART.o)
                0x004007e8                UARTClass::available()
 .text._ZN9UARTClass4peekEv
                0x00400814       0x40 ./..\libarduino_sam3s_ek_gcc_dbg.a(UART.o)
                0x00400814                UARTClass::peek()
 .text._ZN9UARTClass4readEv
                0x00400854       0x58 ./..\libarduino_sam3s_ek_gcc_dbg.a(UART.o)
                0x00400854                UARTClass::read()
 .text._ZN9UARTClass5flushEv
                0x004008ac       0x2c ./..\libarduino_sam3s_ek_gcc_dbg.a(UART.o)
                0x004008ac                UARTClass::flush()
 .text._ZN9UARTClass5writeEh
                0x004008d8       0x88 ./..\libarduino_sam3s_ek_gcc_dbg.a(UART.o)
                0x004008d8                UARTClass::write(unsigned char)
 .text.main     0x00400960       0x20 ./..\libarduino_sam3s_ek_gcc_dbg.a(main.o)
                0x00400960                main
 .text._Z41__static_initialization_and_destruction_0ii
                0x00400980       0x78 ./..\libarduino_sam3s_ek_gcc_dbg.a(variant.o)
 .text._GLOBAL__I_rx_buffer1
                0x004009f8       0x18 ./..\libarduino_sam3s_ek_gcc_dbg.a(variant.o)
 .text.__cxa_pure_virtual
                0x00400a10        0x8 ./..\libarduino_sam3s_ek_gcc_dbg.a(cxxabi-compat.o)
                0x00400a10                __cxa_pure_virtual
 .text          0x00400a18       0x50 c:\codesourcery_2011.03-42\bin\../arm-none-eabi/lib/thumb2\libc.a(lib_a-init.o)
                0x00400a18                __libc_init_array
 .text          0x00400a68      0x57c c:\codesourcery_2011.03-42\bin\../arm-none-eabi/lib/thumb2\libc.a(lib_a-mallocr.o)
                0x00400a68                _malloc_r
 .text          0x00400fe4      0x150 c:\codesourcery_2011.03-42\bin\../arm-none-eabi/lib/thumb2\libc.a(lib_a-memcpy.o)
                0x00400fe4                memcpy
 .text          0x00401134       0xb4 c:\codesourcery_2011.03-42\bin\../arm-none-eabi/lib/thumb2\libc.a(lib_a-memmove.o)
                0x00401134                memmove
 .text          0x004011e8        0x8 c:\codesourcery_2011.03-42\bin\../arm-none-eabi/lib/thumb2\libc.a(lib_a-mlock.o)
                0x004011e8                __malloc_lock
                0x004011ec                __malloc_unlock
 .text          0x004011f0      0x41c c:\codesourcery_2011.03-42\bin\../arm-none-eabi/lib/thumb2\libc.a(lib_a-reallocr.o)
                0x004011f0                _realloc_r
 .text          0x0040160c       0x28 c:\codesourcery_2011.03-42\bin\../arm-none-eabi/lib/thumb2\libc.a(lib_a-sbrkr.o)
                0x0040160c                _sbrk_r
 .text          0x00401634      0x1dc c:\codesourcery_2011.03-42\bin\../arm-none-eabi/lib/thumb2\libc.a(lib_a-strcmp.o)
                0x00401634                strcmp
 .text          0x00401810       0x60 c:\codesourcery_2011.03-42\bin\../arm-none-eabi/lib/thumb2\libc.a(lib_a-strlen.o)
                0x00401810                strlen
 .text          0x00401870      0x240 c:\codesourcery_2011.03-42\bin\../arm-none-eabi/lib/thumb2\libc.a(lib_a-freer.o)
                0x00401870                _malloc_trim_r
                0x00401918                _free_r
 .text          0x00401ab0       0x8c c:\codesourcery_2011.03-42\bin\../arm-none-eabi/lib/thumb2\libc.a(lib_a-memchr.o)
                0x00401ab0                memchr
 .text.Dummy_Handler
                0x00401b3c        0x8 ./..\libchip_sam3s4_gcc_dbg.a(exceptions.o)
                0x00401b3c                DebugMon_Handler
                0x00401b3c                UART0_IrqHandler
                0x00401b3c                HardFault_Handler
                0x00401b3c                TWI1_IrqHandler
                0x00401b3c                SUPC_IrqHandler
                0x00401b3c                PendSV_Handler
                0x00401b3c                NMI_Handler
                0x00401b3c                PIOC_IrqHandler
                0x00401b3c                TC3_IrqHandler
                0x00401b3c                WDT_IrqHandler
                0x00401b3c                TC1_IrqHandler
                0x00401b3c                ACC_IrqHandler
                0x00401b3c                TC0_IrqHandler
                0x00401b3c                UsageFault_Handler
                0x00401b3c                USART1_IrqHandler
                0x00401b3c                RTT_IrqHandler
                0x00401b3c                SSC_IrqHandler
                0x00401b3c                TC5_IrqHandler
                0x00401b3c                TC4_IrqHandler
                0x00401b3c                Dummy_Handler
                0x00401b3c                PIOA_IrqHandler
                0x00401b3c                USART0_IrqHandler
                0x00401b3c                PIOB_IrqHandler
                0x00401b3c                DAC_IrqHandler
                0x00401b3c                TC2_IrqHandler
                0x00401b3c                MCI_IrqHandler
                0x00401b3c                USBD_IrqHandler
                0x00401b3c                CRCCU_IrqHandler
                0x00401b3c                MemManage_Handler
                0x00401b3c                UART1_IrqHandler
                0x00401b3c                SVC_Handler
                0x00401b3c                SPI_IrqHandler
                0x00401b3c                RTC_IrqHandler
                0x00401b3c                EEFC_IrqHandler
                0x00401b3c                RSTC_IrqHandler
                0x00401b3c                SMC_IrqHandler
                0x00401b3c                PMC_IrqHandler
                0x00401b3c                BusFault_Handler
                0x00401b3c                TWI0_IrqHandler
                0x00401b3c                ADC_IrqHandler
                0x00401b3c                PWM_IrqHandler
 .text.PIO_DisableInterrupt
                0x00401b44       0x1c ./..\libchip_sam3s4_gcc_dbg.a(pio.o)
                0x00401b44                PIO_DisableInterrupt
 .text.PIO_PullUp
                0x00401b60       0x30 ./..\libchip_sam3s4_gcc_dbg.a(pio.o)
                0x00401b60                PIO_PullUp
 .text.PIO_SetPeripheral
                0x00401b90      0x10c ./..\libchip_sam3s4_gcc_dbg.a(pio.o)
                0x00401b90                PIO_SetPeripheral
 .text.PIO_SetInput
                0x00401c9c       0x80 ./..\libchip_sam3s4_gcc_dbg.a(pio.o)
                0x00401c9c                PIO_SetInput
 .text.PIO_SetOutput
                0x00401d1c       0x64 ./..\libchip_sam3s4_gcc_dbg.a(pio.o)
                0x00401d1c                PIO_SetOutput
 .text.PIO_Configure
                0x00401d80       0xf8 ./..\libchip_sam3s4_gcc_dbg.a(pio.o)
                0x00401d80                PIO_Configure
 .text.PMC_EnablePeripheral
                0x00401e78       0xa4 ./..\libchip_sam3s4_gcc_dbg.a(pmc.o)
                0x00401e78                PMC_EnablePeripheral
 .text.PMC_DisablePeripheral
                0x00401f1c       0xa4 ./..\libchip_sam3s4_gcc_dbg.a(pmc.o)
                0x00401f1c                PMC_DisablePeripheral
 .text.WDT_Disable
                0x00401fc0       0x1c ./..\libchip_sam3s4_gcc_dbg.a(wdt.o)
                0x00401fc0                WDT_Disable
 .text.TimeTick_Increment
                0x00401fdc       0x1c ./..\libchip_sam3s4_gcc_dbg.a(timetick.o)
                0x00401fdc                TimeTick_Increment
 .text._sbrk    0x00401ff8       0x40 ./..\libarduino_sam3s_ek_gcc_dbg.a(syscalls_sam3.o)
                0x00401ff8                _sbrk
 .text._close   0x00402038       0x18 ./..\libarduino_sam3s_ek_gcc_dbg.a(syscalls_sam3.o)
                0x00402038                _close
 .text._fstat   0x00402050       0x24 ./..\libarduino_sam3s_ek_gcc_dbg.a(syscalls_sam3.o)
                0x00402050                _fstat
 .text._isatty  0x00402074       0x18 ./..\libarduino_sam3s_ek_gcc_dbg.a(syscalls_sam3.o)
                0x00402074                _isatty
 .text._lseek   0x0040208c       0x1c ./..\libarduino_sam3s_ek_gcc_dbg.a(syscalls_sam3.o)
                0x0040208c                _lseek
 .text._read    0x004020a8       0x1c ./..\libarduino_sam3s_ek_gcc_dbg.a(syscalls_sam3.o)
                0x004020a8                _read
 .text._write   0x004020c4       0x3c ./..\libarduino_sam3s_ek_gcc_dbg.a(syscalls_sam3.o)
                0x004020c4                _write
 .text._exit    0x00402100       0x1c ./..\libarduino_sam3s_ek_gcc_dbg.a(syscalls_sam3.o)
                0x00402100                _exit
 .text._kill    0x0040211c       0x14 ./..\libarduino_sam3s_ek_gcc_dbg.a(syscalls_sam3.o)
                0x0040211c                _kill
 .text._getpid  0x00402130       0x10 ./..\libarduino_sam3s_ek_gcc_dbg.a(syscalls_sam3.o)
                0x00402130                _getpid
 .text          0x00402140      0x278 c:/codesourcery_2011.03-42/bin/../lib/gcc/arm-none-eabi/4.5.2/thumb2\libgcc.a(_udivsi3.o)
                0x00402140                __aeabi_uidiv
                0x00402140                __udivsi3
                0x0040239c                __aeabi_uidivmod
 .text          0x004023b8        0x4 c:/codesourcery_2011.03-42/bin/../lib/gcc/arm-none-eabi/4.5.2/thumb2\libgcc.a(_dvmd_tls.o)
                0x004023b8                __aeabi_idiv0
                0x004023b8                __aeabi_ldiv0
 .text          0x004023bc       0x54 c:\codesourcery_2011.03-42\bin\../arm-none-eabi/lib/thumb2\libc.a(lib_a-assert.o)
                0x004023bc                __assert_func
                0x00402404                __assert
 .text          0x00402410       0x4c c:\codesourcery_2011.03-42\bin\../arm-none-eabi/lib/thumb2\libc.a(lib_a-fiprintf.o)
                0x00402410                _fiprintf_r
                0x00402430                fiprintf
 .text          0x0040245c       0x64 c:\codesourcery_2011.03-42\bin\../arm-none-eabi/lib/thumb2\libc.a(lib_a-iprintf.o)
                0x0040245c                iprintf
                0x00402494                _iprintf_r
 .text          0x004024c0      0xdbc c:\codesourcery_2011.03-42\bin\../arm-none-eabi/lib/thumb2\libc.a(lib_a-vfiprintf.o)
                0x004024c0                __sprint_r
                0x00402544                _vfiprintf_r
                0x00403260                vfiprintf
 .text          0x0040327c      0x104 c:\codesourcery_2011.03-42\bin\../arm-none-eabi/lib/thumb2\libc.a(lib_a-wsetup.o)
                0x0040327c                __swsetup_r
 .text          0x00403380       0x10 c:\codesourcery_2011.03-42\bin\../arm-none-eabi/lib/thumb2\libc.a(lib_a-abort.o)
                0x00403380                abort
 .text          0x00403390      0x1ec c:\codesourcery_2011.03-42\bin\../arm-none-eabi/lib/thumb2\libc.a(lib_a-fflush.o)
                0x00403390                _fflush_r
                0x00403554                fflush
 .text          0x0040357c      0x220 c:\codesourcery_2011.03-42\bin\../arm-none-eabi/lib/thumb2\libc.a(lib_a-findfp.o)
                0x00403584                _cleanup_r
                0x00403590                __sfmoreglue
                0x004035c0                _cleanup
                0x004035cc                __sinit
                0x004036d4                __sfp
                0x0040375c                __sfp_lock_acquire
                0x00403760                __sfp_lock_release
                0x00403764                __sinit_lock_acquire
                0x00403768                __sinit_lock_release
                0x0040376c                __fp_lock_all
                0x00403784                __fp_unlock_all
 .text          0x0040379c      0x140 c:\codesourcery_2011.03-42\bin\../arm-none-eabi/lib/thumb2\libc.a(lib_a-fputwc.o)
                0x0040379c                _fputwc_r
                0x00403884                fputwc
 .text          0x004038dc      0x338 c:\codesourcery_2011.03-42\bin\../arm-none-eabi/lib/thumb2\libc.a(lib_a-fvwrite.o)
                0x004038dc                __sfvwrite_r
 .text          0x00403c14       0xac c:\codesourcery_2011.03-42\bin\../arm-none-eabi/lib/thumb2\libc.a(lib_a-fwalk.o)
                0x00403c14                _fwalk
                0x00403c68                _fwalk_reent
 .text          0x00403cc0       0xa0 c:\codesourcery_2011.03-42\bin\../arm-none-eabi/lib/thumb2\libc.a(lib_a-locale.o)
                0x00403cc0                _setlocale_r
                0x00403d1c                __locale_charset
                0x00403d28                __locale_mb_cur_max
                0x00403d34                __locale_msgcharset
                0x00403d3c                __locale_cjk_lang
                0x00403d40                _localeconv_r
                0x00403d48                setlocale
                0x00403d58                localeconv
 .text          0x00403d60       0xec c:\codesourcery_2011.03-42\bin\../arm-none-eabi/lib/thumb2\libc.a(lib_a-makebuf.o)
                0x00403d60                __smakebuf_r
 .text          0x00403e4c       0xb4 c:\codesourcery_2011.03-42\bin\../arm-none-eabi/lib/thumb2\libc.a(lib_a-memset.o)
                0x00403e4c                memset
 .text          0x00403f00      0x154 c:\codesourcery_2011.03-42\bin\../arm-none-eabi/lib/thumb2\libc.a(lib_a-signal.o)
                0x00403f00                _init_signal_r
                0x00403f30                _signal_r
                0x00403f6c                _raise_r
                0x00403fc4                __sigtramp_r
                0x00404018                raise
                0x00404028                signal
                0x00404038                _init_signal
                0x00404044                __sigtramp
 .text          0x00404054       0x30 c:\codesourcery_2011.03-42\bin\../arm-none-eabi/lib/thumb2\libc.a(lib_a-signalr.o)
                0x00404054                _kill_r
                0x00404080                _getpid_r
 .text          0x00404084       0x94 c:\codesourcery_2011.03-42\bin\../arm-none-eabi/lib/thumb2\libc.a(lib_a-stdio.o)
                0x00404084                __sread
                0x004040a8                __seofread
                0x004040ac                __swrite
                0x004040e8                __sseek
                0x00404110                __sclose
 .text          0x00404118       0xfc c:\codesourcery_2011.03-42\bin\../arm-none-eabi/lib/thumb2\libc.a(lib_a-wbuf.o)
                0x00404118                __swbuf_r
                0x00404204                __swbuf
 .text          0x00404214       0xd0 c:\codesourcery_2011.03-42\bin\../arm-none-eabi/lib/thumb2\libc.a(lib_a-wcrtomb.o)
                0x00404214                _wcrtomb_r
                0x00404270                wcrtomb
 .text          0x004042e4       0x4c c:\codesourcery_2011.03-42\bin\../arm-none-eabi/lib/thumb2\libc.a(lib_a-wctomb_r.o)
                0x004042e4                __ascii_wctomb
                0x00404300                _wctomb_r
 .text          0x00404330       0x2c c:\codesourcery_2011.03-42\bin\../arm-none-eabi/lib/thumb2\libc.a(lib_a-writer.o)
                0x00404330                _write_r
 .text          0x0040435c       0x28 c:\codesourcery_2011.03-42\bin\../arm-none-eabi/lib/thumb2\libc.a(lib_a-closer.o)
                0x0040435c                _close_r
 .text          0x00404384       0xc4 c:\codesourcery_2011.03-42\bin\../arm-none-eabi/lib/thumb2\libc.a(lib_a-fclose.o)
                0x00404384                _fclose_r
                0x00404438                fclose
 .text          0x00404448       0x2c c:\codesourcery_2011.03-42\bin\../arm-none-eabi/lib/thumb2\libc.a(lib_a-fstatr.o)
                0x00404448                _fstat_r
 .text          0x00404474       0x28 c:\codesourcery_2011.03-42\bin\../arm-none-eabi/lib/thumb2\libc.a(lib_a-isattyr.o)
                0x00404474                _isatty_r
 .text          0x0040449c       0x2c c:\codesourcery_2011.03-42\bin\../arm-none-eabi/lib/thumb2\libc.a(lib_a-lseekr.o)
                0x0040449c                _lseek_r
 .text          0x004044c8       0x2c c:\codesourcery_2011.03-42\bin\../arm-none-eabi/lib/thumb2\libc.a(lib_a-readr.o)
                0x004044c8                _read_r
 .text          0x004044f4       0x2c c:/codesourcery_2011.03-42/bin/../lib/gcc/arm-none-eabi/4.5.2/thumb2\libgcc.a(_aeabi_uldivmod.o)
                0x004044f4                __aeabi_uldivmod
 .text          0x00404520       0x60 c:/codesourcery_2011.03-42/bin/../lib/gcc/arm-none-eabi/4.5.2/thumb2\libgcc.a(bpabi.o)
                0x00404520                __gnu_ldivmod_helper
                0x00404550                __gnu_uldivmod_helper
 .text          0x00404580      0x360 c:/codesourcery_2011.03-42/bin/../lib/gcc/arm-none-eabi/4.5.2/thumb2\libgcc.a(_divdi3.o)
                0x00404580                __divdi3
 .text          0x004048e0      0x308 c:/codesourcery_2011.03-42/bin/../lib/gcc/arm-none-eabi/4.5.2/thumb2\libgcc.a(_udivdi3.o)
                0x004048e0                __udivdi3
 *(.glue_7t)
 .glue_7t       0x00000000        0x0 linker stubs
 *(.glue_7)
 .glue_7        0x00000000        0x0 linker stubs
 *(.rodata .rodata* .gnu.linkonce.r.*)
 .rodata        0x00404be8      0x404 test.o
 .rodata        0x00404fec      0x3f4 ./..\libarduino_sam3s_ek_gcc_dbg.a(wiring.o)
 .rodata        0x004053e0      0x3f4 ./..\libarduino_sam3s_ek_gcc_dbg.a(wiring_digital.o)
 *fill*         0x004057d4        0x4 00
 .rodata        0x004057d8      0x410 ./..\libarduino_sam3s_ek_gcc_dbg.a(Print.o)
                0x004057e0                vtable for Print
 .rodata        0x00405be8      0x420 ./..\libarduino_sam3s_ek_gcc_dbg.a(UART.o)
                0x00405be8                vtable for UARTClass
 .rodata._ZTV14HardwareSerial
                0x00406008       0x30 ./..\libarduino_sam3s_ek_gcc_dbg.a(UART.o)
                0x00406008                vtable for HardwareSerial
 .rodata._ZTV6Stream
                0x00406038       0x28 ./..\libarduino_sam3s_ek_gcc_dbg.a(UART.o)
                0x00406038                vtable for Stream
 .rodata        0x00406060        0x4 c:\codesourcery_2011.03-42\bin\../arm-none-eabi/lib/thumb2\libc.a(lib_a-impure.o)
                0x00406060                _global_impure_ptr
 .rodata.str1.4
                0x00406064        0x2 c:\codesourcery_2011.03-42\bin\../arm-none-eabi/lib/thumb2\libc.a(lib_a-impure.o)
                                  0x4 (size before relaxing)
 *fill*         0x00406066        0x2 00
 .rodata        0x00406068       0x60 ./..\libchip_sam3s4_gcc_dbg.a(pmc.o)
 .rodata        0x004060c8       0x1c ./..\libarduino_sam3s_ek_gcc_dbg.a(syscalls_sam3.o)
 .rodata.str1.4
                0x004060e4       0x3f c:\codesourcery_2011.03-42\bin\../arm-none-eabi/lib/thumb2\libc.a(lib_a-assert.o)
                                 0x44 (size before relaxing)
 *fill*         0x00406123        0x1 00
 .rodata        0x00406124       0x20 c:\codesourcery_2011.03-42\bin\../arm-none-eabi/lib/thumb2\libc.a(lib_a-vfiprintf.o)
 .rodata.str1.4
                0x00406144       0x2f c:\codesourcery_2011.03-42\bin\../arm-none-eabi/lib/thumb2\libc.a(lib_a-vfiprintf.o)
                                 0x30 (size before relaxing)
 *fill*         0x00406173        0x1 00
 .rodata        0x00406174       0x60 c:\codesourcery_2011.03-42\bin\../arm-none-eabi/lib/thumb2\libc.a(lib_a-findfp.o)
                0x00406174                __sf_fake_stdin
                0x00406194                __sf_fake_stdout
                0x004061b4                __sf_fake_stderr
 .rodata.str1.4
                0x004061d4        0xc c:\codesourcery_2011.03-42\bin\../arm-none-eabi/lib/thumb2\libc.a(lib_a-locale.o)
                                 0x14 (size before relaxing)
 *(.ARM.extab* .gnu.linkonce.armextab.*)
                0x004061e0                . = ALIGN (0x4)
 *(.init)
 .init          0x004061e0        0x4 c:/codesourcery_2011.03-42/bin/../lib/gcc/arm-none-eabi/4.5.2/thumb2/crti.o
                0x004061e0                _init
 .init          0x004061e4        0x8 c:/codesourcery_2011.03-42/bin/../lib/gcc/arm-none-eabi/4.5.2/thumb2/crtn.o
                0x004061ec                . = ALIGN (0x4)
                0x004061ec                __preinit_array_start = .
 *(.preinit_array)
                0x004061ec                __preinit_array_end = .
                0x004061ec                . = ALIGN (0x4)
                0x004061ec                __init_array_start = .
 *(SORT(.init_array.*))
 *(.init_array)
 .init_array    0x004061ec        0x4 c:/codesourcery_2011.03-42/bin/../lib/gcc/arm-none-eabi/4.5.2/thumb2/crtbegin.o
 .init_array    0x004061f0        0x4 ./..\libarduino_sam3s_ek_gcc_dbg.a(variant.o)
                0x004061f4                __init_array_end = .
                0x004061f4                . = ALIGN (0x4)
 *crtbegin.o(.ctors)
 *(EXCLUDE_FILE(*crtend.o) .ctors)
 *(SORT(.ctors.*))
 *crtend.o(.ctors)
                0x004061f4                . = ALIGN (0x4)
 *(.fini)
 .fini          0x004061f4        0x4 c:/codesourcery_2011.03-42/bin/../lib/gcc/arm-none-eabi/4.5.2/thumb2/crti.o
                0x004061f4                _fini
 .fini          0x004061f8        0x8 c:/codesourcery_2011.03-42/bin/../lib/gcc/arm-none-eabi/4.5.2/thumb2/crtn.o
                0x00406200                . = ALIGN (0x4)
                0x00406200                __fini_array_start = .
 *(.fini_array)
 .fini_array    0x00406200        0x4 c:/codesourcery_2011.03-42/bin/../lib/gcc/arm-none-eabi/4.5.2/thumb2/crtbegin.o
 *(SORT(.fini_array.*))
                0x00406204                __fini_array_end = .
 *crtbegin.o(.dtors)
 *(EXCLUDE_FILE(*crtend.o) .dtors)
 *(SORT(.dtors.*))
 *crtend.o(.dtors)
                0x00406204                . = ALIGN (0x4)
                0x00406204                _efixed = .
                0x00406204                PROVIDE (__exidx_start, .)

.jcr            0x00406204        0x0
 .jcr           0x00406204        0x0 c:/codesourcery_2011.03-42/bin/../lib/gcc/arm-none-eabi/4.5.2/thumb2/crtbegin.o

.vfp11_veneer   0x00406204        0x0
 .vfp11_veneer  0x00000000        0x0 linker stubs

.v4_bx          0x00406204        0x0
 .v4_bx         0x00000000        0x0 linker stubs

.ARM.exidx      0x00406204        0x8
 *(.ARM.exidx* .gnu.linkonce.armexidx.*)
 .ARM.exidx     0x00406204        0x8 c:/codesourcery_2011.03-42/bin/../lib/gcc/arm-none-eabi/4.5.2/thumb2\libgcc.a(_divdi3.o)
 .ARM.exidx     0x0040620c        0x0 c:/codesourcery_2011.03-42/bin/../lib/gcc/arm-none-eabi/4.5.2/thumb2\libgcc.a(_udivdi3.o)
                                  0x8 (size before relaxing)
                0x0040620c                PROVIDE (__exidx_end, .)
                0x0040620c                . = ALIGN (0x4)
                0x0040620c                _etext = .

.relocate       0x20000000      0x584 load address 0x0040620c
                0x20000000                . = ALIGN (0x4)
                0x20000000                _srelocate = .
 *(.ramfunc .ramfunc.*)
 *(.data .data.*)
 .data          0x20000000      0x410 c:\codesourcery_2011.03-42\bin\../arm-none-eabi/lib/thumb2\libc.a(lib_a-mallocr.o)
                0x20000000                __malloc_av_
                0x20000408                __malloc_sbrk_base
                0x2000040c                __malloc_trim_threshold
 .data          0x20000410       0xf4 c:\codesourcery_2011.03-42\bin\../arm-none-eabi/lib/thumb2\libc.a(lib_a-impure.o)
                0x20000410                _impure_ptr
 .data          0x20000504       0x7c c:\codesourcery_2011.03-42\bin\../arm-none-eabi/lib/thumb2\libc.a(lib_a-locale.o)
                0x20000524                __mb_cur_max
 .data          0x20000580        0x4 c:\codesourcery_2011.03-42\bin\../arm-none-eabi/lib/thumb2\libc.a(lib_a-wctomb_r.o)
                0x20000580                __wctomb
                0x20000584                . = ALIGN (0x4)
                0x20000584                _erelocate = .

.bss            0x20000584      0x194 load address 0x00406790
                0x20000584                . = ALIGN (0x4)
                0x20000584                _sbss = .
                0x20000584                _szero = .
 *(.bss .bss.*)
 .bss           0x20000584        0x1 c:/codesourcery_2011.03-42/bin/../lib/gcc/arm-none-eabi/4.5.2/thumb2/crtbegin.o
 *fill*         0x20000585        0x3 00
 .bss           0x20000588      0x150 ./..\libarduino_sam3s_ek_gcc_dbg.a(variant.o)
                0x20000588                rx_buffer1
                0x200005d0                tx_buffer1
                0x20000618                rx_buffer2
                0x20000660                tx_buffer2
                0x200006a8                Serial1
                0x200006c0                Serial2
 .bss           0x200006d8       0x34 c:\codesourcery_2011.03-42\bin\../arm-none-eabi/lib/thumb2\libc.a(lib_a-mallocr.o)
                0x200006d8                __malloc_top_pad
                0x200006dc                __malloc_current_mallinfo
                0x20000704                __malloc_max_sbrked_mem
                0x20000708                __malloc_max_total_mem
 .bss           0x2000070c        0x4 ./..\libchip_sam3s4_gcc_dbg.a(timetick.o)
 .bss           0x20000710        0x4 ./..\libarduino_sam3s_ek_gcc_dbg.a(syscalls_sam3.o)
 *(COMMON)
 COMMON         0x20000714        0x4 c:\codesourcery_2011.03-42\bin\../arm-none-eabi/lib/thumb2\libc.a(lib_a-reent.o)
                0x20000714                errno
                0x20000718                . = ALIGN (0x4)
                0x20000718                _ebss = .
                0x20000718                _ezero = .

.stack          0x20000718     0x2400 load address 0x00406924
                0x20000718                . = ALIGN (0x8)
 *(.stack .stack.*)
 .stack         0x20000718     0x2400 ./..\libarduino_sam3s_ek_gcc_dbg.a(board_cstartup_gnu_sam3.o)
                0x20000718                pdwStack
                0x20002b18                . = ALIGN (0x4)
                0x20002b18                _end = .
OUTPUT(./test_gcc_dbg.elf elf32-littlearm)

.ARM.attributes
                0x00000000       0x25
 .ARM.attributes
                0x00000000       0x19 c:/codesourcery_2011.03-42/bin/../lib/gcc/arm-none-eabi/4.5.2/thumb2/crti.o
 .ARM.attributes
                0x00000019       0x29 c:/codesourcery_2011.03-42/bin/../lib/gcc/arm-none-eabi/4.5.2/thumb2/crtbegin.o
 .ARM.attributes
                0x00000042       0x31 test.o
 .ARM.attributes
                0x00000073       0x31 ./..\libarduino_sam3s_ek_gcc_dbg.a(board_cstartup_gnu_sam3.o)
 .ARM.attributes
                0x000000a4       0x31 ./..\libarduino_sam3s_ek_gcc_dbg.a(wiring.o)
 .ARM.attributes
                0x000000d5       0x31 ./..\libarduino_sam3s_ek_gcc_dbg.a(wiring_digital.o)
 .ARM.attributes
                0x00000106       0x31 ./..\libarduino_sam3s_ek_gcc_dbg.a(Print.o)
 .ARM.attributes
                0x00000137       0x31 ./..\libarduino_sam3s_ek_gcc_dbg.a(UART.o)
 .ARM.attributes
                0x00000168       0x31 ./..\libarduino_sam3s_ek_gcc_dbg.a(WString.o)
 .ARM.attributes
                0x00000199       0x31 ./..\libarduino_sam3s_ek_gcc_dbg.a(main.o)
 .ARM.attributes
                0x000001ca       0x31 ./..\libarduino_sam3s_ek_gcc_dbg.a(variant.o)
 .ARM.attributes
                0x000001fb       0x31 ./..\libarduino_sam3s_ek_gcc_dbg.a(cxxabi-compat.o)
 .ARM.attributes
                0x0000022c       0x31 ./..\libarduino_sam3s_ek_gcc_dbg.a(HardwareSerial.o)
 .ARM.attributes
                0x0000025d       0x1b c:/codesourcery_2011.03-42/bin/../lib/gcc/arm-none-eabi/4.5.2/thumb2\libgcc.a(_arm_addsubdf3.o)
 .ARM.attributes
                0x00000278       0x1b c:/codesourcery_2011.03-42/bin/../lib/gcc/arm-none-eabi/4.5.2/thumb2\libgcc.a(_arm_muldivdf3.o)
 .ARM.attributes
                0x00000293       0x1b c:/codesourcery_2011.03-42/bin/../lib/gcc/arm-none-eabi/4.5.2/thumb2\libgcc.a(_arm_cmpdf2.o)
 .ARM.attributes
                0x000002ae       0x1b c:/codesourcery_2011.03-42/bin/../lib/gcc/arm-none-eabi/4.5.2/thumb2\libgcc.a(_arm_fixdfsi.o)
 .ARM.attributes
                0x000002c9       0x1b c:/codesourcery_2011.03-42/bin/../lib/gcc/arm-none-eabi/4.5.2/thumb2\libgcc.a(_arm_fixunsdfsi.o)
 .ARM.attributes
                0x000002e4       0x29 c:\codesourcery_2011.03-42\bin\../arm-none-eabi/lib/thumb2\libc.a(lib_a-atol.o)
 .ARM.attributes
                0x0000030d       0x29 c:\codesourcery_2011.03-42\bin\../arm-none-eabi/lib/thumb2\libc.a(lib_a-init.o)
 .ARM.attributes
                0x00000336       0x29 c:\codesourcery_2011.03-42\bin\../arm-none-eabi/lib/thumb2\libc.a(lib_a-isspace.o)
 .ARM.attributes
                0x0000035f       0x29 c:\codesourcery_2011.03-42\bin\../arm-none-eabi/lib/thumb2\libc.a(lib_a-malloc.o)
 .ARM.attributes
                0x00000388       0x29 c:\codesourcery_2011.03-42\bin\../arm-none-eabi/lib/thumb2\libc.a(lib_a-mallocr.o)
 .ARM.attributes
                0x000003b1       0x29 c:\codesourcery_2011.03-42\bin\../arm-none-eabi/lib/thumb2\libc.a(lib_a-memcpy.o)
 .ARM.attributes
                0x000003da       0x29 c:\codesourcery_2011.03-42\bin\../arm-none-eabi/lib/thumb2\libc.a(lib_a-memmove.o)
 .ARM.attributes
                0x00000403       0x29 c:\codesourcery_2011.03-42\bin\../arm-none-eabi/lib/thumb2\libc.a(lib_a-mlock.o)
 .ARM.attributes
                0x0000042c       0x29 c:\codesourcery_2011.03-42\bin\../arm-none-eabi/lib/thumb2\libc.a(lib_a-realloc.o)
 .ARM.attributes
                0x00000455       0x29 c:\codesourcery_2011.03-42\bin\../arm-none-eabi/lib/thumb2\libc.a(lib_a-reallocr.o)
 .ARM.attributes
                0x0000047e       0x29 c:\codesourcery_2011.03-42\bin\../arm-none-eabi/lib/thumb2\libc.a(lib_a-sbrkr.o)
 .ARM.attributes
                0x000004a7       0x29 c:\codesourcery_2011.03-42\bin\../arm-none-eabi/lib/thumb2\libc.a(lib_a-strchr.o)
 .ARM.attributes
                0x000004d0       0x29 c:\codesourcery_2011.03-42\bin\../arm-none-eabi/lib/thumb2\libc.a(lib_a-strcmp.o)
 .ARM.attributes
                0x000004f9       0x29 c:\codesourcery_2011.03-42\bin\../arm-none-eabi/lib/thumb2\libc.a(lib_a-strcpy.o)
 .ARM.attributes
                0x00000522       0x29 c:\codesourcery_2011.03-42\bin\../arm-none-eabi/lib/thumb2\libc.a(lib_a-strlen.o)
 .ARM.attributes
                0x0000054b       0x29 c:\codesourcery_2011.03-42\bin\../arm-none-eabi/lib/thumb2\libc.a(lib_a-strncmp.o)
 .ARM.attributes
                0x00000574       0x29 c:\codesourcery_2011.03-42\bin\../arm-none-eabi/lib/thumb2\libc.a(lib_a-strncpy.o)
 .ARM.attributes
                0x0000059d       0x29 c:\codesourcery_2011.03-42\bin\../arm-none-eabi/lib/thumb2\libc.a(lib_a-strrchr.o)
 .ARM.attributes
                0x000005c6       0x29 c:\codesourcery_2011.03-42\bin\../arm-none-eabi/lib/thumb2\libc.a(lib_a-strstr.o)
 .ARM.attributes
                0x000005ef       0x29 c:\codesourcery_2011.03-42\bin\../arm-none-eabi/lib/thumb2\libc.a(lib_a-strtol.o)
 .ARM.attributes
                0x00000618       0x29 c:\codesourcery_2011.03-42\bin\../arm-none-eabi/lib/thumb2\libc.a(lib_a-tolower.o)
 .ARM.attributes
                0x00000641       0x29 c:\codesourcery_2011.03-42\bin\../arm-none-eabi/lib/thumb2\libc.a(lib_a-toupper.o)
 .ARM.attributes
                0x0000066a       0x29 c:\codesourcery_2011.03-42\bin\../arm-none-eabi/lib/thumb2\libc.a(lib_a-ctype_.o)
 .ARM.attributes
                0x00000693       0x29 c:\codesourcery_2011.03-42\bin\../arm-none-eabi/lib/thumb2\libc.a(lib_a-freer.o)
 .ARM.attributes
                0x000006bc       0x29 c:\codesourcery_2011.03-42\bin\../arm-none-eabi/lib/thumb2\libc.a(lib_a-impure.o)
 .ARM.attributes
                0x000006e5       0x29 c:\codesourcery_2011.03-42\bin\../arm-none-eabi/lib/thumb2\libc.a(lib_a-memchr.o)
 .ARM.attributes
                0x0000070e       0x29 c:\codesourcery_2011.03-42\bin\../arm-none-eabi/lib/thumb2\libc.a(lib_a-memcmp.o)
 .ARM.attributes
                0x00000737       0x29 c:\codesourcery_2011.03-42\bin\../arm-none-eabi/lib/thumb2\libc.a(lib_a-reent.o)
 .ARM.attributes
                0x00000760       0x31 ./..\libchip_sam3s4_gcc_dbg.a(exceptions.o)
 .ARM.attributes
                0x00000791       0x31 ./..\libchip_sam3s4_gcc_dbg.a(pio.o)
 .ARM.attributes
                0x000007c2       0x31 ./..\libchip_sam3s4_gcc_dbg.a(pmc.o)
 .ARM.attributes
                0x000007f3       0x31 ./..\libchip_sam3s4_gcc_dbg.a(wdt.o)
 .ARM.attributes
                0x00000824       0x31 ./..\libchip_sam3s4_gcc_dbg.a(timetick.o)
 .ARM.attributes
                0x00000855       0x31 ./..\libarduino_sam3s_ek_gcc_dbg.a(syscalls_sam3.o)
 .ARM.attributes
                0x00000886       0x1b c:/codesourcery_2011.03-42/bin/../lib/gcc/arm-none-eabi/4.5.2/thumb2\libgcc.a(_udivsi3.o)
 .ARM.attributes
                0x000008a1       0x1b c:/codesourcery_2011.03-42/bin/../lib/gcc/arm-none-eabi/4.5.2/thumb2\libgcc.a(_dvmd_tls.o)
 .ARM.attributes
                0x000008bc       0x29 c:\codesourcery_2011.03-42\bin\../arm-none-eabi/lib/thumb2\libc.a(lib_a-assert.o)
 .ARM.attributes
                0x000008e5       0x29 c:\codesourcery_2011.03-42\bin\../arm-none-eabi/lib/thumb2\libc.a(lib_a-fiprintf.o)
 .ARM.attributes
                0x0000090e       0x29 c:\codesourcery_2011.03-42\bin\../arm-none-eabi/lib/thumb2\libc.a(lib_a-iprintf.o)
 .ARM.attributes
                0x00000937       0x29 c:\codesourcery_2011.03-42\bin\../arm-none-eabi/lib/thumb2\libc.a(lib_a-vfiprintf.o)
 .ARM.attributes
                0x00000960       0x29 c:\codesourcery_2011.03-42\bin\../arm-none-eabi/lib/thumb2\libc.a(lib_a-wsetup.o)
 .ARM.attributes
                0x00000989       0x29 c:\codesourcery_2011.03-42\bin\../arm-none-eabi/lib/thumb2\libc.a(lib_a-abort.o)
 .ARM.attributes
                0x000009b2       0x29 c:\codesourcery_2011.03-42\bin\../arm-none-eabi/lib/thumb2\libc.a(lib_a-fflush.o)
 .ARM.attributes
                0x000009db       0x29 c:\codesourcery_2011.03-42\bin\../arm-none-eabi/lib/thumb2\libc.a(lib_a-findfp.o)
 .ARM.attributes
                0x00000a04       0x29 c:\codesourcery_2011.03-42\bin\../arm-none-eabi/lib/thumb2\libc.a(lib_a-fputwc.o)
 .ARM.attributes
                0x00000a2d       0x29 c:\codesourcery_2011.03-42\bin\../arm-none-eabi/lib/thumb2\libc.a(lib_a-fvwrite.o)
 .ARM.attributes
                0x00000a56       0x29 c:\codesourcery_2011.03-42\bin\../arm-none-eabi/lib/thumb2\libc.a(lib_a-fwalk.o)
 .ARM.attributes
                0x00000a7f       0x29 c:\codesourcery_2011.03-42\bin\../arm-none-eabi/lib/thumb2\libc.a(lib_a-locale.o)
 .ARM.attributes
                0x00000aa8       0x29 c:\codesourcery_2011.03-42\bin\../arm-none-eabi/lib/thumb2\libc.a(lib_a-makebuf.o)
 .ARM.attributes
                0x00000ad1       0x29 c:\codesourcery_2011.03-42\bin\../arm-none-eabi/lib/thumb2\libc.a(lib_a-memset.o)
 .ARM.attributes
                0x00000afa       0x29 c:\codesourcery_2011.03-42\bin\../arm-none-eabi/lib/thumb2\libc.a(lib_a-signal.o)
 .ARM.attributes
                0x00000b23       0x29 c:\codesourcery_2011.03-42\bin\../arm-none-eabi/lib/thumb2\libc.a(lib_a-signalr.o)
 .ARM.attributes
                0x00000b4c       0x29 c:\codesourcery_2011.03-42\bin\../arm-none-eabi/lib/thumb2\libc.a(lib_a-stdio.o)
 .ARM.attributes
                0x00000b75       0x29 c:\codesourcery_2011.03-42\bin\../arm-none-eabi/lib/thumb2\libc.a(lib_a-wbuf.o)
 .ARM.attributes
                0x00000b9e       0x29 c:\codesourcery_2011.03-42\bin\../arm-none-eabi/lib/thumb2\libc.a(lib_a-wcrtomb.o)
 .ARM.attributes
                0x00000bc7       0x29 c:\codesourcery_2011.03-42\bin\../arm-none-eabi/lib/thumb2\libc.a(lib_a-wctomb_r.o)
 .ARM.attributes
                0x00000bf0       0x29 c:\codesourcery_2011.03-42\bin\../arm-none-eabi/lib/thumb2\libc.a(lib_a-writer.o)
 .ARM.attributes
                0x00000c19       0x29 c:\codesourcery_2011.03-42\bin\../arm-none-eabi/lib/thumb2\libc.a(lib_a-closer.o)
 .ARM.attributes
                0x00000c42       0x29 c:\codesourcery_2011.03-42\bin\../arm-none-eabi/lib/thumb2\libc.a(lib_a-fclose.o)
 .ARM.attributes
                0x00000c6b       0x29 c:\codesourcery_2011.03-42\bin\../arm-none-eabi/lib/thumb2\libc.a(lib_a-fstatr.o)
 .ARM.attributes
                0x00000c94       0x29 c:\codesourcery_2011.03-42\bin\../arm-none-eabi/lib/thumb2\libc.a(lib_a-isattyr.o)
 .ARM.attributes
                0x00000cbd       0x29 c:\codesourcery_2011.03-42\bin\../arm-none-eabi/lib/thumb2\libc.a(lib_a-lseekr.o)
 .ARM.attributes
                0x00000ce6       0x29 c:\codesourcery_2011.03-42\bin\../arm-none-eabi/lib/thumb2\libc.a(lib_a-readr.o)
 .ARM.attributes
                0x00000d0f       0x1b c:/codesourcery_2011.03-42/bin/../lib/gcc/arm-none-eabi/4.5.2/thumb2\libgcc.a(_aeabi_uldivmod.o)
 .ARM.attributes
                0x00000d2a       0x29 c:/codesourcery_2011.03-42/bin/../lib/gcc/arm-none-eabi/4.5.2/thumb2\libgcc.a(bpabi.o)
 .ARM.attributes
                0x00000d53       0x29 c:/codesourcery_2011.03-42/bin/../lib/gcc/arm-none-eabi/4.5.2/thumb2\libgcc.a(_divdi3.o)
 .ARM.attributes
                0x00000d7c       0x29 c:/codesourcery_2011.03-42/bin/../lib/gcc/arm-none-eabi/4.5.2/thumb2\libgcc.a(_udivdi3.o)
 .ARM.attributes
                0x00000da5       0x29 c:/codesourcery_2011.03-42/bin/../lib/gcc/arm-none-eabi/4.5.2/thumb2/crtend.o
 .ARM.attributes
                0x00000dce       0x19 c:/codesourcery_2011.03-42/bin/../lib/gcc/arm-none-eabi/4.5.2/thumb2/crtn.o

.comment        0x00000000       0x2a
 .comment       0x00000000       0x2a test.o
                                 0x2b (size before relaxing)
 .comment       0x00000000       0x2b ./..\libarduino_sam3s_ek_gcc_dbg.a(board_cstartup_gnu_sam3.o)
 .comment       0x00000000       0x2b ./..\libarduino_sam3s_ek_gcc_dbg.a(wiring.o)
 .comment       0x00000000       0x2b ./..\libarduino_sam3s_ek_gcc_dbg.a(wiring_digital.o)
 .comment       0x00000000       0x2b ./..\libarduino_sam3s_ek_gcc_dbg.a(Print.o)
 .comment       0x00000000       0x2b ./..\libarduino_sam3s_ek_gcc_dbg.a(UART.o)
 .comment       0x00000000       0x2b ./..\libarduino_sam3s_ek_gcc_dbg.a(WString.o)
 .comment       0x00000000       0x2b ./..\libarduino_sam3s_ek_gcc_dbg.a(main.o)
 .comment       0x00000000       0x2b ./..\libarduino_sam3s_ek_gcc_dbg.a(variant.o)
 .comment       0x00000000       0x2b ./..\libarduino_sam3s_ek_gcc_dbg.a(cxxabi-compat.o)
 .comment       0x00000000       0x2b ./..\libarduino_sam3s_ek_gcc_dbg.a(HardwareSerial.o)
 .comment       0x00000000       0x2b ./..\libchip_sam3s4_gcc_dbg.a(exceptions.o)
 .comment       0x00000000       0x2b ./..\libchip_sam3s4_gcc_dbg.a(pio.o)
 .comment       0x00000000       0x2b ./..\libchip_sam3s4_gcc_dbg.a(pmc.o)
 .comment       0x00000000       0x2b ./..\libchip_sam3s4_gcc_dbg.a(wdt.o)
 .comment       0x00000000       0x2b ./..\libchip_sam3s4_gcc_dbg.a(timetick.o)
 .comment       0x00000000       0x2b ./..\libarduino_sam3s_ek_gcc_dbg.a(syscalls_sam3.o)

.debug_abbrev   0x00000000     0x1716
 .debug_abbrev  0x00000000      0x112 test.o
 .debug_abbrev  0x00000112      0x169 ./..\libarduino_sam3s_ek_gcc_dbg.a(board_cstartup_gnu_sam3.o)
 .debug_abbrev  0x0000027b      0x1fc ./..\libarduino_sam3s_ek_gcc_dbg.a(wiring.o)
 .debug_abbrev  0x00000477      0x12f ./..\libarduino_sam3s_ek_gcc_dbg.a(wiring_digital.o)
 .debug_abbrev  0x000005a6      0x2af ./..\libarduino_sam3s_ek_gcc_dbg.a(Print.o)
 .debug_abbrev  0x00000855      0x28a ./..\libarduino_sam3s_ek_gcc_dbg.a(UART.o)
 .debug_abbrev  0x00000adf      0x2d0 ./..\libarduino_sam3s_ek_gcc_dbg.a(WString.o)
 .debug_abbrev  0x00000daf       0xfa ./..\libarduino_sam3s_ek_gcc_dbg.a(main.o)
 .debug_abbrev  0x00000ea9      0x153 ./..\libarduino_sam3s_ek_gcc_dbg.a(variant.o)
 .debug_abbrev  0x00000ffc       0x29 ./..\libarduino_sam3s_ek_gcc_dbg.a(cxxabi-compat.o)
 .debug_abbrev  0x00001025       0xc7 ./..\libarduino_sam3s_ek_gcc_dbg.a(HardwareSerial.o)
 .debug_abbrev  0x000010ec       0x66 ./..\libchip_sam3s4_gcc_dbg.a(exceptions.o)
 .debug_abbrev  0x00001152      0x12a ./..\libchip_sam3s4_gcc_dbg.a(pio.o)
 .debug_abbrev  0x0000127c       0xf4 ./..\libchip_sam3s4_gcc_dbg.a(pmc.o)
 .debug_abbrev  0x00001370       0xc9 ./..\libchip_sam3s4_gcc_dbg.a(wdt.o)
 .debug_abbrev  0x00001439      0x1ce ./..\libchip_sam3s4_gcc_dbg.a(timetick.o)
 .debug_abbrev  0x00001607      0x10f ./..\libarduino_sam3s_ek_gcc_dbg.a(syscalls_sam3.o)

.debug_info     0x00000000     0xa8f8
 .debug_info    0x00000000      0x7f9 test.o
 .debug_info    0x000007f9      0xaa5 ./..\libarduino_sam3s_ek_gcc_dbg.a(board_cstartup_gnu_sam3.o)
 .debug_info    0x0000129e     0x1042 ./..\libarduino_sam3s_ek_gcc_dbg.a(wiring.o)
 .debug_info    0x000022e0      0x85b ./..\libarduino_sam3s_ek_gcc_dbg.a(wiring_digital.o)
 .debug_info    0x00002b3b     0x1b70 ./..\libarduino_sam3s_ek_gcc_dbg.a(Print.o)
 .debug_info    0x000046ab     0x11b1 ./..\libarduino_sam3s_ek_gcc_dbg.a(UART.o)
 .debug_info    0x0000585c     0x206a ./..\libarduino_sam3s_ek_gcc_dbg.a(WString.o)
 .debug_info    0x000078c6      0x7d6 ./..\libarduino_sam3s_ek_gcc_dbg.a(main.o)
 .debug_info    0x0000809c      0xb53 ./..\libarduino_sam3s_ek_gcc_dbg.a(variant.o)
 .debug_info    0x00008bef       0x3e ./..\libarduino_sam3s_ek_gcc_dbg.a(cxxabi-compat.o)
 .debug_info    0x00008c2d      0x12c ./..\libarduino_sam3s_ek_gcc_dbg.a(HardwareSerial.o)
 .debug_info    0x00008d59       0xb8 ./..\libchip_sam3s4_gcc_dbg.a(exceptions.o)
 .debug_info    0x00008e11      0x96a ./..\libchip_sam3s4_gcc_dbg.a(pio.o)
 .debug_info    0x0000977b      0x457 ./..\libchip_sam3s4_gcc_dbg.a(pmc.o)
 .debug_info    0x00009bd2      0x1df ./..\libchip_sam3s4_gcc_dbg.a(wdt.o)
 .debug_info    0x00009db1      0x66b ./..\libchip_sam3s4_gcc_dbg.a(timetick.o)
 .debug_info    0x0000a41c      0x4dc ./..\libarduino_sam3s_ek_gcc_dbg.a(syscalls_sam3.o)

.debug_line     0x00000000     0x234e
 .debug_line    0x00000000      0x16d test.o
 .debug_line    0x0000016d      0x191 ./..\libarduino_sam3s_ek_gcc_dbg.a(board_cstartup_gnu_sam3.o)
 .debug_line    0x000002fe      0x22a ./..\libarduino_sam3s_ek_gcc_dbg.a(wiring.o)
 .debug_line    0x00000528      0x193 ./..\libarduino_sam3s_ek_gcc_dbg.a(wiring_digital.o)
 .debug_line    0x000006bb      0x437 ./..\libarduino_sam3s_ek_gcc_dbg.a(Print.o)
 .debug_line    0x00000af2      0x2de ./..\libarduino_sam3s_ek_gcc_dbg.a(UART.o)
 .debug_line    0x00000dd0      0x809 ./..\libarduino_sam3s_ek_gcc_dbg.a(WString.o)
 .debug_line    0x000015d9      0x155 ./..\libarduino_sam3s_ek_gcc_dbg.a(main.o)
 .debug_line    0x0000172e      0x1a3 ./..\libarduino_sam3s_ek_gcc_dbg.a(variant.o)
 .debug_line    0x000018d1       0x47 ./..\libarduino_sam3s_ek_gcc_dbg.a(cxxabi-compat.o)
 .debug_line    0x00001918       0xcb ./..\libarduino_sam3s_ek_gcc_dbg.a(HardwareSerial.o)
 .debug_line    0x000019e3       0xe2 ./..\libchip_sam3s4_gcc_dbg.a(exceptions.o)
 .debug_line    0x00001ac5      0x1fb ./..\libchip_sam3s4_gcc_dbg.a(pio.o)
 .debug_line    0x00001cc0      0x17b ./..\libchip_sam3s4_gcc_dbg.a(pmc.o)
 .debug_line    0x00001e3b      0x13f ./..\libchip_sam3s4_gcc_dbg.a(wdt.o)
 .debug_line    0x00001f7a      0x1a1 ./..\libchip_sam3s4_gcc_dbg.a(timetick.o)
 .debug_line    0x0000211b      0x233 ./..\libarduino_sam3s_ek_gcc_dbg.a(syscalls_sam3.o)

.debug_loc      0x00000000     0x22a0
 .debug_loc     0x00000000       0x58 test.o
 .debug_loc     0x00000058       0x38 ./..\libarduino_sam3s_ek_gcc_dbg.a(board_cstartup_gnu_sam3.o)
 .debug_loc     0x00000090      0x184 ./..\libarduino_sam3s_ek_gcc_dbg.a(wiring.o)
 .debug_loc     0x00000214       0xa8 ./..\libarduino_sam3s_ek_gcc_dbg.a(wiring_digital.o)
 .debug_loc     0x000002bc      0x544 ./..\libarduino_sam3s_ek_gcc_dbg.a(Print.o)
 .debug_loc     0x00000800      0x2a0 ./..\libarduino_sam3s_ek_gcc_dbg.a(UART.o)
 .debug_loc     0x00000aa0      0xe3c ./..\libarduino_sam3s_ek_gcc_dbg.a(WString.o)
 .debug_loc     0x000018dc       0x2c ./..\libarduino_sam3s_ek_gcc_dbg.a(main.o)
 .debug_loc     0x00001908       0xbc ./..\libarduino_sam3s_ek_gcc_dbg.a(variant.o)
 .debug_loc     0x000019c4       0x2c ./..\libarduino_sam3s_ek_gcc_dbg.a(cxxabi-compat.o)
 .debug_loc     0x000019f0       0x38 ./..\libarduino_sam3s_ek_gcc_dbg.a(HardwareSerial.o)
 .debug_loc     0x00001a28       0x2c ./..\libchip_sam3s4_gcc_dbg.a(exceptions.o)
 .debug_loc     0x00001a54      0x268 ./..\libchip_sam3s4_gcc_dbg.a(pio.o)
 .debug_loc     0x00001cbc      0x100 ./..\libchip_sam3s4_gcc_dbg.a(pmc.o)
 .debug_loc     0x00001dbc      0x118 ./..\libchip_sam3s4_gcc_dbg.a(wdt.o)
 .debug_loc     0x00001ed4      0x170 ./..\libchip_sam3s4_gcc_dbg.a(timetick.o)
 .debug_loc     0x00002044      0x25c ./..\libarduino_sam3s_ek_gcc_dbg.a(syscalls_sam3.o)

.debug_pubnames
                0x00000000      0xd1d
 .debug_pubnames
                0x00000000       0x25 test.o
 .debug_pubnames
                0x00000025       0x42 ./..\libarduino_sam3s_ek_gcc_dbg.a(board_cstartup_gnu_sam3.o)
 .debug_pubnames
                0x00000067       0x87 ./..\libarduino_sam3s_ek_gcc_dbg.a(wiring.o)
 .debug_pubnames
                0x000000ee       0x3f ./..\libarduino_sam3s_ek_gcc_dbg.a(wiring_digital.o)
 .debug_pubnames
                0x0000012d      0x1cb ./..\libarduino_sam3s_ek_gcc_dbg.a(Print.o)
 .debug_pubnames
                0x000002f8      0x11f ./..\libarduino_sam3s_ek_gcc_dbg.a(UART.o)
 .debug_pubnames
                0x00000417      0x524 ./..\libarduino_sam3s_ek_gcc_dbg.a(WString.o)
 .debug_pubnames
                0x0000093b       0x1b ./..\libarduino_sam3s_ek_gcc_dbg.a(main.o)
 .debug_pubnames
                0x00000956       0x90 ./..\libarduino_sam3s_ek_gcc_dbg.a(variant.o)
 .debug_pubnames
                0x000009e6       0x29 ./..\libarduino_sam3s_ek_gcc_dbg.a(cxxabi-compat.o)
 .debug_pubnames
                0x00000a0f       0x21 ./..\libarduino_sam3s_ek_gcc_dbg.a(HardwareSerial.o)
 .debug_pubnames
                0x00000a30       0x24 ./..\libchip_sam3s4_gcc_dbg.a(exceptions.o)
 .debug_pubnames
                0x00000a54       0xe1 ./..\libchip_sam3s4_gcc_dbg.a(pio.o)
 .debug_pubnames
                0x00000b35       0x98 ./..\libchip_sam3s4_gcc_dbg.a(pmc.o)
 .debug_pubnames
                0x00000bcd       0x65 ./..\libchip_sam3s4_gcc_dbg.a(wdt.o)
 .debug_pubnames
                0x00000c32       0x64 ./..\libchip_sam3s4_gcc_dbg.a(timetick.o)
 .debug_pubnames
                0x00000c96       0x87 ./..\libarduino_sam3s_ek_gcc_dbg.a(syscalls_sam3.o)

.debug_pubtypes
                0x00000000      0x93c
 .debug_pubtypes
                0x00000000       0xb9 test.o
 .debug_pubtypes
                0x000000b9       0xc1 ./..\libarduino_sam3s_ek_gcc_dbg.a(board_cstartup_gnu_sam3.o)
 .debug_pubtypes
                0x0000017a      0x103 ./..\libarduino_sam3s_ek_gcc_dbg.a(wiring.o)
 .debug_pubtypes
                0x0000027d       0xa8 ./..\libarduino_sam3s_ek_gcc_dbg.a(wiring_digital.o)
 .debug_pubtypes
                0x00000325       0xd5 ./..\libarduino_sam3s_ek_gcc_dbg.a(Print.o)
 .debug_pubtypes
                0x000003fa      0x142 ./..\libarduino_sam3s_ek_gcc_dbg.a(UART.o)
 .debug_pubtypes
                0x0000053c       0x31 ./..\libarduino_sam3s_ek_gcc_dbg.a(WString.o)
 .debug_pubtypes
                0x0000056d       0xab ./..\libarduino_sam3s_ek_gcc_dbg.a(main.o)
 .debug_pubtypes
                0x00000618       0xe3 ./..\libarduino_sam3s_ek_gcc_dbg.a(variant.o)
 .debug_pubtypes
                0x000006fb       0x3f ./..\libarduino_sam3s_ek_gcc_dbg.a(HardwareSerial.o)
 .debug_pubtypes
                0x0000073a       0x1e ./..\libchip_sam3s4_gcc_dbg.a(exceptions.o)
 .debug_pubtypes
                0x00000758       0x4e ./..\libchip_sam3s4_gcc_dbg.a(pio.o)
 .debug_pubtypes
                0x000007a6       0x33 ./..\libchip_sam3s4_gcc_dbg.a(pmc.o)
 .debug_pubtypes
                0x000007d9       0x33 ./..\libchip_sam3s4_gcc_dbg.a(wdt.o)
 .debug_pubtypes
                0x0000080c       0x7a ./..\libchip_sam3s4_gcc_dbg.a(timetick.o)
 .debug_pubtypes
                0x00000886       0xb6 ./..\libarduino_sam3s_ek_gcc_dbg.a(syscalls_sam3.o)

.debug_aranges  0x00000000      0x6a8
 .debug_aranges
                0x00000000       0x28 test.o
 .debug_aranges
                0x00000028       0x20 ./..\libarduino_sam3s_ek_gcc_dbg.a(board_cstartup_gnu_sam3.o)
 .debug_aranges
                0x00000048       0x58 ./..\libarduino_sam3s_ek_gcc_dbg.a(wiring.o)
 .debug_aranges
                0x000000a0       0x30 ./..\libarduino_sam3s_ek_gcc_dbg.a(wiring_digital.o)
 .debug_aranges
                0x000000d0       0xd8 ./..\libarduino_sam3s_ek_gcc_dbg.a(Print.o)
 .debug_aranges
                0x000001a8       0x78 ./..\libarduino_sam3s_ek_gcc_dbg.a(UART.o)
 .debug_aranges
                0x00000220      0x220 ./..\libarduino_sam3s_ek_gcc_dbg.a(WString.o)
 .debug_aranges
                0x00000440       0x20 ./..\libarduino_sam3s_ek_gcc_dbg.a(main.o)
 .debug_aranges
                0x00000460       0x38 ./..\libarduino_sam3s_ek_gcc_dbg.a(variant.o)
 .debug_aranges
                0x00000498       0x20 ./..\libarduino_sam3s_ek_gcc_dbg.a(cxxabi-compat.o)
 .debug_aranges
                0x000004b8       0x20 ./..\libarduino_sam3s_ek_gcc_dbg.a(HardwareSerial.o)
 .debug_aranges
                0x000004d8       0x20 ./..\libchip_sam3s4_gcc_dbg.a(exceptions.o)
 .debug_aranges
                0x000004f8       0x70 ./..\libchip_sam3s4_gcc_dbg.a(pio.o)
 .debug_aranges
                0x00000568       0x40 ./..\libchip_sam3s4_gcc_dbg.a(pmc.o)
 .debug_aranges
                0x000005a8       0x40 ./..\libchip_sam3s4_gcc_dbg.a(wdt.o)
 .debug_aranges
                0x000005e8       0x50 ./..\libchip_sam3s4_gcc_dbg.a(timetick.o)
 .debug_aranges
                0x00000638       0x70 ./..\libarduino_sam3s_ek_gcc_dbg.a(syscalls_sam3.o)

.debug_ranges   0x00000000      0x5b0
 .debug_ranges  0x00000000       0x18 test.o
 .debug_ranges  0x00000018       0x10 ./..\libarduino_sam3s_ek_gcc_dbg.a(board_cstartup_gnu_sam3.o)
 .debug_ranges  0x00000028       0x48 ./..\libarduino_sam3s_ek_gcc_dbg.a(wiring.o)
 .debug_ranges  0x00000070       0x20 ./..\libarduino_sam3s_ek_gcc_dbg.a(wiring_digital.o)
 .debug_ranges  0x00000090       0xc8 ./..\libarduino_sam3s_ek_gcc_dbg.a(Print.o)
 .debug_ranges  0x00000158       0x68 ./..\libarduino_sam3s_ek_gcc_dbg.a(UART.o)
 .debug_ranges  0x000001c0      0x228 ./..\libarduino_sam3s_ek_gcc_dbg.a(WString.o)
 .debug_ranges  0x000003e8       0x10 ./..\libarduino_sam3s_ek_gcc_dbg.a(main.o)
 .debug_ranges  0x000003f8       0x28 ./..\libarduino_sam3s_ek_gcc_dbg.a(variant.o)
 .debug_ranges  0x00000420       0x10 ./..\libarduino_sam3s_ek_gcc_dbg.a(cxxabi-compat.o)
 .debug_ranges  0x00000430       0x10 ./..\libarduino_sam3s_ek_gcc_dbg.a(HardwareSerial.o)
 .debug_ranges  0x00000440       0x10 ./..\libchip_sam3s4_gcc_dbg.a(exceptions.o)
 .debug_ranges  0x00000450       0x60 ./..\libchip_sam3s4_gcc_dbg.a(pio.o)
 .debug_ranges  0x000004b0       0x30 ./..\libchip_sam3s4_gcc_dbg.a(pmc.o)
 .debug_ranges  0x000004e0       0x30 ./..\libchip_sam3s4_gcc_dbg.a(wdt.o)
 .debug_ranges  0x00000510       0x40 ./..\libchip_sam3s4_gcc_dbg.a(timetick.o)
 .debug_ranges  0x00000550       0x60 ./..\libarduino_sam3s_ek_gcc_dbg.a(syscalls_sam3.o)

.debug_str      0x00000000     0x1e93
 .debug_str     0x00000000      0x514 test.o
                                0x574 (size before relaxing)
 .debug_str     0x00000514      0x115 ./..\libarduino_sam3s_ek_gcc_dbg.a(board_cstartup_gnu_sam3.o)
                                0x61d (size before relaxing)
 .debug_str     0x00000629      0x40f ./..\libarduino_sam3s_ek_gcc_dbg.a(wiring.o)
                                0x9c3 (size before relaxing)
 .debug_str     0x00000a38       0x42 ./..\libarduino_sam3s_ek_gcc_dbg.a(wiring_digital.o)
                                0x58a (size before relaxing)
 .debug_str     0x00000a7a      0x9ac ./..\libarduino_sam3s_ek_gcc_dbg.a(Print.o)
                                0xf1d (size before relaxing)
 .debug_str     0x00001426      0x309 ./..\libarduino_sam3s_ek_gcc_dbg.a(UART.o)
                                0xa97 (size before relaxing)
 .debug_str     0x0000172f      0x1a8 ./..\libarduino_sam3s_ek_gcc_dbg.a(WString.o)
                                0x9be (size before relaxing)
 .debug_str     0x000018d7       0x11 ./..\libarduino_sam3s_ek_gcc_dbg.a(main.o)
                                0x55e (size before relaxing)
 .debug_str     0x000018e8       0xf8 ./..\libarduino_sam3s_ek_gcc_dbg.a(variant.o)
                                0x8fa (size before relaxing)
 .debug_str     0x000019e0       0x28 ./..\libarduino_sam3s_ek_gcc_dbg.a(cxxabi-compat.o)
                                 0x6a (size before relaxing)
 .debug_str     0x00001a08       0x48 ./..\libarduino_sam3s_ek_gcc_dbg.a(HardwareSerial.o)
                                0x145 (size before relaxing)
 .debug_str     0x00001a50       0x5d ./..\libchip_sam3s4_gcc_dbg.a(exceptions.o)
                                0x107 (size before relaxing)
 .debug_str     0x00001aad      0x11c ./..\libchip_sam3s4_gcc_dbg.a(pio.o)
                                0x54b (size before relaxing)
 .debug_str     0x00001bc9       0x8f ./..\libchip_sam3s4_gcc_dbg.a(pmc.o)
                                0x2bc (size before relaxing)
 .debug_str     0x00001c58       0x59 ./..\libchip_sam3s4_gcc_dbg.a(wdt.o)
                                0x160 (size before relaxing)
 .debug_str     0x00001cb1       0x82 ./..\libchip_sam3s4_gcc_dbg.a(timetick.o)
                                0x43b (size before relaxing)
 .debug_str     0x00001d33      0x160 ./..\libarduino_sam3s_ek_gcc_dbg.a(syscalls_sam3.o)
                                0x265 (size before relaxing)

.debug_frame    0x00000000     0x2328
 .debug_frame   0x00000000       0x48 test.o
 .debug_frame   0x00000048       0x30 ./..\libarduino_sam3s_ek_gcc_dbg.a(board_cstartup_gnu_sam3.o)
 .debug_frame   0x00000078       0xf4 ./..\libarduino_sam3s_ek_gcc_dbg.a(wiring.o)
 .debug_frame   0x0000016c       0x70 ./..\libarduino_sam3s_ek_gcc_dbg.a(wiring_digital.o)
 .debug_frame   0x000001dc      0x310 ./..\libarduino_sam3s_ek_gcc_dbg.a(Print.o)
 .debug_frame   0x000004ec      0x178 ./..\libarduino_sam3s_ek_gcc_dbg.a(UART.o)
 .debug_frame   0x00000664      0x820 ./..\libarduino_sam3s_ek_gcc_dbg.a(WString.o)
 .debug_frame   0x00000e84       0x2c ./..\libarduino_sam3s_ek_gcc_dbg.a(main.o)
 .debug_frame   0x00000eb0       0x84 ./..\libarduino_sam3s_ek_gcc_dbg.a(variant.o)
 .debug_frame   0x00000f34       0x28 ./..\libarduino_sam3s_ek_gcc_dbg.a(cxxabi-compat.o)
 .debug_frame   0x00000f5c       0x2c ./..\libarduino_sam3s_ek_gcc_dbg.a(HardwareSerial.o)
 .debug_frame   0x00000f88       0x30 c:\codesourcery_2011.03-42\bin\../arm-none-eabi/lib/thumb2\libc.a(lib_a-atol.o)
 .debug_frame   0x00000fb8       0x2c c:\codesourcery_2011.03-42\bin\../arm-none-eabi/lib/thumb2\libc.a(lib_a-init.o)
 .debug_frame   0x00000fe4       0x20 c:\codesourcery_2011.03-42\bin\../arm-none-eabi/lib/thumb2\libc.a(lib_a-isspace.o)
 .debug_frame   0x00001004       0x30 c:\codesourcery_2011.03-42\bin\../arm-none-eabi/lib/thumb2\libc.a(lib_a-malloc.o)
 .debug_frame   0x00001034       0x3c c:\codesourcery_2011.03-42\bin\../arm-none-eabi/lib/thumb2\libc.a(lib_a-mallocr.o)
 .debug_frame   0x00001070       0x30 c:\codesourcery_2011.03-42\bin\../arm-none-eabi/lib/thumb2\libc.a(lib_a-memcpy.o)
 .debug_frame   0x000010a0       0x2c c:\codesourcery_2011.03-42\bin\../arm-none-eabi/lib/thumb2\libc.a(lib_a-memmove.o)
 .debug_frame   0x000010cc       0x30 c:\codesourcery_2011.03-42\bin\../arm-none-eabi/lib/thumb2\libc.a(lib_a-mlock.o)
 .debug_frame   0x000010fc       0x20 c:\codesourcery_2011.03-42\bin\../arm-none-eabi/lib/thumb2\libc.a(lib_a-realloc.o)
 .debug_frame   0x0000111c       0x3c c:\codesourcery_2011.03-42\bin\../arm-none-eabi/lib/thumb2\libc.a(lib_a-reallocr.o)
 .debug_frame   0x00001158       0x2c c:\codesourcery_2011.03-42\bin\../arm-none-eabi/lib/thumb2\libc.a(lib_a-sbrkr.o)
 .debug_frame   0x00001184       0x2c c:\codesourcery_2011.03-42\bin\../arm-none-eabi/lib/thumb2\libc.a(lib_a-strchr.o)
 .debug_frame   0x000011b0       0x30 c:\codesourcery_2011.03-42\bin\../arm-none-eabi/lib/thumb2\libc.a(lib_a-strcmp.o)
 .debug_frame   0x000011e0       0x20 c:\codesourcery_2011.03-42\bin\../arm-none-eabi/lib/thumb2\libc.a(lib_a-strcpy.o)
 .debug_frame   0x00001200       0x20 c:\codesourcery_2011.03-42\bin\../arm-none-eabi/lib/thumb2\libc.a(lib_a-strlen.o)
 .debug_frame   0x00001220       0x2c c:\codesourcery_2011.03-42\bin\../arm-none-eabi/lib/thumb2\libc.a(lib_a-strncmp.o)
 .debug_frame   0x0000124c       0x2c c:\codesourcery_2011.03-42\bin\../arm-none-eabi/lib/thumb2\libc.a(lib_a-strncpy.o)
 .debug_frame   0x00001278       0x2c c:\codesourcery_2011.03-42\bin\../arm-none-eabi/lib/thumb2\libc.a(lib_a-strrchr.o)
 .debug_frame   0x000012a4       0x90 c:\codesourcery_2011.03-42\bin\../arm-none-eabi/lib/thumb2\libc.a(lib_a-strstr.o)
 .debug_frame   0x00001334       0x54 c:\codesourcery_2011.03-42\bin\../arm-none-eabi/lib/thumb2\libc.a(lib_a-strtol.o)
 .debug_frame   0x00001388       0x20 c:\codesourcery_2011.03-42\bin\../arm-none-eabi/lib/thumb2\libc.a(lib_a-tolower.o)
 .debug_frame   0x000013a8       0x20 c:\codesourcery_2011.03-42\bin\../arm-none-eabi/lib/thumb2\libc.a(lib_a-toupper.o)
 .debug_frame   0x000013c8       0x50 c:\codesourcery_2011.03-42\bin\../arm-none-eabi/lib/thumb2\libc.a(lib_a-freer.o)
 .debug_frame   0x00001418       0x2c c:\codesourcery_2011.03-42\bin\../arm-none-eabi/lib/thumb2\libc.a(lib_a-memchr.o)
 .debug_frame   0x00001444       0x2c c:\codesourcery_2011.03-42\bin\../arm-none-eabi/lib/thumb2\libc.a(lib_a-memcmp.o)
 .debug_frame   0x00001470       0x68 c:\codesourcery_2011.03-42\bin\../arm-none-eabi/lib/thumb2\libc.a(lib_a-reent.o)
 .debug_frame   0x000014d8       0x28 ./..\libchip_sam3s4_gcc_dbg.a(exceptions.o)
 .debug_frame   0x00001500      0x150 ./..\libchip_sam3s4_gcc_dbg.a(pio.o)
 .debug_frame   0x00001650       0xa0 ./..\libchip_sam3s4_gcc_dbg.a(pmc.o)
 .debug_frame   0x000016f0       0x9c ./..\libchip_sam3s4_gcc_dbg.a(wdt.o)
 .debug_frame   0x0000178c       0xd4 ./..\libchip_sam3s4_gcc_dbg.a(timetick.o)
 .debug_frame   0x00001860      0x144 ./..\libarduino_sam3s_ek_gcc_dbg.a(syscalls_sam3.o)
 .debug_frame   0x000019a4       0x20 c:/codesourcery_2011.03-42/bin/../lib/gcc/arm-none-eabi/4.5.2/thumb2\libgcc.a(_udivsi3.o)
 .debug_frame   0x000019c4       0x44 c:\codesourcery_2011.03-42\bin\../arm-none-eabi/lib/thumb2\libc.a(lib_a-assert.o)
 .debug_frame   0x00001a08       0x5c c:\codesourcery_2011.03-42\bin\../arm-none-eabi/lib/thumb2\libc.a(lib_a-fiprintf.o)
 .debug_frame   0x00001a64       0x5c c:\codesourcery_2011.03-42\bin\../arm-none-eabi/lib/thumb2\libc.a(lib_a-iprintf.o)
 .debug_frame   0x00001ac0       0x7c c:\codesourcery_2011.03-42\bin\../arm-none-eabi/lib/thumb2\libc.a(lib_a-vfiprintf.o)
 .debug_frame   0x00001b3c       0x2c c:\codesourcery_2011.03-42\bin\../arm-none-eabi/lib/thumb2\libc.a(lib_a-wsetup.o)
 .debug_frame   0x00001b68       0x28 c:\codesourcery_2011.03-42\bin\../arm-none-eabi/lib/thumb2\libc.a(lib_a-abort.o)
 .debug_frame   0x00001b90       0x40 c:\codesourcery_2011.03-42\bin\../arm-none-eabi/lib/thumb2\libc.a(lib_a-fflush.o)
 .debug_frame   0x00001bd0      0x114 c:\codesourcery_2011.03-42\bin\../arm-none-eabi/lib/thumb2\libc.a(lib_a-findfp.o)
 .debug_frame   0x00001ce4       0x54 c:\codesourcery_2011.03-42\bin\../arm-none-eabi/lib/thumb2\libc.a(lib_a-fputwc.o)
 .debug_frame   0x00001d38       0x3c c:\codesourcery_2011.03-42\bin\../arm-none-eabi/lib/thumb2\libc.a(lib_a-fvwrite.o)
 .debug_frame   0x00001d74       0x58 c:\codesourcery_2011.03-42\bin\../arm-none-eabi/lib/thumb2\libc.a(lib_a-fwalk.o)
 .debug_frame   0x00001dcc       0x98 c:\codesourcery_2011.03-42\bin\../arm-none-eabi/lib/thumb2\libc.a(lib_a-locale.o)
 .debug_frame   0x00001e64       0x34 c:\codesourcery_2011.03-42\bin\../arm-none-eabi/lib/thumb2\libc.a(lib_a-makebuf.o)
 .debug_frame   0x00001e98       0x2c c:\codesourcery_2011.03-42\bin\../arm-none-eabi/lib/thumb2\libc.a(lib_a-memset.o)
 .debug_frame   0x00001ec4       0xc0 c:\codesourcery_2011.03-42\bin\../arm-none-eabi/lib/thumb2\libc.a(lib_a-signal.o)
 .debug_frame   0x00001f84       0x3c c:\codesourcery_2011.03-42\bin\../arm-none-eabi/lib/thumb2\libc.a(lib_a-signalr.o)
 .debug_frame   0x00001fc0       0x80 c:\codesourcery_2011.03-42\bin\../arm-none-eabi/lib/thumb2\libc.a(lib_a-stdio.o)
 .debug_frame   0x00002040       0x3c c:\codesourcery_2011.03-42\bin\../arm-none-eabi/lib/thumb2\libc.a(lib_a-wbuf.o)
 .debug_frame   0x0000207c       0x5c c:\codesourcery_2011.03-42\bin\../arm-none-eabi/lib/thumb2\libc.a(lib_a-wcrtomb.o)
 .debug_frame   0x000020d8       0x44 c:\codesourcery_2011.03-42\bin\../arm-none-eabi/lib/thumb2\libc.a(lib_a-wctomb_r.o)
 .debug_frame   0x0000211c       0x2c c:\codesourcery_2011.03-42\bin\../arm-none-eabi/lib/thumb2\libc.a(lib_a-writer.o)
 .debug_frame   0x00002148       0x2c c:\codesourcery_2011.03-42\bin\../arm-none-eabi/lib/thumb2\libc.a(lib_a-closer.o)
 .debug_frame   0x00002174       0x3c c:\codesourcery_2011.03-42\bin\../arm-none-eabi/lib/thumb2\libc.a(lib_a-fclose.o)
 .debug_frame   0x000021b0       0x2c c:\codesourcery_2011.03-42\bin\../arm-none-eabi/lib/thumb2\libc.a(lib_a-fstatr.o)
 .debug_frame   0x000021dc       0x2c c:\codesourcery_2011.03-42\bin\../arm-none-eabi/lib/thumb2\libc.a(lib_a-isattyr.o)
 .debug_frame   0x00002208       0x2c c:\codesourcery_2011.03-42\bin\../arm-none-eabi/lib/thumb2\libc.a(lib_a-lseekr.o)
 .debug_frame   0x00002234       0x2c c:\codesourcery_2011.03-42\bin\../arm-none-eabi/lib/thumb2\libc.a(lib_a-readr.o)
 .debug_frame   0x00002260       0x50 c:/codesourcery_2011.03-42/bin/../lib/gcc/arm-none-eabi/4.5.2/thumb2\libgcc.a(bpabi.o)
 .debug_frame   0x000022b0       0x3c c:/codesourcery_2011.03-42/bin/../lib/gcc/arm-none-eabi/4.5.2/thumb2\libgcc.a(_divdi3.o)
 .debug_frame   0x000022ec       0x3c c:/codesourcery_2011.03-42/bin/../lib/gcc/arm-none-eabi/4.5.2/thumb2\libgcc.a(_udivdi3.o)

Cross Reference Table

Symbol                                            File
ACC_IrqHandler                                    ./..\libchip_sam3s4_gcc_dbg.a(exceptions.o)
                                                  ./..\libarduino_sam3s_ek_gcc_dbg.a(board_cstartup_gnu_sam3.o)
ADC_IrqHandler                                    ./..\libchip_sam3s4_gcc_dbg.a(exceptions.o)
                                                  ./..\libarduino_sam3s_ek_gcc_dbg.a(board_cstartup_gnu_sam3.o)
BusFault_Handler                                  ./..\libchip_sam3s4_gcc_dbg.a(exceptions.o)
                                                  ./..\libarduino_sam3s_ek_gcc_dbg.a(board_cstartup_gnu_sam3.o)
CRCCU_IrqHandler                                  ./..\libchip_sam3s4_gcc_dbg.a(exceptions.o)
                                                  ./..\libarduino_sam3s_ek_gcc_dbg.a(board_cstartup_gnu_sam3.o)
DAC_IrqHandler                                    ./..\libchip_sam3s4_gcc_dbg.a(exceptions.o)
                                                  ./..\libarduino_sam3s_ek_gcc_dbg.a(board_cstartup_gnu_sam3.o)
DebugMon_Handler                                  ./..\libchip_sam3s4_gcc_dbg.a(exceptions.o)
                                                  ./..\libarduino_sam3s_ek_gcc_dbg.a(board_cstartup_gnu_sam3.o)
Dummy_Handler                                     ./..\libchip_sam3s4_gcc_dbg.a(exceptions.o)
                                                  ./..\libarduino_sam3s_ek_gcc_dbg.a(board_cstartup_gnu_sam3.o)
EEFC_IrqHandler                                   ./..\libchip_sam3s4_gcc_dbg.a(exceptions.o)
                                                  ./..\libarduino_sam3s_ek_gcc_dbg.a(board_cstartup_gnu_sam3.o)
GetTickCount                                      ./..\libchip_sam3s4_gcc_dbg.a(timetick.o)
                                                  ./..\libarduino_sam3s_ek_gcc_dbg.a(wiring.o)
HardFault_Handler                                 ./..\libchip_sam3s4_gcc_dbg.a(exceptions.o)
                                                  ./..\libarduino_sam3s_ek_gcc_dbg.a(board_cstartup_gnu_sam3.o)
HardwareSerial::HardwareSerial()                  ./..\libarduino_sam3s_ek_gcc_dbg.a(UART.o)
HardwareSerial::HardwareSerial()                  ./..\libarduino_sam3s_ek_gcc_dbg.a(UART.o)
MCI_IrqHandler                                    ./..\libchip_sam3s4_gcc_dbg.a(exceptions.o)
                                                  ./..\libarduino_sam3s_ek_gcc_dbg.a(board_cstartup_gnu_sam3.o)
MemManage_Handler                                 ./..\libchip_sam3s4_gcc_dbg.a(exceptions.o)
                                                  ./..\libarduino_sam3s_ek_gcc_dbg.a(board_cstartup_gnu_sam3.o)
NMI_Handler                                       ./..\libchip_sam3s4_gcc_dbg.a(exceptions.o)
                                                  ./..\libarduino_sam3s_ek_gcc_dbg.a(board_cstartup_gnu_sam3.o)
PIOA_IrqHandler                                   ./..\libchip_sam3s4_gcc_dbg.a(exceptions.o)
                                                  ./..\libarduino_sam3s_ek_gcc_dbg.a(board_cstartup_gnu_sam3.o)
PIOB_IrqHandler                                   ./..\libchip_sam3s4_gcc_dbg.a(exceptions.o)
                                                  ./..\libarduino_sam3s_ek_gcc_dbg.a(board_cstartup_gnu_sam3.o)
PIOC_IrqHandler                                   ./..\libchip_sam3s4_gcc_dbg.a(exceptions.o)
                                                  ./..\libarduino_sam3s_ek_gcc_dbg.a(board_cstartup_gnu_sam3.o)
PIO_Clear                                         ./..\libchip_sam3s4_gcc_dbg.a(pio.o)
PIO_Configure                                     ./..\libchip_sam3s4_gcc_dbg.a(pio.o)
                                                  ./..\libarduino_sam3s_ek_gcc_dbg.a(wiring_digital.o)
                                                  ./..\libarduino_sam3s_ek_gcc_dbg.a(wiring.o)
PIO_DisableInterrupt                              ./..\libchip_sam3s4_gcc_dbg.a(pio.o)
PIO_Get                                           ./..\libchip_sam3s4_gcc_dbg.a(pio.o)
                                                  ./..\libarduino_sam3s_ek_gcc_dbg.a(wiring_digital.o)
PIO_GetOutputDataStatus                           ./..\libchip_sam3s4_gcc_dbg.a(pio.o)
PIO_PullUp                                        ./..\libchip_sam3s4_gcc_dbg.a(pio.o)
PIO_Set                                           ./..\libchip_sam3s4_gcc_dbg.a(pio.o)
PIO_SetDebounceFilter                             ./..\libchip_sam3s4_gcc_dbg.a(pio.o)
PIO_SetInput                                      ./..\libchip_sam3s4_gcc_dbg.a(pio.o)
PIO_SetOutput                                     ./..\libchip_sam3s4_gcc_dbg.a(pio.o)
                                                  ./..\libarduino_sam3s_ek_gcc_dbg.a(wiring_digital.o)
PIO_SetPeripheral                                 ./..\libchip_sam3s4_gcc_dbg.a(pio.o)
PMC_DisableAllPeripherals                         ./..\libchip_sam3s4_gcc_dbg.a(pmc.o)
PMC_DisablePeripheral                             ./..\libchip_sam3s4_gcc_dbg.a(pmc.o)
                                                  ./..\libarduino_sam3s_ek_gcc_dbg.a(UART.o)
PMC_EnableAllPeripherals                          ./..\libchip_sam3s4_gcc_dbg.a(pmc.o)
PMC_EnablePeripheral                              ./..\libchip_sam3s4_gcc_dbg.a(pmc.o)
                                                  ./..\libchip_sam3s4_gcc_dbg.a(pio.o)
                                                  ./..\libarduino_sam3s_ek_gcc_dbg.a(UART.o)
PMC_IrqHandler                                    ./..\libchip_sam3s4_gcc_dbg.a(exceptions.o)
                                                  ./..\libarduino_sam3s_ek_gcc_dbg.a(board_cstartup_gnu_sam3.o)
PMC_IsPeriphEnabled                               ./..\libchip_sam3s4_gcc_dbg.a(pmc.o)
PWM_IrqHandler                                    ./..\libchip_sam3s4_gcc_dbg.a(exceptions.o)
                                                  ./..\libarduino_sam3s_ek_gcc_dbg.a(board_cstartup_gnu_sam3.o)
PendSV_Handler                                    ./..\libchip_sam3s4_gcc_dbg.a(exceptions.o)
                                                  ./..\libarduino_sam3s_ek_gcc_dbg.a(board_cstartup_gnu_sam3.o)
Print::Print()                                    ./..\libarduino_sam3s_ek_gcc_dbg.a(UART.o)
Print::Print()                                    ./..\libarduino_sam3s_ek_gcc_dbg.a(UART.o)
Print::print(String const&)                       ./..\libarduino_sam3s_ek_gcc_dbg.a(Print.o)
Print::print(char const*)                         ./..\libarduino_sam3s_ek_gcc_dbg.a(Print.o)
Print::print(char)                                ./..\libarduino_sam3s_ek_gcc_dbg.a(Print.o)
Print::print(double, int)                         ./..\libarduino_sam3s_ek_gcc_dbg.a(Print.o)
Print::print(int, int)                            ./..\libarduino_sam3s_ek_gcc_dbg.a(Print.o)
Print::print(long, int)                           ./..\libarduino_sam3s_ek_gcc_dbg.a(Print.o)
Print::print(unsigned char, int)                  ./..\libarduino_sam3s_ek_gcc_dbg.a(Print.o)
Print::print(unsigned int, int)                   ./..\libarduino_sam3s_ek_gcc_dbg.a(Print.o)
Print::print(unsigned long, int)                  ./..\libarduino_sam3s_ek_gcc_dbg.a(Print.o)
Print::printFloat(double, unsigned char)          ./..\libarduino_sam3s_ek_gcc_dbg.a(Print.o)
Print::printNumber(unsigned long, unsigned char)  ./..\libarduino_sam3s_ek_gcc_dbg.a(Print.o)
Print::println()                                  ./..\libarduino_sam3s_ek_gcc_dbg.a(Print.o)
Print::println(String const&)                     ./..\libarduino_sam3s_ek_gcc_dbg.a(Print.o)
Print::println(char const*)                       ./..\libarduino_sam3s_ek_gcc_dbg.a(Print.o)
                                                  test.o
Print::println(char)                              ./..\libarduino_sam3s_ek_gcc_dbg.a(Print.o)
Print::println(double, int)                       ./..\libarduino_sam3s_ek_gcc_dbg.a(Print.o)
Print::println(int, int)                          ./..\libarduino_sam3s_ek_gcc_dbg.a(Print.o)
Print::println(long, int)                         ./..\libarduino_sam3s_ek_gcc_dbg.a(Print.o)
Print::println(unsigned char, int)                ./..\libarduino_sam3s_ek_gcc_dbg.a(Print.o)
Print::println(unsigned int, int)                 ./..\libarduino_sam3s_ek_gcc_dbg.a(Print.o)
Print::println(unsigned long, int)                ./..\libarduino_sam3s_ek_gcc_dbg.a(Print.o)
Print::write(char const*)                         ./..\libarduino_sam3s_ek_gcc_dbg.a(Print.o)
                                                  ./..\libarduino_sam3s_ek_gcc_dbg.a(UART.o)
Print::write(unsigned char const*, unsigned int)  ./..\libarduino_sam3s_ek_gcc_dbg.a(Print.o)
                                                  ./..\libarduino_sam3s_ek_gcc_dbg.a(UART.o)
RSTC_IrqHandler                                   ./..\libchip_sam3s4_gcc_dbg.a(exceptions.o)
                                                  ./..\libarduino_sam3s_ek_gcc_dbg.a(board_cstartup_gnu_sam3.o)
RTC_IrqHandler                                    ./..\libchip_sam3s4_gcc_dbg.a(exceptions.o)
                                                  ./..\libarduino_sam3s_ek_gcc_dbg.a(board_cstartup_gnu_sam3.o)
RTT_IrqHandler                                    ./..\libchip_sam3s4_gcc_dbg.a(exceptions.o)
                                                  ./..\libarduino_sam3s_ek_gcc_dbg.a(board_cstartup_gnu_sam3.o)
Reset_Handler                                     ./..\libarduino_sam3s_ek_gcc_dbg.a(board_cstartup_gnu_sam3.o)
SMC_IrqHandler                                    ./..\libchip_sam3s4_gcc_dbg.a(exceptions.o)
                                                  ./..\libarduino_sam3s_ek_gcc_dbg.a(board_cstartup_gnu_sam3.o)
SPI_IrqHandler                                    ./..\libchip_sam3s4_gcc_dbg.a(exceptions.o)
                                                  ./..\libarduino_sam3s_ek_gcc_dbg.a(board_cstartup_gnu_sam3.o)
SSC_IrqHandler                                    ./..\libchip_sam3s4_gcc_dbg.a(exceptions.o)
                                                  ./..\libarduino_sam3s_ek_gcc_dbg.a(board_cstartup_gnu_sam3.o)
SUPC_IrqHandler                                   ./..\libchip_sam3s4_gcc_dbg.a(exceptions.o)
                                                  ./..\libarduino_sam3s_ek_gcc_dbg.a(board_cstartup_gnu_sam3.o)
SVC_Handler                                       ./..\libchip_sam3s4_gcc_dbg.a(exceptions.o)
                                                  ./..\libarduino_sam3s_ek_gcc_dbg.a(board_cstartup_gnu_sam3.o)
Serial1                                           ./..\libarduino_sam3s_ek_gcc_dbg.a(variant.o)
                                                  test.o
Serial2                                           ./..\libarduino_sam3s_ek_gcc_dbg.a(variant.o)
Sleep                                             ./..\libchip_sam3s4_gcc_dbg.a(timetick.o)
Stream::Stream()                                  ./..\libarduino_sam3s_ek_gcc_dbg.a(UART.o)
Stream::Stream()                                  ./..\libarduino_sam3s_ek_gcc_dbg.a(UART.o)
String::String(String const&)                     ./..\libarduino_sam3s_ek_gcc_dbg.a(WString.o)
String::String(String const&)                     ./..\libarduino_sam3s_ek_gcc_dbg.a(WString.o)
String::String(char const*)                       ./..\libarduino_sam3s_ek_gcc_dbg.a(WString.o)
String::String(char const*)                       ./..\libarduino_sam3s_ek_gcc_dbg.a(WString.o)
String::String(char)                              ./..\libarduino_sam3s_ek_gcc_dbg.a(WString.o)
String::String(char)                              ./..\libarduino_sam3s_ek_gcc_dbg.a(WString.o)
String::String(int, unsigned char)                ./..\libarduino_sam3s_ek_gcc_dbg.a(WString.o)
String::String(int, unsigned char)                ./..\libarduino_sam3s_ek_gcc_dbg.a(WString.o)
String::String(long, unsigned char)               ./..\libarduino_sam3s_ek_gcc_dbg.a(WString.o)
String::String(long, unsigned char)               ./..\libarduino_sam3s_ek_gcc_dbg.a(WString.o)
String::String(unsigned char, unsigned char)      ./..\libarduino_sam3s_ek_gcc_dbg.a(WString.o)
String::String(unsigned char, unsigned char)      ./..\libarduino_sam3s_ek_gcc_dbg.a(WString.o)
String::String(unsigned int, unsigned char)       ./..\libarduino_sam3s_ek_gcc_dbg.a(WString.o)
String::String(unsigned int, unsigned char)       ./..\libarduino_sam3s_ek_gcc_dbg.a(WString.o)
String::String(unsigned long, unsigned char)      ./..\libarduino_sam3s_ek_gcc_dbg.a(WString.o)
String::String(unsigned long, unsigned char)      ./..\libarduino_sam3s_ek_gcc_dbg.a(WString.o)
String::changeBuffer(unsigned int)                ./..\libarduino_sam3s_ek_gcc_dbg.a(WString.o)
String::charAt(unsigned int) const                ./..\libarduino_sam3s_ek_gcc_dbg.a(WString.o)
String::compareTo(String const&) const            ./..\libarduino_sam3s_ek_gcc_dbg.a(WString.o)
String::concat(String const&)                     ./..\libarduino_sam3s_ek_gcc_dbg.a(WString.o)
String::concat(char const*)                       ./..\libarduino_sam3s_ek_gcc_dbg.a(WString.o)
String::concat(char const*, unsigned int)         ./..\libarduino_sam3s_ek_gcc_dbg.a(WString.o)
String::concat(char)                              ./..\libarduino_sam3s_ek_gcc_dbg.a(WString.o)
String::concat(int)                               ./..\libarduino_sam3s_ek_gcc_dbg.a(WString.o)
String::concat(long)                              ./..\libarduino_sam3s_ek_gcc_dbg.a(WString.o)
String::concat(unsigned char)                     ./..\libarduino_sam3s_ek_gcc_dbg.a(WString.o)
String::concat(unsigned int)                      ./..\libarduino_sam3s_ek_gcc_dbg.a(WString.o)
String::concat(unsigned long)                     ./..\libarduino_sam3s_ek_gcc_dbg.a(WString.o)
String::copy(char const*, unsigned int)           ./..\libarduino_sam3s_ek_gcc_dbg.a(WString.o)
String::endsWith(String const&) const             ./..\libarduino_sam3s_ek_gcc_dbg.a(WString.o)
String::equals(String const&) const               ./..\libarduino_sam3s_ek_gcc_dbg.a(WString.o)
String::equals(char const*) const                 ./..\libarduino_sam3s_ek_gcc_dbg.a(WString.o)
String::equalsIgnoreCase(String const&) const     ./..\libarduino_sam3s_ek_gcc_dbg.a(WString.o)
String::getBytes(unsigned char*, unsigned int, unsigned int) const ./..\libarduino_sam3s_ek_gcc_dbg.a(WString.o)
String::indexOf(String const&) const              ./..\libarduino_sam3s_ek_gcc_dbg.a(WString.o)
String::indexOf(String const&, unsigned int) const ./..\libarduino_sam3s_ek_gcc_dbg.a(WString.o)
String::indexOf(char) const                       ./..\libarduino_sam3s_ek_gcc_dbg.a(WString.o)
String::indexOf(char, unsigned int) const         ./..\libarduino_sam3s_ek_gcc_dbg.a(WString.o)
String::init()                                    ./..\libarduino_sam3s_ek_gcc_dbg.a(WString.o)
String::invalidate()                              ./..\libarduino_sam3s_ek_gcc_dbg.a(WString.o)
String::lastIndexOf(String const&) const          ./..\libarduino_sam3s_ek_gcc_dbg.a(WString.o)
String::lastIndexOf(String const&, int) const     ./..\libarduino_sam3s_ek_gcc_dbg.a(WString.o)
String::lastIndexOf(char) const                   ./..\libarduino_sam3s_ek_gcc_dbg.a(WString.o)
String::lastIndexOf(char, int) const              ./..\libarduino_sam3s_ek_gcc_dbg.a(WString.o)
String::length() const                            ./..\libarduino_sam3s_ek_gcc_dbg.a(Print.o)
String::operator<(String const&) const            ./..\libarduino_sam3s_ek_gcc_dbg.a(WString.o)
String::operator<=(String const&) const           ./..\libarduino_sam3s_ek_gcc_dbg.a(WString.o)
String::operator=(String const&)                  ./..\libarduino_sam3s_ek_gcc_dbg.a(WString.o)
String::operator=(char const*)                    ./..\libarduino_sam3s_ek_gcc_dbg.a(WString.o)
String::operator>(String const&) const            ./..\libarduino_sam3s_ek_gcc_dbg.a(WString.o)
String::operator>=(String const&) const           ./..\libarduino_sam3s_ek_gcc_dbg.a(WString.o)
String::operator[](unsigned int)                  ./..\libarduino_sam3s_ek_gcc_dbg.a(WString.o)
String::operator[](unsigned int) const            ./..\libarduino_sam3s_ek_gcc_dbg.a(WString.o)
                                                  ./..\libarduino_sam3s_ek_gcc_dbg.a(Print.o)
String::replace(String const&, String const&)     ./..\libarduino_sam3s_ek_gcc_dbg.a(WString.o)
String::replace(char, char)                       ./..\libarduino_sam3s_ek_gcc_dbg.a(WString.o)
String::reserve(unsigned int)                     ./..\libarduino_sam3s_ek_gcc_dbg.a(WString.o)
String::setCharAt(unsigned int, char)             ./..\libarduino_sam3s_ek_gcc_dbg.a(WString.o)
String::startsWith(String const&) const           ./..\libarduino_sam3s_ek_gcc_dbg.a(WString.o)
String::startsWith(String const&, unsigned int) const ./..\libarduino_sam3s_ek_gcc_dbg.a(WString.o)
String::substring(unsigned int) const             ./..\libarduino_sam3s_ek_gcc_dbg.a(WString.o)
String::substring(unsigned int, unsigned int) const ./..\libarduino_sam3s_ek_gcc_dbg.a(WString.o)
String::toInt() const                             ./..\libarduino_sam3s_ek_gcc_dbg.a(WString.o)
String::toLowerCase()                             ./..\libarduino_sam3s_ek_gcc_dbg.a(WString.o)
String::toUpperCase()                             ./..\libarduino_sam3s_ek_gcc_dbg.a(WString.o)
String::trim()                                    ./..\libarduino_sam3s_ek_gcc_dbg.a(WString.o)
String::~String()                                 ./..\libarduino_sam3s_ek_gcc_dbg.a(WString.o)
String::~String()                                 ./..\libarduino_sam3s_ek_gcc_dbg.a(WString.o)
SysTick_Handler                                   ./..\libarduino_sam3s_ek_gcc_dbg.a(wiring.o)
                                                  ./..\libarduino_sam3s_ek_gcc_dbg.a(board_cstartup_gnu_sam3.o)
TC0_IrqHandler                                    ./..\libchip_sam3s4_gcc_dbg.a(exceptions.o)
                                                  ./..\libarduino_sam3s_ek_gcc_dbg.a(board_cstartup_gnu_sam3.o)
TC1_IrqHandler                                    ./..\libchip_sam3s4_gcc_dbg.a(exceptions.o)
                                                  ./..\libarduino_sam3s_ek_gcc_dbg.a(board_cstartup_gnu_sam3.o)
TC2_IrqHandler                                    ./..\libchip_sam3s4_gcc_dbg.a(exceptions.o)
                                                  ./..\libarduino_sam3s_ek_gcc_dbg.a(board_cstartup_gnu_sam3.o)
TC3_IrqHandler                                    ./..\libchip_sam3s4_gcc_dbg.a(exceptions.o)
                                                  ./..\libarduino_sam3s_ek_gcc_dbg.a(board_cstartup_gnu_sam3.o)
TC4_IrqHandler                                    ./..\libchip_sam3s4_gcc_dbg.a(exceptions.o)
                                                  ./..\libarduino_sam3s_ek_gcc_dbg.a(board_cstartup_gnu_sam3.o)
TC5_IrqHandler                                    ./..\libchip_sam3s4_gcc_dbg.a(exceptions.o)
                                                  ./..\libarduino_sam3s_ek_gcc_dbg.a(board_cstartup_gnu_sam3.o)
TWI0_IrqHandler                                   ./..\libchip_sam3s4_gcc_dbg.a(exceptions.o)
                                                  ./..\libarduino_sam3s_ek_gcc_dbg.a(board_cstartup_gnu_sam3.o)
TWI1_IrqHandler                                   ./..\libchip_sam3s4_gcc_dbg.a(exceptions.o)
                                                  ./..\libarduino_sam3s_ek_gcc_dbg.a(board_cstartup_gnu_sam3.o)
TimeTick_Configure                                ./..\libchip_sam3s4_gcc_dbg.a(timetick.o)
TimeTick_Increment                                ./..\libchip_sam3s4_gcc_dbg.a(timetick.o)
                                                  ./..\libarduino_sam3s_ek_gcc_dbg.a(wiring.o)
UART0_IrqHandler                                  ./..\libchip_sam3s4_gcc_dbg.a(exceptions.o)
                                                  ./..\libarduino_sam3s_ek_gcc_dbg.a(board_cstartup_gnu_sam3.o)
UART0_IrqHandler()                                ./..\libarduino_sam3s_ek_gcc_dbg.a(variant.o)
UART1_IrqHandler                                  ./..\libchip_sam3s4_gcc_dbg.a(exceptions.o)
                                                  ./..\libarduino_sam3s_ek_gcc_dbg.a(board_cstartup_gnu_sam3.o)
UART1_IrqHandler()                                ./..\libarduino_sam3s_ek_gcc_dbg.a(variant.o)
UARTClass::IrqHandler()                           ./..\libarduino_sam3s_ek_gcc_dbg.a(UART.o)
                                                  ./..\libarduino_sam3s_ek_gcc_dbg.a(variant.o)
UARTClass::UARTClass(Uart*, IRQn, unsigned long, _ring_buffer*, _ring_buffer*) ./..\libarduino_sam3s_ek_gcc_dbg.a(UART.o)
                                                  ./..\libarduino_sam3s_ek_gcc_dbg.a(variant.o)
UARTClass::UARTClass(Uart*, IRQn, unsigned long, _ring_buffer*, _ring_buffer*) ./..\libarduino_sam3s_ek_gcc_dbg.a(UART.o)
UARTClass::available()                            ./..\libarduino_sam3s_ek_gcc_dbg.a(UART.o)
UARTClass::begin(unsigned long)                   ./..\libarduino_sam3s_ek_gcc_dbg.a(UART.o)
                                                  test.o
UARTClass::end()                                  ./..\libarduino_sam3s_ek_gcc_dbg.a(UART.o)
UARTClass::flush()                                ./..\libarduino_sam3s_ek_gcc_dbg.a(UART.o)
UARTClass::peek()                                 ./..\libarduino_sam3s_ek_gcc_dbg.a(UART.o)
UARTClass::read()                                 ./..\libarduino_sam3s_ek_gcc_dbg.a(UART.o)
UARTClass::write(unsigned char)                   ./..\libarduino_sam3s_ek_gcc_dbg.a(UART.o)
USART0_IrqHandler                                 ./..\libchip_sam3s4_gcc_dbg.a(exceptions.o)
                                                  ./..\libarduino_sam3s_ek_gcc_dbg.a(board_cstartup_gnu_sam3.o)
USART1_IrqHandler                                 ./..\libchip_sam3s4_gcc_dbg.a(exceptions.o)
                                                  ./..\libarduino_sam3s_ek_gcc_dbg.a(board_cstartup_gnu_sam3.o)
USBD_IrqHandler                                   ./..\libchip_sam3s4_gcc_dbg.a(exceptions.o)
                                                  ./..\libarduino_sam3s_ek_gcc_dbg.a(board_cstartup_gnu_sam3.o)
UsageFault_Handler                                ./..\libchip_sam3s4_gcc_dbg.a(exceptions.o)
                                                  ./..\libarduino_sam3s_ek_gcc_dbg.a(board_cstartup_gnu_sam3.o)
WDT_Disable                                       ./..\libchip_sam3s4_gcc_dbg.a(wdt.o)
                                                  ./..\libarduino_sam3s_ek_gcc_dbg.a(wiring.o)
WDT_Enable                                        ./..\libchip_sam3s4_gcc_dbg.a(wdt.o)
WDT_GetPeriod                                     ./..\libchip_sam3s4_gcc_dbg.a(wdt.o)
WDT_GetStatus                                     ./..\libchip_sam3s4_gcc_dbg.a(wdt.o)
WDT_IrqHandler                                    ./..\libchip_sam3s4_gcc_dbg.a(exceptions.o)
                                                  ./..\libarduino_sam3s_ek_gcc_dbg.a(board_cstartup_gnu_sam3.o)
WDT_Restart                                       ./..\libchip_sam3s4_gcc_dbg.a(wdt.o)
Wait                                              ./..\libchip_sam3s4_gcc_dbg.a(timetick.o)
Wait(unsigned long)                               test.o
_Jv_RegisterClasses                               c:/codesourcery_2011.03-42/bin/../lib/gcc/arm-none-eabi/4.5.2/thumb2/crtbegin.o
_PathLocale                                       c:\codesourcery_2011.03-42\bin\../arm-none-eabi/lib/thumb2\libc.a(lib_a-locale.o)
__adddf3                                          c:/codesourcery_2011.03-42/bin/../lib/gcc/arm-none-eabi/4.5.2/thumb2\libgcc.a(_arm_addsubdf3.o)
__aeabi_cdcmpeq                                   c:/codesourcery_2011.03-42/bin/../lib/gcc/arm-none-eabi/4.5.2/thumb2\libgcc.a(_arm_cmpdf2.o)
__aeabi_cdcmple                                   c:/codesourcery_2011.03-42/bin/../lib/gcc/arm-none-eabi/4.5.2/thumb2\libgcc.a(_arm_cmpdf2.o)
__aeabi_cdrcmple                                  c:/codesourcery_2011.03-42/bin/../lib/gcc/arm-none-eabi/4.5.2/thumb2\libgcc.a(_arm_cmpdf2.o)
__aeabi_d2iz                                      c:/codesourcery_2011.03-42/bin/../lib/gcc/arm-none-eabi/4.5.2/thumb2\libgcc.a(_arm_fixdfsi.o)
                                                  ./..\libarduino_sam3s_ek_gcc_dbg.a(Print.o)
__aeabi_d2uiz                                     c:/codesourcery_2011.03-42/bin/../lib/gcc/arm-none-eabi/4.5.2/thumb2\libgcc.a(_arm_fixunsdfsi.o)
                                                  ./..\libarduino_sam3s_ek_gcc_dbg.a(Print.o)
__aeabi_dadd                                      c:/codesourcery_2011.03-42/bin/../lib/gcc/arm-none-eabi/4.5.2/thumb2\libgcc.a(_arm_addsubdf3.o)
                                                  ./..\libarduino_sam3s_ek_gcc_dbg.a(Print.o)
__aeabi_dcmpeq                                    c:/codesourcery_2011.03-42/bin/../lib/gcc/arm-none-eabi/4.5.2/thumb2\libgcc.a(_arm_cmpdf2.o)
__aeabi_dcmpge                                    c:/codesourcery_2011.03-42/bin/../lib/gcc/arm-none-eabi/4.5.2/thumb2\libgcc.a(_arm_cmpdf2.o)
__aeabi_dcmpgt                                    c:/codesourcery_2011.03-42/bin/../lib/gcc/arm-none-eabi/4.5.2/thumb2\libgcc.a(_arm_cmpdf2.o)
__aeabi_dcmple                                    c:/codesourcery_2011.03-42/bin/../lib/gcc/arm-none-eabi/4.5.2/thumb2\libgcc.a(_arm_cmpdf2.o)
__aeabi_dcmplt                                    c:/codesourcery_2011.03-42/bin/../lib/gcc/arm-none-eabi/4.5.2/thumb2\libgcc.a(_arm_cmpdf2.o)
                                                  ./..\libarduino_sam3s_ek_gcc_dbg.a(Print.o)
__aeabi_ddiv                                      c:/codesourcery_2011.03-42/bin/../lib/gcc/arm-none-eabi/4.5.2/thumb2\libgcc.a(_arm_muldivdf3.o)
                                                  ./..\libarduino_sam3s_ek_gcc_dbg.a(Print.o)
__aeabi_dmul                                      c:/codesourcery_2011.03-42/bin/../lib/gcc/arm-none-eabi/4.5.2/thumb2\libgcc.a(_arm_muldivdf3.o)
                                                  ./..\libarduino_sam3s_ek_gcc_dbg.a(Print.o)
__aeabi_drsub                                     c:/codesourcery_2011.03-42/bin/../lib/gcc/arm-none-eabi/4.5.2/thumb2\libgcc.a(_arm_addsubdf3.o)
__aeabi_dsub                                      c:/codesourcery_2011.03-42/bin/../lib/gcc/arm-none-eabi/4.5.2/thumb2\libgcc.a(_arm_addsubdf3.o)
                                                  ./..\libarduino_sam3s_ek_gcc_dbg.a(Print.o)
__aeabi_f2d                                       c:/codesourcery_2011.03-42/bin/../lib/gcc/arm-none-eabi/4.5.2/thumb2\libgcc.a(_arm_addsubdf3.o)
__aeabi_i2d                                       c:/codesourcery_2011.03-42/bin/../lib/gcc/arm-none-eabi/4.5.2/thumb2\libgcc.a(_arm_addsubdf3.o)
                                                  ./..\libarduino_sam3s_ek_gcc_dbg.a(Print.o)
__aeabi_idiv0                                     c:/codesourcery_2011.03-42/bin/../lib/gcc/arm-none-eabi/4.5.2/thumb2\libgcc.a(_dvmd_tls.o)
                                                  c:/codesourcery_2011.03-42/bin/../lib/gcc/arm-none-eabi/4.5.2/thumb2\libgcc.a(_udivsi3.o)
__aeabi_l2d                                       c:/codesourcery_2011.03-42/bin/../lib/gcc/arm-none-eabi/4.5.2/thumb2\libgcc.a(_arm_addsubdf3.o)
__aeabi_ldiv0                                     c:/codesourcery_2011.03-42/bin/../lib/gcc/arm-none-eabi/4.5.2/thumb2\libgcc.a(_dvmd_tls.o)