Archive member included because of file (symbol)

c:/codesourcery_2011.03-42/bin/../lib/gcc/arm-none-eabi/4.5.2/thumb2\libgcc.a(unwind-arm.o)
                              test.o (__aeabi_unwind_cpp_pr0)
c:/codesourcery_2011.03-42/bin/../lib/gcc/arm-none-eabi/4.5.2/thumb2\libgcc.a(libunwind.o)
                              c:/codesourcery_2011.03-42/bin/../lib/gcc/arm-none-eabi/4.5.2/thumb2\libgcc.a(unwind-arm.o) (restore_core_regs)
c:/codesourcery_2011.03-42/bin/../lib/gcc/arm-none-eabi/4.5.2/thumb2\libgcc.a(pr-support.o)
                              c:/codesourcery_2011.03-42/bin/../lib/gcc/arm-none-eabi/4.5.2/thumb2\libgcc.a(unwind-arm.o) (__gnu_unwind_execute)
c:\codesourcery_2011.03-42\bin\../arm-none-eabi/lib/thumb2\libc.a(lib_a-abort.o)
                              c:/codesourcery_2011.03-42/bin/../lib/gcc/arm-none-eabi/4.5.2/thumb2\libgcc.a(unwind-arm.o) (abort)
c:\codesourcery_2011.03-42\bin\../arm-none-eabi/lib/thumb2\libc.a(lib_a-memcpy.o)
                              c:/codesourcery_2011.03-42/bin/../lib/gcc/arm-none-eabi/4.5.2/thumb2\libgcc.a(unwind-arm.o) (memcpy)
c:\codesourcery_2011.03-42\bin\../arm-none-eabi/lib/thumb2\libc.a(lib_a-signal.o)
                              c:\codesourcery_2011.03-42\bin\../arm-none-eabi/lib/thumb2\libc.a(lib_a-abort.o) (raise)
c:\codesourcery_2011.03-42\bin\../arm-none-eabi/lib/thumb2\libc.a(lib_a-signalr.o)
                              c:\codesourcery_2011.03-42\bin\../arm-none-eabi/lib/thumb2\libc.a(lib_a-signal.o) (_kill_r)
c:\codesourcery_2011.03-42\bin\../arm-none-eabi/lib/thumb2\libc.a(lib_a-impure.o)
                              c:\codesourcery_2011.03-42\bin\../arm-none-eabi/lib/thumb2\libc.a(lib_a-signal.o) (_impure_ptr)
c:\codesourcery_2011.03-42\bin\../arm-none-eabi/lib/thumb2\libc.a(lib_a-mallocr.o)
                              c:\codesourcery_2011.03-42\bin\../arm-none-eabi/lib/thumb2\libc.a(lib_a-signal.o) (_malloc_r)
c:\codesourcery_2011.03-42\bin\../arm-none-eabi/lib/thumb2\libc.a(lib_a-mlock.o)
                              c:\codesourcery_2011.03-42\bin\../arm-none-eabi/lib/thumb2\libc.a(lib_a-mallocr.o) (__malloc_lock)
c:\codesourcery_2011.03-42\bin\../arm-none-eabi/lib/thumb2\libc.a(lib_a-reent.o)
                              c:\codesourcery_2011.03-42\bin\../arm-none-eabi/lib/thumb2\libc.a(lib_a-signalr.o) (errno)
c:\codesourcery_2011.03-42\bin\../arm-none-eabi/lib/thumb2\libc.a(lib_a-sbrkr.o)
                              c:\codesourcery_2011.03-42\bin\../arm-none-eabi/lib/thumb2\libc.a(lib_a-mallocr.o) (_sbrk_r)
c:\codesourcery_2011.03-42\bin\../arm-none-eabi/lib/thumb2\libc.a(lib_a-freer.o)
                              c:\codesourcery_2011.03-42\bin\../arm-none-eabi/lib/thumb2\libc.a(lib_a-mallocr.o) (_free_r)
./..\libarduino_sam3s_ek_gcc_dbg.a(board_cstartup_gnu_sam3.o)
                              (Reset_Handler)
./..\libarduino_sam3s_ek_gcc_dbg.a(syscalls_sam3.o)
                              c:\codesourcery_2011.03-42\bin\../arm-none-eabi/lib/thumb2\libc.a(lib_a-sbrkr.o) (_sbrk)
./..\libarduino_sam3s_ek_gcc_dbg.a(wiring.o)
                              ./..\libarduino_sam3s_ek_gcc_dbg.a(board_cstartup_gnu_sam3.o) (SysTick_Handler)
./..\libarduino_sam3s_ek_gcc_dbg.a(wiring_digital.o)
                              test.o (pinMode)
./..\libarduino_sam3s_ek_gcc_dbg.a(Print.o)
                              test.o (Print::println(char const*))
./..\libarduino_sam3s_ek_gcc_dbg.a(UART.o)
                              test.o (UARTClass::begin(unsigned long))
./..\libarduino_sam3s_ek_gcc_dbg.a(WString.o)
                              ./..\libarduino_sam3s_ek_gcc_dbg.a(Print.o) (String::operator[](unsigned int) const)
./..\libarduino_sam3s_ek_gcc_dbg.a(main.o)
                              ./..\libarduino_sam3s_ek_gcc_dbg.a(board_cstartup_gnu_sam3.o) (main)
./..\libarduino_sam3s_ek_gcc_dbg.a(variant.o)
                              test.o (Serial1)
./..\libarduino_sam3s_ek_gcc_dbg.a(HardwareSerial.o)
                              ./..\libarduino_sam3s_ek_gcc_dbg.a(UART.o) (store_char(unsigned char, _ring_buffer*))
c:/codesourcery_2011.03-42/bin/../lib/gcc/arm-none-eabi/4.5.2/thumb2\libgcc.a(_arm_addsubdf3.o)
                              ./..\libarduino_sam3s_ek_gcc_dbg.a(Print.o) (__aeabi_dsub)
c:/codesourcery_2011.03-42/bin/../lib/gcc/arm-none-eabi/4.5.2/thumb2\libgcc.a(_arm_muldivdf3.o)
                              ./..\libarduino_sam3s_ek_gcc_dbg.a(Print.o) (__aeabi_dmul)
c:/codesourcery_2011.03-42/bin/../lib/gcc/arm-none-eabi/4.5.2/thumb2\libgcc.a(_arm_cmpdf2.o)
                              ./..\libarduino_sam3s_ek_gcc_dbg.a(Print.o) (__aeabi_dcmplt)
c:/codesourcery_2011.03-42/bin/../lib/gcc/arm-none-eabi/4.5.2/thumb2\libgcc.a(_arm_fixdfsi.o)
                              ./..\libarduino_sam3s_ek_gcc_dbg.a(Print.o) (__aeabi_d2iz)
c:/codesourcery_2011.03-42/bin/../lib/gcc/arm-none-eabi/4.5.2/thumb2\libgcc.a(_arm_fixunsdfsi.o)
                              ./..\libarduino_sam3s_ek_gcc_dbg.a(Print.o) (__aeabi_d2uiz)
[...]
Memory Configuration

Name             Origin             Length             Attributes
rom              0x00400000         0x00040000         xr
ram              0x20000000         0x0000c000         xrw
*default*        0x00000000         0xffffffff

Linker script and memory map

LOAD c:/codesourcery_2011.03-42/bin/../lib/gcc/arm-none-eabi/4.5.2/thumb2/crti.o
LOAD c:/codesourcery_2011.03-42/bin/../lib/gcc/arm-none-eabi/4.5.2/thumb2/crtbegin.o
LOAD test.o
START GROUP
LOAD c:/codesourcery_2011.03-42/bin/../lib/gcc/arm-none-eabi/4.5.2/thumb2\libgcc.a
LOAD c:\codesourcery_2011.03-42\bin\../arm-none-eabi/lib/thumb2\libc.a
LOAD ./..\libchip_sam3s4_gcc_dbg.a
LOAD ./..\libarduino_sam3s_ek_gcc_dbg.a
END GROUP
START GROUP
LOAD c:/codesourcery_2011.03-42/bin/../lib/gcc/arm-none-eabi/4.5.2/thumb2\libgcc.a
LOAD c:\codesourcery_2011.03-42\bin\../arm-none-eabi/lib/thumb2\libc.a
END GROUP
LOAD c:/codesourcery_2011.03-42/bin/../lib/gcc/arm-none-eabi/4.5.2/thumb2/crtend.o
LOAD c:/codesourcery_2011.03-42/bin/../lib/gcc/arm-none-eabi/4.5.2/thumb2/crtn.o

.text           0x00400000     0x748c
                0x00400000                . = ALIGN (0x4)
                0x00400000                _sfixed = .
 *(.vectors .vectors.*)
 .vectors       0x00400000       0xd0 ./..\libarduino_sam3s_ek_gcc_dbg.a(board_cstartup_gnu_sam3.o)
                0x00400000                vector_table
 *(.text .text.* .gnu.linkonce.t.*)
 .text          0x004000d0       0x30 c:/codesourcery_2011.03-42/bin/../lib/gcc/arm-none-eabi/4.5.2/thumb2/crtbegin.o
 .text.setup    0x00400100       0x28 test.o
                0x00400100                setup
 .text.loop     0x00400128       0x60 test.o
                0x00400128                loop
 .text          0x00400188      0xc38 c:/codesourcery_2011.03-42/bin/../lib/gcc/arm-none-eabi/4.5.2/thumb2\libgcc.a(unwind-arm.o)
                0x00400464                _Unwind_VRS_Get
                0x004004b0                _Unwind_VRS_Set
                0x0040084c                __aeabi_unwind_cpp_pr2
                0x00400850                __aeabi_unwind_cpp_pr1
                0x00400854                __aeabi_unwind_cpp_pr0
                0x00400858                _Unwind_VRS_Pop
                0x00400c40                _Unwind_GetCFA
                0x00400c44                __gnu_Unwind_RaiseException
                0x00400cb4                __gnu_Unwind_ForcedUnwind
                0x00400cc8                __gnu_Unwind_Resume
                0x00400d04                __gnu_Unwind_Resume_or_Rethrow
                0x00400d1c                _Unwind_Complete
                0x00400d20                _Unwind_DeleteException
                0x00400d30                __gnu_Unwind_Backtrace
 .text          0x00400dc0      0x1ac c:/codesourcery_2011.03-42/bin/../lib/gcc/arm-none-eabi/4.5.2/thumb2\libgcc.a(libunwind.o)
                0x00400dc0                __restore_core_regs
                0x00400dc0                restore_core_regs
                0x00400dd8                __gnu_Unwind_Restore_VFP
                0x00400de0                __gnu_Unwind_Save_VFP
                0x00400de8                __gnu_Unwind_Restore_VFP_D
                0x00400df0                __gnu_Unwind_Save_VFP_D
                0x00400df8                __gnu_Unwind_Restore_VFP_D_16_to_31
                0x00400e00                __gnu_Unwind_Save_VFP_D_16_to_31
                0x00400e08                __gnu_Unwind_Restore_WMMXD
                0x00400e4c                __gnu_Unwind_Save_WMMXD
                0x00400e90                __gnu_Unwind_Restore_WMMXC
                0x00400ea4                __gnu_Unwind_Save_WMMXC
                0x00400eb8                ___Unwind_RaiseException
                0x00400eb8                _Unwind_RaiseException
                0x00400edc                _Unwind_Resume
                0x00400edc                ___Unwind_Resume
                0x00400f00                _Unwind_Resume_or_Rethrow
                0x00400f00                ___Unwind_Resume_or_Rethrow
                0x00400f24                _Unwind_ForcedUnwind
                0x00400f24                ___Unwind_ForcedUnwind
                0x00400f48                ___Unwind_Backtrace
                0x00400f48                _Unwind_Backtrace
 .text          0x00400f6c      0x3c0 c:/codesourcery_2011.03-42/bin/../lib/gcc/arm-none-eabi/4.5.2/thumb2\libgcc.a(pr-support.o)
                0x00400fc0                __gnu_unwind_execute
                0x004012d0                __gnu_unwind_frame
                0x004012fc                _Unwind_GetRegionStart
                0x00401308                _Unwind_GetLanguageSpecificData
                0x0040131c                _Unwind_GetDataRelBase
                0x00401324                _Unwind_GetTextRelBase
 .text          0x0040132c       0x10 c:\codesourcery_2011.03-42\bin\../arm-none-eabi/lib/thumb2\libc.a(lib_a-abort.o)
                0x0040132c                abort
 .text          0x0040133c      0x150 c:\codesourcery_2011.03-42\bin\../arm-none-eabi/lib/thumb2\libc.a(lib_a-memcpy.o)
                0x0040133c                memcpy
 .text          0x0040148c      0x154 c:\codesourcery_2011.03-42\bin\../arm-none-eabi/lib/thumb2\libc.a(lib_a-signal.o)
                0x0040148c                _init_signal_r
                0x004014bc                _signal_r
                0x004014f8                _raise_r
                0x00401550                __sigtramp_r
                0x004015a4                raise
                0x004015b4                signal
                0x004015c4                _init_signal
                0x004015d0                __sigtramp
 .text          0x004015e0       0x30 c:\codesourcery_2011.03-42\bin\../arm-none-eabi/lib/thumb2\libc.a(lib_a-signalr.o)
                0x004015e0                _kill_r
                0x0040160c                _getpid_r
 .text          0x00401610      0x57c c:\codesourcery_2011.03-42\bin\../arm-none-eabi/lib/thumb2\libc.a(lib_a-mallocr.o)
                0x00401610                _malloc_r
 .text          0x00401b8c        0x8 c:\codesourcery_2011.03-42\bin\../arm-none-eabi/lib/thumb2\libc.a(lib_a-mlock.o)
                0x00401b8c                __malloc_lock
                0x00401b90                __malloc_unlock
 .text          0x00401b94       0x28 c:\codesourcery_2011.03-42\bin\../arm-none-eabi/lib/thumb2\libc.a(lib_a-sbrkr.o)
                0x00401b94                _sbrk_r
 .text          0x00401bbc      0x240 c:\codesourcery_2011.03-42\bin\../arm-none-eabi/lib/thumb2\libc.a(lib_a-freer.o)
                0x00401bbc                _malloc_trim_r
                0x00401c64                _free_r
 .text.Reset_Handler
                0x00401dfc       0xc0 ./..\libarduino_sam3s_ek_gcc_dbg.a(board_cstartup_gnu_sam3.o)
                0x00401dfc                Reset_Handler
 .text._sbrk    0x00401ebc       0x40 ./..\libarduino_sam3s_ek_gcc_dbg.a(syscalls_sam3.o)
                0x00401ebc                _sbrk
 .text._close   0x00401efc       0x18 ./..\libarduino_sam3s_ek_gcc_dbg.a(syscalls_sam3.o)
                0x00401efc                _close
 .text._fstat   0x00401f14       0x24 ./..\libarduino_sam3s_ek_gcc_dbg.a(syscalls_sam3.o)
                0x00401f14                _fstat
 .text._isatty  0x00401f38       0x18 ./..\libarduino_sam3s_ek_gcc_dbg.a(syscalls_sam3.o)
                0x00401f38                _isatty
 .text._lseek   0x00401f50       0x1c ./..\libarduino_sam3s_ek_gcc_dbg.a(syscalls_sam3.o)
                0x00401f50                _lseek
 .text._read    0x00401f6c       0x1c ./..\libarduino_sam3s_ek_gcc_dbg.a(syscalls_sam3.o)
                0x00401f6c                _read
 .text._write   0x00401f88       0x3c ./..\libarduino_sam3s_ek_gcc_dbg.a(syscalls_sam3.o)
                0x00401f88                _write
 .text._exit    0x00401fc4       0x1c ./..\libarduino_sam3s_ek_gcc_dbg.a(syscalls_sam3.o)
                0x00401fc4                _exit
 .text._kill    0x00401fe0       0x14 ./..\libarduino_sam3s_ek_gcc_dbg.a(syscalls_sam3.o)
                0x00401fe0                _kill
 .text._getpid  0x00401ff4       0x10 ./..\libarduino_sam3s_ek_gcc_dbg.a(syscalls_sam3.o)
                0x00401ff4                _getpid
 .text.NVIC_SetPriority
                0x00402004       0x58 ./..\libarduino_sam3s_ek_gcc_dbg.a(wiring.o)
 .text.SysTick_Config
                0x0040205c       0x58 ./..\libarduino_sam3s_ek_gcc_dbg.a(wiring.o)
 .text.SysTick_Handler
                0x004020b4       0x10 ./..\libarduino_sam3s_ek_gcc_dbg.a(wiring.o)
                0x004020b4                SysTick_Handler
 .text.LowLevelInit_sam3s_ek
                0x004020c4       0xb8 ./..\libarduino_sam3s_ek_gcc_dbg.a(wiring.o)
 .text.init     0x0040217c       0x4c ./..\libarduino_sam3s_ek_gcc_dbg.a(wiring.o)
                0x0040217c                init
 .text.pinMode  0x004021c8       0xd8 ./..\libarduino_sam3s_ek_gcc_dbg.a(wiring_digital.o)
                0x004021c8                pinMode
 .text.digitalWrite
                0x004022a0       0x7c ./..\libarduino_sam3s_ek_gcc_dbg.a(wiring_digital.o)
                0x004022a0                digitalWrite
 .text._ZN5Print5writeEPKc
                0x0040231c       0x40 ./..\libarduino_sam3s_ek_gcc_dbg.a(Print.o)
                0x0040231c                Print::write(char const*)
 .text._ZN5Print5writeEPKhj
                0x0040235c       0x48 ./..\libarduino_sam3s_ek_gcc_dbg.a(Print.o)
                0x0040235c                Print::write(unsigned char const*, unsigned int)
 .text._ZN5Print5printEPKc
                0x004023a4       0x24 ./..\libarduino_sam3s_ek_gcc_dbg.a(Print.o)
                0x004023a4                Print::print(char const*)
 .text._ZN5Print5printEc
                0x004023c8       0x24 ./..\libarduino_sam3s_ek_gcc_dbg.a(Print.o)
                0x004023c8                Print::print(char)
 .text._ZN5Print7printlnEv
                0x004023ec       0x28 ./..\libarduino_sam3s_ek_gcc_dbg.a(Print.o)
                0x004023ec                Print::println()
 .text._ZN5Print7printlnEPKc
                0x00402414       0x28 ./..\libarduino_sam3s_ek_gcc_dbg.a(Print.o)
                0x00402414                Print::println(char const*)
 .text._ZN5PrintC2Ev
                0x0040243c       0x20 ./..\libarduino_sam3s_ek_gcc_dbg.a(UART.o)
                0x0040243c                Print::Print()
                0x0040243c                Print::Print()
 .text._ZN6StreamC2Ev
                0x0040245c       0x2c ./..\libarduino_sam3s_ek_gcc_dbg.a(UART.o)
                0x0040245c                Stream::Stream()
                0x0040245c                Stream::Stream()
 .text._ZN14HardwareSerialC2Ev
                0x00402488       0x2c ./..\libarduino_sam3s_ek_gcc_dbg.a(UART.o)
                0x00402488                HardwareSerial::HardwareSerial()
                0x00402488                HardwareSerial::HardwareSerial()
 .text._ZN9UARTClassC2EP4Uart4IRQnmP12_ring_bufferS4_
                0x004024b4       0x50 ./..\libarduino_sam3s_ek_gcc_dbg.a(UART.o)
                0x004024b4                UARTClass::UARTClass(Uart*, IRQn, unsigned long, _ring_buffer*, _ring_buffer*)
                0x004024b4                UARTClass::UARTClass(Uart*, IRQn, unsigned long, _ring_buffer*, _ring_buffer*)
 .text._ZN9UARTClass5beginEm
                0x00402504       0x5c ./..\libarduino_sam3s_ek_gcc_dbg.a(UART.o)
                0x00402504                UARTClass::begin(unsigned long)
 .text._ZN9UARTClass3endEv
                0x00402560       0x44 ./..\libarduino_sam3s_ek_gcc_dbg.a(UART.o)
                0x00402560                UARTClass::end()
 .text._ZN9UARTClass9availableEv
                0x004025a4       0x2c ./..\libarduino_sam3s_ek_gcc_dbg.a(UART.o)
                0x004025a4                UARTClass::available()
 .text._ZN9UARTClass4peekEv
                0x004025d0       0x40 ./..\libarduino_sam3s_ek_gcc_dbg.a(UART.o)
                0x004025d0                UARTClass::peek()
 .text._ZN9UARTClass4readEv
                0x00402610       0x58 ./..\libarduino_sam3s_ek_gcc_dbg.a(UART.o)
                0x00402610                UARTClass::read()
 .text._ZN9UARTClass5flushEv
                0x00402668       0x2c ./..\libarduino_sam3s_ek_gcc_dbg.a(UART.o)
                0x00402668                UARTClass::flush()
 .text._ZN9UARTClass5writeEh
                0x00402694       0x88 ./..\libarduino_sam3s_ek_gcc_dbg.a(UART.o)
                0x00402694                UARTClass::write(unsigned char)
 .text.main     0x0040271c       0x20 ./..\libarduino_sam3s_ek_gcc_dbg.a(main.o)
                0x0040271c                main
 .text._Z41__static_initialization_and_destruction_0ii
                0x0040273c       0x78 ./..\libarduino_sam3s_ek_gcc_dbg.a(variant.o)
 .text._GLOBAL__I_rx_buffer1
                0x004027b4       0x18 ./..\libarduino_sam3s_ek_gcc_dbg.a(variant.o)
 .text          0x004027cc       0x50 c:\codesourcery_2011.03-42\bin\../arm-none-eabi/lib/thumb2\libc.a(lib_a-init.o)
                0x004027cc                __libc_init_array
 .text          0x0040281c       0x64 c:\codesourcery_2011.03-42\bin\../arm-none-eabi/lib/thumb2\libc.a(lib_a-iprintf.o)
                0x0040281c                iprintf
                0x00402854                _iprintf_r
 .text          0x00402880       0xb4 c:\codesourcery_2011.03-42\bin\../arm-none-eabi/lib/thumb2\libc.a(lib_a-memmove.o)
                0x00402880                memmove
 .text          0x00402934      0x41c c:\codesourcery_2011.03-42\bin\../arm-none-eabi/lib/thumb2\libc.a(lib_a-reallocr.o)
                0x00402934                _realloc_r
 .text          0x00402d50      0x1dc c:\codesourcery_2011.03-42\bin\../arm-none-eabi/lib/thumb2\libc.a(lib_a-strcmp.o)
                0x00402d50                strcmp
 .text          0x00402f2c       0x60 c:\codesourcery_2011.03-42\bin\../arm-none-eabi/lib/thumb2\libc.a(lib_a-strlen.o)
                0x00402f2c                strlen
 .text          0x00402f8c      0xdbc c:\codesourcery_2011.03-42\bin\../arm-none-eabi/lib/thumb2\libc.a(lib_a-vfiprintf.o)
                0x00402f8c                __sprint_r
                0x00403010                _vfiprintf_r
                0x00403d2c                vfiprintf
 .text          0x00403d48      0x104 c:\codesourcery_2011.03-42\bin\../arm-none-eabi/lib/thumb2\libc.a(lib_a-wsetup.o)
                0x00403d48                __swsetup_r
 .text          0x00403e4c      0x1ec c:\codesourcery_2011.03-42\bin\../arm-none-eabi/lib/thumb2\libc.a(lib_a-fflush.o)
                0x00403e4c                _fflush_r
                0x00404010                fflush
 .text          0x00404038      0x220 c:\codesourcery_2011.03-42\bin\../arm-none-eabi/lib/thumb2\libc.a(lib_a-findfp.o)
                0x00404040                _cleanup_r
                0x0040404c                __sfmoreglue
                0x0040407c                _cleanup
                0x00404088                __sinit
                0x00404190                __sfp
                0x00404218                __sfp_lock_acquire
                0x0040421c                __sfp_lock_release
                0x00404220                __sinit_lock_acquire
                0x00404224                __sinit_lock_release
                0x00404228                __fp_lock_all
                0x00404240                __fp_unlock_all
 .text          0x00404258      0x140 c:\codesourcery_2011.03-42\bin\../arm-none-eabi/lib/thumb2\libc.a(lib_a-fputwc.o)
                0x00404258                _fputwc_r
                0x00404340                fputwc
 .text          0x00404398      0x338 c:\codesourcery_2011.03-42\bin\../arm-none-eabi/lib/thumb2\libc.a(lib_a-fvwrite.o)
                0x00404398                __sfvwrite_r
 .text          0x004046d0       0xac c:\codesourcery_2011.03-42\bin\../arm-none-eabi/lib/thumb2\libc.a(lib_a-fwalk.o)
                0x004046d0                _fwalk
                0x00404724                _fwalk_reent
 .text          0x0040477c       0xa0 c:\codesourcery_2011.03-42\bin\../arm-none-eabi/lib/thumb2\libc.a(lib_a-locale.o)
                0x0040477c                _setlocale_r
                0x004047d8                __locale_charset
                0x004047e4                __locale_mb_cur_max
                0x004047f0                __locale_msgcharset
                0x004047f8                __locale_cjk_lang
                0x004047fc                _localeconv_r
                0x00404804                setlocale
                0x00404814                localeconv
 .text          0x0040481c       0xec c:\codesourcery_2011.03-42\bin\../arm-none-eabi/lib/thumb2\libc.a(lib_a-makebuf.o)
                0x0040481c                __smakebuf_r
 .text          0x00404908       0x8c c:\codesourcery_2011.03-42\bin\../arm-none-eabi/lib/thumb2\libc.a(lib_a-memchr.o)
                0x00404908                memchr
 .text          0x00404994       0xb4 c:\codesourcery_2011.03-42\bin\../arm-none-eabi/lib/thumb2\libc.a(lib_a-memset.o)
                0x00404994                memset
 .text          0x00404a48       0x94 c:\codesourcery_2011.03-42\bin\../arm-none-eabi/lib/thumb2\libc.a(lib_a-stdio.o)
                0x00404a48                __sread
                0x00404a6c                __seofread
                0x00404a70                __swrite
                0x00404aac                __sseek
                0x00404ad4                __sclose
 .text          0x00404adc       0xfc c:\codesourcery_2011.03-42\bin\../arm-none-eabi/lib/thumb2\libc.a(lib_a-wbuf.o)
                0x00404adc                __swbuf_r
                0x00404bc8                __swbuf
 .text          0x00404bd8       0xd0 c:\codesourcery_2011.03-42\bin\../arm-none-eabi/lib/thumb2\libc.a(lib_a-wcrtomb.o)
                0x00404bd8                _wcrtomb_r
                0x00404c34                wcrtomb
 .text          0x00404ca8       0x4c c:\codesourcery_2011.03-42\bin\../arm-none-eabi/lib/thumb2\libc.a(lib_a-wctomb_r.o)
                0x00404ca8                __ascii_wctomb
                0x00404cc4                _wctomb_r
 .text          0x00404cf4       0x2c c:\codesourcery_2011.03-42\bin\../arm-none-eabi/lib/thumb2\libc.a(lib_a-writer.o)
                0x00404cf4                _write_r
 .text          0x00404d20       0x28 c:\codesourcery_2011.03-42\bin\../arm-none-eabi/lib/thumb2\libc.a(lib_a-closer.o)
                0x00404d20                _close_r
 .text          0x00404d48       0xc4 c:\codesourcery_2011.03-42\bin\../arm-none-eabi/lib/thumb2\libc.a(lib_a-fclose.o)
                0x00404d48                _fclose_r
                0x00404dfc                fclose
 .text          0x00404e0c       0x2c c:\codesourcery_2011.03-42\bin\../arm-none-eabi/lib/thumb2\libc.a(lib_a-fstatr.o)
                0x00404e0c                _fstat_r
 .text          0x00404e38       0x28 c:\codesourcery_2011.03-42\bin\../arm-none-eabi/lib/thumb2\libc.a(lib_a-isattyr.o)
                0x00404e38                _isatty_r
 .text          0x00404e60       0x2c c:\codesourcery_2011.03-42\bin\../arm-none-eabi/lib/thumb2\libc.a(lib_a-lseekr.o)
                0x00404e60                _lseek_r
 .text          0x00404e8c       0x2c c:\codesourcery_2011.03-42\bin\../arm-none-eabi/lib/thumb2\libc.a(lib_a-readr.o)
                0x00404e8c                _read_r
 .text.Dummy_Handler
                0x00404eb8        0x8 ./..\libchip_sam3s4_gcc_dbg.a(exceptions.o)
                0x00404eb8                DebugMon_Handler
                0x00404eb8                UART0_IrqHandler
                0x00404eb8                HardFault_Handler
                0x00404eb8                TWI1_IrqHandler
                0x00404eb8                SUPC_IrqHandler
                0x00404eb8                PendSV_Handler
                0x00404eb8                NMI_Handler
                0x00404eb8                PIOC_IrqHandler
                0x00404eb8                TC3_IrqHandler
                0x00404eb8                WDT_IrqHandler
                0x00404eb8                TC1_IrqHandler
                0x00404eb8                ACC_IrqHandler
                0x00404eb8                TC0_IrqHandler
                0x00404eb8                UsageFault_Handler
                0x00404eb8                USART1_IrqHandler
                0x00404eb8                RTT_IrqHandler
                0x00404eb8                SSC_IrqHandler
                0x00404eb8                TC5_IrqHandler
                0x00404eb8                TC4_IrqHandler
                0x00404eb8                Dummy_Handler
                0x00404eb8                PIOA_IrqHandler
                0x00404eb8                USART0_IrqHandler
                0x00404eb8                PIOB_IrqHandler
                0x00404eb8                DAC_IrqHandler
                0x00404eb8                TC2_IrqHandler
                0x00404eb8                MCI_IrqHandler
                0x00404eb8                USBD_IrqHandler
                0x00404eb8                CRCCU_IrqHandler
                0x00404eb8                MemManage_Handler
                0x00404eb8                UART1_IrqHandler
                0x00404eb8                SVC_Handler
                0x00404eb8                SPI_IrqHandler
                0x00404eb8                RTC_IrqHandler
                0x00404eb8                EEFC_IrqHandler
                0x00404eb8                RSTC_IrqHandler
                0x00404eb8                SMC_IrqHandler
                0x00404eb8                PMC_IrqHandler
                0x00404eb8                BusFault_Handler
                0x00404eb8                TWI0_IrqHandler
                0x00404eb8                ADC_IrqHandler
                0x00404eb8                PWM_IrqHandler
 .text.PIO_DisableInterrupt
                0x00404ec0       0x1c ./..\libchip_sam3s4_gcc_dbg.a(pio.o)
                0x00404ec0                PIO_DisableInterrupt
 .text.PIO_PullUp
                0x00404edc       0x30 ./..\libchip_sam3s4_gcc_dbg.a(pio.o)
                0x00404edc                PIO_PullUp
 .text.PIO_SetPeripheral
                0x00404f0c      0x10c ./..\libchip_sam3s4_gcc_dbg.a(pio.o)
                0x00404f0c                PIO_SetPeripheral
 .text.PIO_SetInput
                0x00405018       0x80 ./..\libchip_sam3s4_gcc_dbg.a(pio.o)
                0x00405018                PIO_SetInput
 .text.PIO_SetOutput
                0x00405098       0x64 ./..\libchip_sam3s4_gcc_dbg.a(pio.o)
                0x00405098                PIO_SetOutput
 .text.PIO_Configure
                0x004050fc       0xf8 ./..\libchip_sam3s4_gcc_dbg.a(pio.o)
                0x004050fc                PIO_Configure
 .text.PMC_EnablePeripheral
                0x004051f4       0xa4 ./..\libchip_sam3s4_gcc_dbg.a(pmc.o)
                0x004051f4                PMC_EnablePeripheral
 .text.PMC_DisablePeripheral
                0x00405298       0xa4 ./..\libchip_sam3s4_gcc_dbg.a(pmc.o)
                0x00405298                PMC_DisablePeripheral
 .text.WDT_Disable
                0x0040533c       0x1c ./..\libchip_sam3s4_gcc_dbg.a(wdt.o)
                0x0040533c                WDT_Disable
 .text.TimeTick_Increment
                0x00405358       0x1c ./..\libchip_sam3s4_gcc_dbg.a(timetick.o)
                0x00405358                TimeTick_Increment
 *fill*         0x00405374        0x4 00
 .text          0x00405378      0x278 c:/codesourcery_2011.03-42/bin/../lib/gcc/arm-none-eabi/4.5.2/thumb2\libgcc.a(_udivsi3.o)
                0x00405378                __aeabi_uidiv
                0x00405378                __udivsi3
                0x004055d4                __aeabi_uidivmod
 .text          0x004055f0        0x4 c:/codesourcery_2011.03-42/bin/../lib/gcc/arm-none-eabi/4.5.2/thumb2\libgcc.a(_dvmd_tls.o)
                0x004055f0                __aeabi_idiv0
                0x004055f0                __aeabi_ldiv0
 .text          0x004055f4       0x2c c:/codesourcery_2011.03-42/bin/../lib/gcc/arm-none-eabi/4.5.2/thumb2\libgcc.a(_aeabi_uldivmod.o)
                0x004055f4                __aeabi_uldivmod
 .text          0x00405620       0x60 c:/codesourcery_2011.03-42/bin/../lib/gcc/arm-none-eabi/4.5.2/thumb2\libgcc.a(bpabi.o)
                0x00405620                __gnu_ldivmod_helper
                0x00405650                __gnu_uldivmod_helper
 .text          0x00405680      0x360 c:/codesourcery_2011.03-42/bin/../lib/gcc/arm-none-eabi/4.5.2/thumb2\libgcc.a(_divdi3.o)
                0x00405680                __divdi3
 .text          0x004059e0      0x308 c:/codesourcery_2011.03-42/bin/../lib/gcc/arm-none-eabi/4.5.2/thumb2\libgcc.a(_udivdi3.o)
                0x004059e0                __udivdi3
 .text          0x00405ce8       0x54 c:\codesourcery_2011.03-42\bin\../arm-none-eabi/lib/thumb2\libc.a(lib_a-assert.o)
                0x00405ce8                __assert_func
                0x00405d30                __assert
 .text          0x00405d3c       0x4c c:\codesourcery_2011.03-42\bin\../arm-none-eabi/lib/thumb2\libc.a(lib_a-fiprintf.o)
                0x00405d3c                _fiprintf_r
                0x00405d5c                fiprintf
 *(.glue_7t)
 .glue_7t       0x00000000        0x0 linker stubs
 *(.glue_7)
 .glue_7        0x00000000        0x0 linker stubs
 *(.rodata .rodata* .gnu.linkonce.r.*)
 .rodata        0x00405d88      0x404 test.o
 .rodata        0x0040618c        0x4 c:\codesourcery_2011.03-42\bin\../arm-none-eabi/lib/thumb2\libc.a(lib_a-impure.o)
                0x0040618c                _global_impure_ptr
 .rodata.str1.4
                0x00406190        0x2 c:\codesourcery_2011.03-42\bin\../arm-none-eabi/lib/thumb2\libc.a(lib_a-impure.o)
                                  0x4 (size before relaxing)
 *fill*         0x00406192        0x2 00
 .rodata        0x00406194       0x1c ./..\libarduino_sam3s_ek_gcc_dbg.a(syscalls_sam3.o)
 .rodata        0x004061b0      0x3f4 ./..\libarduino_sam3s_ek_gcc_dbg.a(wiring.o)
 .rodata        0x004065a4      0x3f4 ./..\libarduino_sam3s_ek_gcc_dbg.a(wiring_digital.o)
 .rodata        0x00406998      0x420 ./..\libarduino_sam3s_ek_gcc_dbg.a(Print.o)
                0x004069a0                vtable for Print
                0x004069b4                typeinfo for Print
                0x004069bc                typeinfo name for Print
 .rodata        0x00406db8      0x438 ./..\libarduino_sam3s_ek_gcc_dbg.a(UART.o)
                0x00406db8                vtable for UARTClass
                0x00406de4                typeinfo for UARTClass
                0x00406df0                typeinfo name for UARTClass
 .rodata._ZTV14HardwareSerial
                0x004071f0       0x30 ./..\libarduino_sam3s_ek_gcc_dbg.a(UART.o)
                0x004071f0                vtable for HardwareSerial
 .rodata._ZTV6Stream
                0x00407220       0x28 ./..\libarduino_sam3s_ek_gcc_dbg.a(UART.o)
                0x00407220                vtable for Stream
 .rodata._ZTS14HardwareSerial
                0x00407248       0x14 ./..\libarduino_sam3s_ek_gcc_dbg.a(UART.o)
                0x00407248                typeinfo name for HardwareSerial
 .rodata._ZTI14HardwareSerial
                0x0040725c        0xc ./..\libarduino_sam3s_ek_gcc_dbg.a(UART.o)
                0x0040725c                typeinfo for HardwareSerial
 .rodata._ZTS6Stream
                0x00407268        0x8 ./..\libarduino_sam3s_ek_gcc_dbg.a(UART.o)
                0x00407268                typeinfo name for Stream
 .rodata._ZTI6Stream
                0x00407270        0xc ./..\libarduino_sam3s_ek_gcc_dbg.a(UART.o)
                0x00407270                typeinfo for Stream
 .rodata        0x0040727c       0x20 c:\codesourcery_2011.03-42\bin\../arm-none-eabi/lib/thumb2\libc.a(lib_a-vfiprintf.o)
 .rodata.str1.4
                0x0040729c       0x2f c:\codesourcery_2011.03-42\bin\../arm-none-eabi/lib/thumb2\libc.a(lib_a-vfiprintf.o)
                                 0x30 (size before relaxing)
 *fill*         0x004072cb        0x1 00
 .rodata        0x004072cc       0x60 c:\codesourcery_2011.03-42\bin\../arm-none-eabi/lib/thumb2\libc.a(lib_a-findfp.o)
                0x004072cc                __sf_fake_stdin
                0x004072ec                __sf_fake_stdout
                0x0040730c                __sf_fake_stderr
 .rodata.str1.4
                0x0040732c        0xa c:\codesourcery_2011.03-42\bin\../arm-none-eabi/lib/thumb2\libc.a(lib_a-locale.o)
                                 0x14 (size before relaxing)
 *fill*         0x00407336        0x2 00
 .rodata        0x00407338       0x60 ./..\libchip_sam3s4_gcc_dbg.a(pmc.o)
 .rodata.str1.4
                0x00407398       0x40 c:\codesourcery_2011.03-42\bin\../arm-none-eabi/lib/thumb2\libc.a(lib_a-assert.o)
                                 0x44 (size before relaxing)
 *(.ARM.extab* .gnu.linkonce.armextab.*)
 .ARM.extab     0x004073d8       0x18 c:/codesourcery_2011.03-42/bin/../lib/gcc/arm-none-eabi/4.5.2/thumb2\libgcc.a(unwind-arm.o)
 .ARM.extab     0x004073f0       0x18 c:/codesourcery_2011.03-42/bin/../lib/gcc/arm-none-eabi/4.5.2/thumb2\libgcc.a(pr-support.o)
 .ARM.extab.text._ZN5Print5writeEPKc
                0x00407408        0xc ./..\libarduino_sam3s_ek_gcc_dbg.a(Print.o)
 .ARM.extab.text._ZN5Print5writeEPKhj
                0x00407414        0xc ./..\libarduino_sam3s_ek_gcc_dbg.a(Print.o)
 .ARM.extab.text._ZN5Print5printEPKc
                0x00407420        0xc ./..\libarduino_sam3s_ek_gcc_dbg.a(Print.o)
 .ARM.extab.text._ZN5Print5printEc
                0x0040742c        0xc ./..\libarduino_sam3s_ek_gcc_dbg.a(Print.o)
 .ARM.extab.text._ZN5Print7printlnEv
                0x00407438        0xc ./..\libarduino_sam3s_ek_gcc_dbg.a(Print.o)
 .ARM.extab.text._ZN5Print7printlnEPKc
                0x00407444        0xc ./..\libarduino_sam3s_ek_gcc_dbg.a(Print.o)
 .ARM.extab.text._ZN5PrintC2Ev
                0x00407450        0x0 ./..\libarduino_sam3s_ek_gcc_dbg.a(UART.o)
 .ARM.extab.text._ZN6StreamC2Ev
                0x00407450        0x0 ./..\libarduino_sam3s_ek_gcc_dbg.a(UART.o)
 .ARM.extab.text._ZN14HardwareSerialC2Ev
                0x00407450        0x0 ./..\libarduino_sam3s_ek_gcc_dbg.a(UART.o)
 .ARM.extab.text._ZN9UARTClass5beginEm
                0x00407450        0xc ./..\libarduino_sam3s_ek_gcc_dbg.a(UART.o)
 .ARM.extab.text._ZN9UARTClass3endEv
                0x0040745c        0xc ./..\libarduino_sam3s_ek_gcc_dbg.a(UART.o)
                0x00407468                . = ALIGN (0x4)
 *(.init)
 .init          0x00407468        0x4 c:/codesourcery_2011.03-42/bin/../lib/gcc/arm-none-eabi/4.5.2/thumb2/crti.o
                0x00407468                _init
 .init          0x0040746c        0x8 c:/codesourcery_2011.03-42/bin/../lib/gcc/arm-none-eabi/4.5.2/thumb2/crtn.o
                0x00407474                . = ALIGN (0x4)
                0x00407474                __preinit_array_start = .
 *(.preinit_array)
                0x00407474                __preinit_array_end = .
                0x00407474                . = ALIGN (0x4)
                0x00407474                __init_array_start = .
 *(SORT(.init_array.*))
 *(.init_array)
 .init_array    0x00407474        0x4 c:/codesourcery_2011.03-42/bin/../lib/gcc/arm-none-eabi/4.5.2/thumb2/crtbegin.o
 .init_array    0x00407478        0x4 ./..\libarduino_sam3s_ek_gcc_dbg.a(variant.o)
                0x0040747c                __init_array_end = .
                0x0040747c                . = ALIGN (0x4)
 *crtbegin.o(.ctors)
 *(EXCLUDE_FILE(*crtend.o) .ctors)
 *(SORT(.ctors.*))
 *crtend.o(.ctors)
                0x0040747c                . = ALIGN (0x4)
 *(.fini)
 .fini          0x0040747c        0x4 c:/codesourcery_2011.03-42/bin/../lib/gcc/arm-none-eabi/4.5.2/thumb2/crti.o
                0x0040747c                _fini
 .fini          0x00407480        0x8 c:/codesourcery_2011.03-42/bin/../lib/gcc/arm-none-eabi/4.5.2/thumb2/crtn.o
                0x00407488                . = ALIGN (0x4)
                0x00407488                __fini_array_start = .
 *(.fini_array)
 .fini_array    0x00407488        0x4 c:/codesourcery_2011.03-42/bin/../lib/gcc/arm-none-eabi/4.5.2/thumb2/crtbegin.o
 *(SORT(.fini_array.*))
                0x0040748c                __fini_array_end = .
 *crtbegin.o(.dtors)
 *(EXCLUDE_FILE(*crtend.o) .dtors)
 *(SORT(.dtors.*))
 *crtend.o(.dtors)
                0x0040748c                . = ALIGN (0x4)
                0x0040748c                _efixed = .
                0x0040748c                PROVIDE (__exidx_start, .)

.jcr            0x0040748c        0x0
 .jcr           0x0040748c        0x0 c:/codesourcery_2011.03-42/bin/../lib/gcc/arm-none-eabi/4.5.2/thumb2/crtbegin.o

.vfp11_veneer   0x0040748c        0x0
 .vfp11_veneer  0x00000000        0x0 linker stubs

.v4_bx          0x0040748c        0x0
 .v4_bx         0x00000000        0x0 linker stubs

.ARM.exidx      0x0040748c      0x128
 *(.ARM.exidx* .gnu.linkonce.armexidx.*)
 .ARM.exidx.text.setup
                0x0040748c        0x8 test.o
 .ARM.exidx.text.loop
                0x00407494        0x0 test.o
                                  0x8 (size before relaxing)
 .ARM.exidx     0x00407494       0x88 c:/codesourcery_2011.03-42/bin/../lib/gcc/arm-none-eabi/4.5.2/thumb2\libgcc.a(unwind-arm.o)
                                 0xc0 (size before relaxing)
 .ARM.exidx     0x0040751c       0x38 c:/codesourcery_2011.03-42/bin/../lib/gcc/arm-none-eabi/4.5.2/thumb2\libgcc.a(pr-support.o)
                                 0x48 (size before relaxing)
 .ARM.exidx.text._ZN5Print5writeEPKc
                0x00407554        0x8 ./..\libarduino_sam3s_ek_gcc_dbg.a(Print.o)
 .ARM.exidx.text._ZN5Print5writeEPKhj
                0x0040755c        0x8 ./..\libarduino_sam3s_ek_gcc_dbg.a(Print.o)
 .ARM.exidx.text._ZN5Print5printEPKc
                0x00407564        0x8 ./..\libarduino_sam3s_ek_gcc_dbg.a(Print.o)
 .ARM.exidx.text._ZN5Print5printEc
                0x0040756c        0x8 ./..\libarduino_sam3s_ek_gcc_dbg.a(Print.o)
 .ARM.exidx.text._ZN5Print7printlnEv
                0x00407574        0x8 ./..\libarduino_sam3s_ek_gcc_dbg.a(Print.o)
 .ARM.exidx.text._ZN5Print7printlnEPKc
                0x0040757c        0x8 ./..\libarduino_sam3s_ek_gcc_dbg.a(Print.o)
 .ARM.exidx.text._ZN5PrintC2Ev
                0x00407584        0x8 ./..\libarduino_sam3s_ek_gcc_dbg.a(UART.o)
 .ARM.exidx.text._ZN6StreamC2Ev
                0x0040758c        0x0 ./..\libarduino_sam3s_ek_gcc_dbg.a(UART.o)
                                  0x8 (size before relaxing)
 .ARM.exidx.text._ZN14HardwareSerialC2Ev
                0x0040758c        0x0 ./..\libarduino_sam3s_ek_gcc_dbg.a(UART.o)
                                  0x8 (size before relaxing)
 .ARM.exidx.text._ZN9UARTClassC2EP4Uart4IRQnmP12_ring_bufferS4_
                0x0040758c        0x0 ./..\libarduino_sam3s_ek_gcc_dbg.a(UART.o)
                                  0x8 (size before relaxing)
 .ARM.exidx.text._ZN9UARTClass5beginEm
                0x0040758c        0x8 ./..\libarduino_sam3s_ek_gcc_dbg.a(UART.o)
 .ARM.exidx.text._ZN9UARTClass3endEv
                0x00407594        0x8 ./..\libarduino_sam3s_ek_gcc_dbg.a(UART.o)
 .ARM.exidx.text._ZN9UARTClass9availableEv
                0x0040759c        0x8 ./..\libarduino_sam3s_ek_gcc_dbg.a(UART.o)
 .ARM.exidx.text._ZN9UARTClass4peekEv
                0x004075a4        0x0 ./..\libarduino_sam3s_ek_gcc_dbg.a(UART.o)
                                  0x8 (size before relaxing)
 .ARM.exidx.text._ZN9UARTClass4readEv
                0x004075a4        0x0 ./..\libarduino_sam3s_ek_gcc_dbg.a(UART.o)
                                  0x8 (size before relaxing)
 .ARM.exidx.text._ZN9UARTClass5flushEv
                0x004075a4        0x0 ./..\libarduino_sam3s_ek_gcc_dbg.a(UART.o)
                                  0x8 (size before relaxing)
 .ARM.exidx.text._ZN9UARTClass5writeEh
                0x004075a4        0x0 ./..\libarduino_sam3s_ek_gcc_dbg.a(UART.o)
                                  0x8 (size before relaxing)
 .ARM.exidx.text.main
                0x004075a4        0x8 ./..\libarduino_sam3s_ek_gcc_dbg.a(main.o)
 .ARM.exidx.text._Z41__static_initialization_and_destruction_0ii
                0x004075ac        0x8 ./..\libarduino_sam3s_ek_gcc_dbg.a(variant.o)
 .ARM.exidx.text._GLOBAL__I_rx_buffer1
                0x004075b4        0x0 ./..\libarduino_sam3s_ek_gcc_dbg.a(variant.o)
                                  0x8 (size before relaxing)
 .ARM.exidx     0x004075b4        0x0 c:/codesourcery_2011.03-42/bin/../lib/gcc/arm-none-eabi/4.5.2/thumb2\libgcc.a(_divdi3.o)
                                  0x8 (size before relaxing)
 .ARM.exidx     0x004075b4        0x0 c:/codesourcery_2011.03-42/bin/../lib/gcc/arm-none-eabi/4.5.2/thumb2\libgcc.a(_udivdi3.o)
                                  0x8 (size before relaxing)
                0x004075b4                PROVIDE (__exidx_end, .)
                0x004075b4                . = ALIGN (0x4)
                0x004075b4                _etext = .

.relocate       0x20000000      0x584 load address 0x004075b4
                0x20000000                . = ALIGN (0x4)
                0x20000000                _srelocate = .
 *(.ramfunc .ramfunc.*)
 *(.data .data.*)
 .data          0x20000000       0xf4 c:\codesourcery_2011.03-42\bin\../arm-none-eabi/lib/thumb2\libc.a(lib_a-impure.o)
                0x20000000                _impure_ptr
 .data          0x200000f4      0x410 c:\codesourcery_2011.03-42\bin\../arm-none-eabi/lib/thumb2\libc.a(lib_a-mallocr.o)
                0x200000f4                __malloc_av_
                0x200004fc                __malloc_sbrk_base
                0x20000500                __malloc_trim_threshold
 .data          0x20000504       0x7c c:\codesourcery_2011.03-42\bin\../arm-none-eabi/lib/thumb2\libc.a(lib_a-locale.o)
                0x20000524                __mb_cur_max
 .data          0x20000580        0x4 c:\codesourcery_2011.03-42\bin\../arm-none-eabi/lib/thumb2\libc.a(lib_a-wctomb_r.o)
                0x20000580                __wctomb
                0x20000584                . = ALIGN (0x4)
                0x20000584                _erelocate = .

.bss            0x20000584      0x194 load address 0x00407b38
                0x20000584                . = ALIGN (0x4)
                0x20000584                _sbss = .
                0x20000584                _szero = .
 *(.bss .bss.*)
 .bss           0x20000584        0x1 c:/codesourcery_2011.03-42/bin/../lib/gcc/arm-none-eabi/4.5.2/thumb2/crtbegin.o
 *fill*         0x20000585        0x3 00
 .bss           0x20000588       0x34 c:\codesourcery_2011.03-42\bin\../arm-none-eabi/lib/thumb2\libc.a(lib_a-mallocr.o)
                0x20000588                __malloc_top_pad
                0x2000058c                __malloc_current_mallinfo
                0x200005b4                __malloc_max_sbrked_mem
                0x200005b8                __malloc_max_total_mem
 .bss           0x200005bc        0x4 ./..\libarduino_sam3s_ek_gcc_dbg.a(syscalls_sam3.o)
 .bss           0x200005c0      0x150 ./..\libarduino_sam3s_ek_gcc_dbg.a(variant.o)
                0x200005c0                rx_buffer1
                0x20000608                tx_buffer1
                0x20000650                rx_buffer2
                0x20000698                tx_buffer2
                0x200006e0                Serial1
                0x200006f8                Serial2
 .bss           0x20000710        0x4 ./..\libchip_sam3s4_gcc_dbg.a(timetick.o)
 *(COMMON)
 COMMON         0x20000714        0x4 c:\codesourcery_2011.03-42\bin\../arm-none-eabi/lib/thumb2\libc.a(lib_a-reent.o)
                0x20000714                errno
                0x20000718                . = ALIGN (0x4)
                0x20000718                _ebss = .
                0x20000718                _ezero = .

.stack          0x20000718     0x2400 load address 0x00407ccc
                0x20000718                . = ALIGN (0x8)
 *(.stack .stack.*)
 .stack         0x20000718     0x2400 ./..\libarduino_sam3s_ek_gcc_dbg.a(board_cstartup_gnu_sam3.o)
                0x20000718                pdwStack
                0x20002b18                . = ALIGN (0x4)
                0x20002b18                _end = .
OUTPUT(./test_gcc_dbg.elf elf32-littlearm)

.ARM.attributes
                0x00000000       0x25
 .ARM.attributes
                0x00000000       0x19 c:/codesourcery_2011.03-42/bin/../lib/gcc/arm-none-eabi/4.5.2/thumb2/crti.o
 .ARM.attributes
                0x00000019       0x29 c:/codesourcery_2011.03-42/bin/../lib/gcc/arm-none-eabi/4.5.2/thumb2/crtbegin.o
 .ARM.attributes
                0x00000042       0x31 test.o
 .ARM.attributes
                0x00000073       0x29 c:/codesourcery_2011.03-42/bin/../lib/gcc/arm-none-eabi/4.5.2/thumb2\libgcc.a(unwind-arm.o)
 .ARM.attributes
                0x0000009c       0x1b c:/codesourcery_2011.03-42/bin/../lib/gcc/arm-none-eabi/4.5.2/thumb2\libgcc.a(libunwind.o)
 .ARM.attributes
                0x000000b7       0x29 c:/codesourcery_2011.03-42/bin/../lib/gcc/arm-none-eabi/4.5.2/thumb2\libgcc.a(pr-support.o)
 .ARM.attributes
                0x000000e0       0x29 c:\codesourcery_2011.03-42\bin\../arm-none-eabi/lib/thumb2\libc.a(lib_a-abort.o)
 .ARM.attributes
                0x00000109       0x29 c:\codesourcery_2011.03-42\bin\../arm-none-eabi/lib/thumb2\libc.a(lib_a-memcpy.o)
 .ARM.attributes
                0x00000132       0x29 c:\codesourcery_2011.03-42\bin\../arm-none-eabi/lib/thumb2\libc.a(lib_a-signal.o)
 .ARM.attributes
                0x0000015b       0x29 c:\codesourcery_2011.03-42\bin\../arm-none-eabi/lib/thumb2\libc.a(lib_a-signalr.o)
 .ARM.attributes
                0x00000184       0x29 c:\codesourcery_2011.03-42\bin\../arm-none-eabi/lib/thumb2\libc.a(lib_a-impure.o)
 .ARM.attributes
                0x000001ad       0x29 c:\codesourcery_2011.03-42\bin\../arm-none-eabi/lib/thumb2\libc.a(lib_a-mallocr.o)
 .ARM.attributes
                0x000001d6       0x29 c:\codesourcery_2011.03-42\bin\../arm-none-eabi/lib/thumb2\libc.a(lib_a-mlock.o)
 .ARM.attributes
                0x000001ff       0x29 c:\codesourcery_2011.03-42\bin\../arm-none-eabi/lib/thumb2\libc.a(lib_a-reent.o)
 .ARM.attributes
                0x00000228       0x29 c:\codesourcery_2011.03-42\bin\../arm-none-eabi/lib/thumb2\libc.a(lib_a-sbrkr.o)
 .ARM.attributes
                0x00000251       0x29 c:\codesourcery_2011.03-42\bin\../arm-none-eabi/lib/thumb2\libc.a(lib_a-freer.o)
 .ARM.attributes
                0x0000027a       0x31 ./..\libarduino_sam3s_ek_gcc_dbg.a(board_cstartup_gnu_sam3.o)
 .ARM.attributes
                0x000002ab       0x31 ./..\libarduino_sam3s_ek_gcc_dbg.a(syscalls_sam3.o)
 .ARM.attributes
                0x000002dc       0x31 ./..\libarduino_sam3s_ek_gcc_dbg.a(wiring.o)
 .ARM.attributes
                0x0000030d       0x31 ./..\libarduino_sam3s_ek_gcc_dbg.a(wiring_digital.o)
 .ARM.attributes
                0x0000033e       0x31 ./..\libarduino_sam3s_ek_gcc_dbg.a(Print.o)
 .ARM.attributes
                0x0000036f       0x31 ./..\libarduino_sam3s_ek_gcc_dbg.a(UART.o)
 .ARM.attributes
                0x000003a0       0x31 ./..\libarduino_sam3s_ek_gcc_dbg.a(WString.o)
 .ARM.attributes
                0x000003d1       0x31 ./..\libarduino_sam3s_ek_gcc_dbg.a(main.o)
 .ARM.attributes
                0x00000402       0x31 ./..\libarduino_sam3s_ek_gcc_dbg.a(variant.o)
 .ARM.attributes
                0x00000433       0x31 ./..\libarduino_sam3s_ek_gcc_dbg.a(HardwareSerial.o)
 .ARM.attributes
                0x00000464       0x1b c:/codesourcery_2011.03-42/bin/../lib/gcc/arm-none-eabi/4.5.2/thumb2\libgcc.a(_arm_addsubdf3.o)
 .ARM.attributes
                0x0000047f       0x1b c:/codesourcery_2011.03-42/bin/../lib/gcc/arm-none-eabi/4.5.2/thumb2\libgcc.a(_arm_muldivdf3.o)
 .ARM.attributes
                0x0000049a       0x1b c:/codesourcery_2011.03-42/bin/../lib/gcc/arm-none-eabi/4.5.2/thumb2\libgcc.a(_arm_cmpdf2.o)
 .ARM.attributes
                0x000004b5       0x1b c:/codesourcery_2011.03-42/bin/../lib/gcc/arm-none-eabi/4.5.2/thumb2\libgcc.a(_arm_fixdfsi.o)
 .ARM.attributes
                0x000004d0       0x1b c:/codesourcery_2011.03-42/bin/../lib/gcc/arm-none-eabi/4.5.2/thumb2\libgcc.a(_arm_fixunsdfsi.o)
 .ARM.attributes
                0x000004eb       0x29 c:\codesourcery_2011.03-42\bin\../arm-none-eabi/lib/thumb2\libc.a(lib_a-atol.o)
 .ARM.attributes
                0x00000514       0x29 c:\codesourcery_2011.03-42\bin\../arm-none-eabi/lib/thumb2\libc.a(lib_a-init.o)
 .ARM.attributes
                0x0000053d       0x29 c:\codesourcery_2011.03-42\bin\../arm-none-eabi/lib/thumb2\libc.a(lib_a-iprintf.o)
 .ARM.attributes
                0x00000566       0x29 c:\codesourcery_2011.03-42\bin\../arm-none-eabi/lib/thumb2\libc.a(lib_a-isspace.o)
 .ARM.attributes
                0x0000058f       0x29 c:\codesourcery_2011.03-42\bin\../arm-none-eabi/lib/thumb2\libc.a(lib_a-malloc.o)
 .ARM.attributes
                0x000005b8       0x29 c:\codesourcery_2011.03-42\bin\../arm-none-eabi/lib/thumb2\libc.a(lib_a-memmove.o)
 .ARM.attributes
                0x000005e1       0x29 c:\codesourcery_2011.03-42\bin\../arm-none-eabi/lib/thumb2\libc.a(lib_a-realloc.o)
 .ARM.attributes
                0x0000060a       0x29 c:\codesourcery_2011.03-42\bin\../arm-none-eabi/lib/thumb2\libc.a(lib_a-reallocr.o)
 .ARM.attributes
                0x00000633       0x29 c:\codesourcery_2011.03-42\bin\../arm-none-eabi/lib/thumb2\libc.a(lib_a-strchr.o)
 .ARM.attributes
                0x0000065c       0x29 c:\codesourcery_2011.03-42\bin\../arm-none-eabi/lib/thumb2\libc.a(lib_a-strcmp.o)
 .ARM.attributes
                0x00000685       0x29 c:\codesourcery_2011.03-42\bin\../arm-none-eabi/lib/thumb2\libc.a(lib_a-strcpy.o)
 .ARM.attributes
                0x000006ae       0x29 c:\codesourcery_2011.03-42\bin\../arm-none-eabi/lib/thumb2\libc.a(lib_a-strlen.o)
 .ARM.attributes
                0x000006d7       0x29 c:\codesourcery_2011.03-42\bin\../arm-none-eabi/lib/thumb2\libc.a(lib_a-strncmp.o)
 .ARM.attributes
                0x00000700       0x29 c:\codesourcery_2011.03-42\bin\../arm-none-eabi/lib/thumb2\libc.a(lib_a-strncpy.o)
 .ARM.attributes
                0x00000729       0x29 c:\codesourcery_2011.03-42\bin\../arm-none-eabi/lib/thumb2\libc.a(lib_a-strrchr.o)
 .ARM.attributes
                0x00000752       0x29 c:\codesourcery_2011.03-42\bin\../arm-none-eabi/lib/thumb2\libc.a(lib_a-strstr.o)
 .ARM.attributes
                0x0000077b       0x29 c:\codesourcery_2011.03-42\bin\../arm-none-eabi/lib/thumb2\libc.a(lib_a-strtol.o)
 .ARM.attributes
                0x000007a4       0x29 c:\codesourcery_2011.03-42\bin\../arm-none-eabi/lib/thumb2\libc.a(lib_a-tolower.o)
 .ARM.attributes
                0x000007cd       0x29 c:\codesourcery_2011.03-42\bin\../arm-none-eabi/lib/thumb2\libc.a(lib_a-toupper.o)
 .ARM.attributes
                0x000007f6       0x29 c:\codesourcery_2011.03-42\bin\../arm-none-eabi/lib/thumb2\libc.a(lib_a-vfiprintf.o)
 .ARM.attributes
                0x0000081f       0x29 c:\codesourcery_2011.03-42\bin\../arm-none-eabi/lib/thumb2\libc.a(lib_a-wsetup.o)
 .ARM.attributes
                0x00000848       0x29 c:\codesourcery_2011.03-42\bin\../arm-none-eabi/lib/thumb2\libc.a(lib_a-ctype_.o)
 .ARM.attributes
                0x00000871       0x29 c:\codesourcery_2011.03-42\bin\../arm-none-eabi/lib/thumb2\libc.a(lib_a-fflush.o)
 .ARM.attributes
                0x0000089a       0x29 c:\codesourcery_2011.03-42\bin\../arm-none-eabi/lib/thumb2\libc.a(lib_a-findfp.o)
 .ARM.attributes
                0x000008c3       0x29 c:\codesourcery_2011.03-42\bin\../arm-none-eabi/lib/thumb2\libc.a(lib_a-fputwc.o)
 .ARM.attributes
                0x000008ec       0x29 c:\codesourcery_2011.03-42\bin\../arm-none-eabi/lib/thumb2\libc.a(lib_a-fvwrite.o)
 .ARM.attributes
                0x00000915       0x29 c:\codesourcery_2011.03-42\bin\../arm-none-eabi/lib/thumb2\libc.a(lib_a-fwalk.o)
 .ARM.attributes
                0x0000093e       0x29 c:\codesourcery_2011.03-42\bin\../arm-none-eabi/lib/thumb2\libc.a(lib_a-locale.o)
 .ARM.attributes
                0x00000967       0x29 c:\codesourcery_2011.03-42\bin\../arm-none-eabi/lib/thumb2\libc.a(lib_a-makebuf.o)
 .ARM.attributes
                0x00000990       0x29 c:\codesourcery_2011.03-42\bin\../arm-none-eabi/lib/thumb2\libc.a(lib_a-memchr.o)
 .ARM.attributes
                0x000009b9       0x29 c:\codesourcery_2011.03-42\bin\../arm-none-eabi/lib/thumb2\libc.a(lib_a-memcmp.o)
 .ARM.attributes
                0x000009e2       0x29 c:\codesourcery_2011.03-42\bin\../arm-none-eabi/lib/thumb2\libc.a(lib_a-memset.o)
 .ARM.attributes
                0x00000a0b       0x29 c:\codesourcery_2011.03-42\bin\../arm-none-eabi/lib/thumb2\libc.a(lib_a-stdio.o)
 .ARM.attributes
                0x00000a34       0x29 c:\codesourcery_2011.03-42\bin\../arm-none-eabi/lib/thumb2\libc.a(lib_a-wbuf.o)
 .ARM.attributes
                0x00000a5d       0x29 c:\codesourcery_2011.03-42\bin\../arm-none-eabi/lib/thumb2\libc.a(lib_a-wcrtomb.o)
 .ARM.attributes
                0x00000a86       0x29 c:\codesourcery_2011.03-42\bin\../arm-none-eabi/lib/thumb2\libc.a(lib_a-wctomb_r.o)
 .ARM.attributes
                0x00000aaf       0x29 c:\codesourcery_2011.03-42\bin\../arm-none-eabi/lib/thumb2\libc.a(lib_a-writer.o)
 .ARM.attributes
                0x00000ad8       0x29 c:\codesourcery_2011.03-42\bin\../arm-none-eabi/lib/thumb2\libc.a(lib_a-closer.o)
 .ARM.attributes
                0x00000b01       0x29 c:\codesourcery_2011.03-42\bin\../arm-none-eabi/lib/thumb2\libc.a(lib_a-fclose.o)
 .ARM.attributes
                0x00000b2a       0x29 c:\codesourcery_2011.03-42\bin\../arm-none-eabi/lib/thumb2\libc.a(lib_a-fstatr.o)
 .ARM.attributes
                0x00000b53       0x29 c:\codesourcery_2011.03-42\bin\../arm-none-eabi/lib/thumb2\libc.a(lib_a-isattyr.o)
 .ARM.attributes
                0x00000b7c       0x29 c:\codesourcery_2011.03-42\bin\../arm-none-eabi/lib/thumb2\libc.a(lib_a-lseekr.o)
 .ARM.attributes
                0x00000ba5       0x29 c:\codesourcery_2011.03-42\bin\../arm-none-eabi/lib/thumb2\libc.a(lib_a-readr.o)
 .ARM.attributes
                0x00000bce       0x31 ./..\libchip_sam3s4_gcc_dbg.a(exceptions.o)
 .ARM.attributes
                0x00000bff       0x31 ./..\libchip_sam3s4_gcc_dbg.a(pio.o)
 .ARM.attributes
                0x00000c30       0x31 ./..\libchip_sam3s4_gcc_dbg.a(pmc.o)
 .ARM.attributes
                0x00000c61       0x31 ./..\libchip_sam3s4_gcc_dbg.a(wdt.o)
 .ARM.attributes
                0x00000c92       0x31 ./..\libchip_sam3s4_gcc_dbg.a(timetick.o)
 .ARM.attributes
                0x00000cc3       0x1b c:/codesourcery_2011.03-42/bin/../lib/gcc/arm-none-eabi/4.5.2/thumb2\libgcc.a(_udivsi3.o)
 .ARM.attributes
                0x00000cde       0x1b c:/codesourcery_2011.03-42/bin/../lib/gcc/arm-none-eabi/4.5.2/thumb2\libgcc.a(_dvmd_tls.o)
 .ARM.attributes
                0x00000cf9       0x1b c:/codesourcery_2011.03-42/bin/../lib/gcc/arm-none-eabi/4.5.2/thumb2\libgcc.a(_aeabi_uldivmod.o)
 .ARM.attributes
                0x00000d14       0x29 c:/codesourcery_2011.03-42/bin/../lib/gcc/arm-none-eabi/4.5.2/thumb2\libgcc.a(bpabi.o)
 .ARM.attributes
                0x00000d3d       0x29 c:/codesourcery_2011.03-42/bin/../lib/gcc/arm-none-eabi/4.5.2/thumb2\libgcc.a(_divdi3.o)
 .ARM.attributes
                0x00000d66       0x29 c:/codesourcery_2011.03-42/bin/../lib/gcc/arm-none-eabi/4.5.2/thumb2\libgcc.a(_udivdi3.o)
 .ARM.attributes
                0x00000d8f       0x29 c:\codesourcery_2011.03-42\bin\../arm-none-eabi/lib/thumb2\libc.a(lib_a-assert.o)
 .ARM.attributes
                0x00000db8       0x29 c:\codesourcery_2011.03-42\bin\../arm-none-eabi/lib/thumb2\libc.a(lib_a-fiprintf.o)
 .ARM.attributes
                0x00000de1       0x29 c:/codesourcery_2011.03-42/bin/../lib/gcc/arm-none-eabi/4.5.2/thumb2/crtend.o
 .ARM.attributes
                0x00000e0a       0x19 c:/codesourcery_2011.03-42/bin/../lib/gcc/arm-none-eabi/4.5.2/thumb2/crtn.o

.comment        0x00000000       0x2a
 .comment       0x00000000       0x2a test.o
                                 0x2b (size before relaxing)
 .comment       0x00000000       0x2b ./..\libarduino_sam3s_ek_gcc_dbg.a(board_cstartup_gnu_sam3.o)
 .comment       0x00000000       0x2b ./..\libarduino_sam3s_ek_gcc_dbg.a(syscalls_sam3.o)
 .comment       0x00000000       0x2b ./..\libarduino_sam3s_ek_gcc_dbg.a(wiring.o)
 .comment       0x00000000       0x2b ./..\libarduino_sam3s_ek_gcc_dbg.a(wiring_digital.o)
 .comment       0x00000000       0x2b ./..\libarduino_sam3s_ek_gcc_dbg.a(Print.o)
 .comment       0x00000000       0x2b ./..\libarduino_sam3s_ek_gcc_dbg.a(UART.o)
 .comment       0x00000000       0x2b ./..\libarduino_sam3s_ek_gcc_dbg.a(WString.o)
 .comment       0x00000000       0x2b ./..\libarduino_sam3s_ek_gcc_dbg.a(main.o)
 .comment       0x00000000       0x2b ./..\libarduino_sam3s_ek_gcc_dbg.a(variant.o)
 .comment       0x00000000       0x2b ./..\libarduino_sam3s_ek_gcc_dbg.a(HardwareSerial.o)
 .comment       0x00000000       0x2b ./..\libchip_sam3s4_gcc_dbg.a(exceptions.o)
 .comment       0x00000000       0x2b ./..\libchip_sam3s4_gcc_dbg.a(pio.o)
 .comment       0x00000000       0x2b ./..\libchip_sam3s4_gcc_dbg.a(pmc.o)
 .comment       0x00000000       0x2b ./..\libchip_sam3s4_gcc_dbg.a(wdt.o)
 .comment       0x00000000       0x2b ./..\libchip_sam3s4_gcc_dbg.a(timetick.o)

.debug_abbrev   0x00000000     0x16ed
 .debug_abbrev  0x00000000      0x112 test.o
 .debug_abbrev  0x00000112      0x169 ./..\libarduino_sam3s_ek_gcc_dbg.a(board_cstartup_gnu_sam3.o)
 .debug_abbrev  0x0000027b      0x10f ./..\libarduino_sam3s_ek_gcc_dbg.a(syscalls_sam3.o)
 .debug_abbrev  0x0000038a      0x1fc ./..\libarduino_sam3s_ek_gcc_dbg.a(wiring.o)
 .debug_abbrev  0x00000586      0x12f ./..\libarduino_sam3s_ek_gcc_dbg.a(wiring_digital.o)
 .debug_abbrev  0x000006b5      0x2af ./..\libarduino_sam3s_ek_gcc_dbg.a(Print.o)
 .debug_abbrev  0x00000964      0x28a ./..\libarduino_sam3s_ek_gcc_dbg.a(UART.o)
 .debug_abbrev  0x00000bee      0x2d0 ./..\libarduino_sam3s_ek_gcc_dbg.a(WString.o)
 .debug_abbrev  0x00000ebe       0xfa ./..\libarduino_sam3s_ek_gcc_dbg.a(main.o)
 .debug_abbrev  0x00000fb8      0x153 ./..\libarduino_sam3s_ek_gcc_dbg.a(variant.o)
 .debug_abbrev  0x0000110b       0xc7 ./..\libarduino_sam3s_ek_gcc_dbg.a(HardwareSerial.o)
 .debug_abbrev  0x000011d2       0x66 ./..\libchip_sam3s4_gcc_dbg.a(exceptions.o)
 .debug_abbrev  0x00001238      0x12a ./..\libchip_sam3s4_gcc_dbg.a(pio.o)
 .debug_abbrev  0x00001362       0xf4 ./..\libchip_sam3s4_gcc_dbg.a(pmc.o)
 .debug_abbrev  0x00001456       0xc9 ./..\libchip_sam3s4_gcc_dbg.a(wdt.o)
 .debug_abbrev  0x0000151f      0x1ce ./..\libchip_sam3s4_gcc_dbg.a(timetick.o)

.debug_info     0x00000000     0xa8ba
 .debug_info    0x00000000      0x7f9 test.o
 .debug_info    0x000007f9      0xaa5 ./..\libarduino_sam3s_ek_gcc_dbg.a(board_cstartup_gnu_sam3.o)
 .debug_info    0x0000129e      0x4dc ./..\libarduino_sam3s_ek_gcc_dbg.a(syscalls_sam3.o)
 .debug_info    0x0000177a     0x1042 ./..\libarduino_sam3s_ek_gcc_dbg.a(wiring.o)
 .debug_info    0x000027bc      0x85b ./..\libarduino_sam3s_ek_gcc_dbg.a(wiring_digital.o)
 .debug_info    0x00003017     0x1b70 ./..\libarduino_sam3s_ek_gcc_dbg.a(Print.o)
 .debug_info    0x00004b87     0x11b1 ./..\libarduino_sam3s_ek_gcc_dbg.a(UART.o)
 .debug_info    0x00005d38     0x206a ./..\libarduino_sam3s_ek_gcc_dbg.a(WString.o)
 .debug_info    0x00007da2      0x7d6 ./..\libarduino_sam3s_ek_gcc_dbg.a(main.o)
 .debug_info    0x00008578      0xb53 ./..\libarduino_sam3s_ek_gcc_dbg.a(variant.o)
 .debug_info    0x000090cb      0x12c ./..\libarduino_sam3s_ek_gcc_dbg.a(HardwareSerial.o)
 .debug_info    0x000091f7       0xb8 ./..\libchip_sam3s4_gcc_dbg.a(exceptions.o)
 .debug_info    0x000092af      0x96a ./..\libchip_sam3s4_gcc_dbg.a(pio.o)
 .debug_info    0x00009c19      0x457 ./..\libchip_sam3s4_gcc_dbg.a(pmc.o)
 .debug_info    0x0000a070      0x1df ./..\libchip_sam3s4_gcc_dbg.a(wdt.o)
 .debug_info    0x0000a24f      0x66b ./..\libchip_sam3s4_gcc_dbg.a(timetick.o)

.debug_line     0x00000000     0x2307
 .debug_line    0x00000000      0x16d test.o
 .debug_line    0x0000016d      0x191 ./..\libarduino_sam3s_ek_gcc_dbg.a(board_cstartup_gnu_sam3.o)
 .debug_line    0x000002fe      0x233 ./..\libarduino_sam3s_ek_gcc_dbg.a(syscalls_sam3.o)
 .debug_line    0x00000531      0x22a ./..\libarduino_sam3s_ek_gcc_dbg.a(wiring.o)
 .debug_line    0x0000075b      0x193 ./..\libarduino_sam3s_ek_gcc_dbg.a(wiring_digital.o)
 .debug_line    0x000008ee      0x437 ./..\libarduino_sam3s_ek_gcc_dbg.a(Print.o)
 .debug_line    0x00000d25      0x2de ./..\libarduino_sam3s_ek_gcc_dbg.a(UART.o)
 .debug_line    0x00001003      0x809 ./..\libarduino_sam3s_ek_gcc_dbg.a(WString.o)
 .debug_line    0x0000180c      0x155 ./..\libarduino_sam3s_ek_gcc_dbg.a(main.o)
 .debug_line    0x00001961      0x1a3 ./..\libarduino_sam3s_ek_gcc_dbg.a(variant.o)
 .debug_line    0x00001b04       0xcb ./..\libarduino_sam3s_ek_gcc_dbg.a(HardwareSerial.o)
 .debug_line    0x00001bcf       0xe2 ./..\libchip_sam3s4_gcc_dbg.a(exceptions.o)
 .debug_line    0x00001cb1      0x1fb ./..\libchip_sam3s4_gcc_dbg.a(pio.o)
 .debug_line    0x00001eac      0x17b ./..\libchip_sam3s4_gcc_dbg.a(pmc.o)
 .debug_line    0x00002027      0x13f ./..\libchip_sam3s4_gcc_dbg.a(wdt.o)
 .debug_line    0x00002166      0x1a1 ./..\libchip_sam3s4_gcc_dbg.a(timetick.o)

.debug_loc      0x00000000     0x2274
 .debug_loc     0x00000000       0x58 test.o
 .debug_loc     0x00000058       0x38 ./..\libarduino_sam3s_ek_gcc_dbg.a(board_cstartup_gnu_sam3.o)
 .debug_loc     0x00000090      0x25c ./..\libarduino_sam3s_ek_gcc_dbg.a(syscalls_sam3.o)
 .debug_loc     0x000002ec      0x184 ./..\libarduino_sam3s_ek_gcc_dbg.a(wiring.o)
 .debug_loc     0x00000470       0xa8 ./..\libarduino_sam3s_ek_gcc_dbg.a(wiring_digital.o)
 .debug_loc     0x00000518      0x544 ./..\libarduino_sam3s_ek_gcc_dbg.a(Print.o)
 .debug_loc     0x00000a5c      0x2a0 ./..\libarduino_sam3s_ek_gcc_dbg.a(UART.o)
 .debug_loc     0x00000cfc      0xe3c ./..\libarduino_sam3s_ek_gcc_dbg.a(WString.o)
 .debug_loc     0x00001b38       0x2c ./..\libarduino_sam3s_ek_gcc_dbg.a(main.o)
 .debug_loc     0x00001b64       0xbc ./..\libarduino_sam3s_ek_gcc_dbg.a(variant.o)
 .debug_loc     0x00001c20       0x38 ./..\libarduino_sam3s_ek_gcc_dbg.a(HardwareSerial.o)
 .debug_loc     0x00001c58       0x2c ./..\libchip_sam3s4_gcc_dbg.a(exceptions.o)
 .debug_loc     0x00001c84      0x268 ./..\libchip_sam3s4_gcc_dbg.a(pio.o)
 .debug_loc     0x00001eec      0x100 ./..\libchip_sam3s4_gcc_dbg.a(pmc.o)
 .debug_loc     0x00001fec      0x118 ./..\libchip_sam3s4_gcc_dbg.a(wdt.o)
 .debug_loc     0x00002104      0x170 ./..\libchip_sam3s4_gcc_dbg.a(timetick.o)

.debug_pubnames
                0x00000000      0xcf4
 .debug_pubnames
                0x00000000       0x25 test.o
 .debug_pubnames
                0x00000025       0x42 ./..\libarduino_sam3s_ek_gcc_dbg.a(board_cstartup_gnu_sam3.o)
 .debug_pubnames
                0x00000067       0x87 ./..\libarduino_sam3s_ek_gcc_dbg.a(syscalls_sam3.o)
 .debug_pubnames
                0x000000ee       0x87 ./..\libarduino_sam3s_ek_gcc_dbg.a(wiring.o)
 .debug_pubnames
                0x00000175       0x3f ./..\libarduino_sam3s_ek_gcc_dbg.a(wiring_digital.o)
 .debug_pubnames
                0x000001b4      0x1cb ./..\libarduino_sam3s_ek_gcc_dbg.a(Print.o)
 .debug_pubnames
                0x0000037f      0x11f ./..\libarduino_sam3s_ek_gcc_dbg.a(UART.o)
 .debug_pubnames
                0x0000049e      0x524 ./..\libarduino_sam3s_ek_gcc_dbg.a(WString.o)
 .debug_pubnames
                0x000009c2       0x1b ./..\libarduino_sam3s_ek_gcc_dbg.a(main.o)
 .debug_pubnames
                0x000009dd       0x90 ./..\libarduino_sam3s_ek_gcc_dbg.a(variant.o)
 .debug_pubnames
                0x00000a6d       0x21 ./..\libarduino_sam3s_ek_gcc_dbg.a(HardwareSerial.o)
 .debug_pubnames
                0x00000a8e       0x24 ./..\libchip_sam3s4_gcc_dbg.a(exceptions.o)
 .debug_pubnames
                0x00000ab2       0xe1 ./..\libchip_sam3s4_gcc_dbg.a(pio.o)
 .debug_pubnames
                0x00000b93       0x98 ./..\libchip_sam3s4_gcc_dbg.a(pmc.o)
 .debug_pubnames
                0x00000c2b       0x65 ./..\libchip_sam3s4_gcc_dbg.a(wdt.o)
 .debug_pubnames
                0x00000c90       0x64 ./..\libchip_sam3s4_gcc_dbg.a(timetick.o)

.debug_pubtypes
                0x00000000      0x93c
 .debug_pubtypes
                0x00000000       0xb9 test.o
 .debug_pubtypes
                0x000000b9       0xc1 ./..\libarduino_sam3s_ek_gcc_dbg.a(board_cstartup_gnu_sam3.o)
 .debug_pubtypes
                0x0000017a       0xb6 ./..\libarduino_sam3s_ek_gcc_dbg.a(syscalls_sam3.o)
 .debug_pubtypes
                0x00000230      0x103 ./..\libarduino_sam3s_ek_gcc_dbg.a(wiring.o)
 .debug_pubtypes
                0x00000333       0xa8 ./..\libarduino_sam3s_ek_gcc_dbg.a(wiring_digital.o)
 .debug_pubtypes
                0x000003db       0xd5 ./..\libarduino_sam3s_ek_gcc_dbg.a(Print.o)
 .debug_pubtypes
                0x000004b0      0x142 ./..\libarduino_sam3s_ek_gcc_dbg.a(UART.o)
 .debug_pubtypes
                0x000005f2       0x31 ./..\libarduino_sam3s_ek_gcc_dbg.a(WString.o)
 .debug_pubtypes
                0x00000623       0xab ./..\libarduino_sam3s_ek_gcc_dbg.a(main.o)
 .debug_pubtypes
                0x000006ce       0xe3 ./..\libarduino_sam3s_ek_gcc_dbg.a(variant.o)
 .debug_pubtypes
                0x000007b1       0x3f ./..\libarduino_sam3s_ek_gcc_dbg.a(HardwareSerial.o)
 .debug_pubtypes
                0x000007f0       0x1e ./..\libchip_sam3s4_gcc_dbg.a(exceptions.o)
 .debug_pubtypes
                0x0000080e       0x4e ./..\libchip_sam3s4_gcc_dbg.a(pio.o)
 .debug_pubtypes
                0x0000085c       0x33 ./..\libchip_sam3s4_gcc_dbg.a(pmc.o)
 .debug_pubtypes
                0x0000088f       0x33 ./..\libchip_sam3s4_gcc_dbg.a(wdt.o)
 .debug_pubtypes
                0x000008c2       0x7a ./..\libchip_sam3s4_gcc_dbg.a(timetick.o)

.debug_aranges  0x00000000      0x688
 .debug_aranges
                0x00000000       0x28 test.o
 .debug_aranges
                0x00000028       0x20 ./..\libarduino_sam3s_ek_gcc_dbg.a(board_cstartup_gnu_sam3.o)
 .debug_aranges
                0x00000048       0x70 ./..\libarduino_sam3s_ek_gcc_dbg.a(syscalls_sam3.o)
 .debug_aranges
                0x000000b8       0x58 ./..\libarduino_sam3s_ek_gcc_dbg.a(wiring.o)
 .debug_aranges
                0x00000110       0x30 ./..\libarduino_sam3s_ek_gcc_dbg.a(wiring_digital.o)
 .debug_aranges
                0x00000140       0xd8 ./..\libarduino_sam3s_ek_gcc_dbg.a(Print.o)
 .debug_aranges
                0x00000218       0x78 ./..\libarduino_sam3s_ek_gcc_dbg.a(UART.o)
 .debug_aranges
                0x00000290      0x220 ./..\libarduino_sam3s_ek_gcc_dbg.a(WString.o)
 .debug_aranges
                0x000004b0       0x20 ./..\libarduino_sam3s_ek_gcc_dbg.a(main.o)
 .debug_aranges
                0x000004d0       0x38 ./..\libarduino_sam3s_ek_gcc_dbg.a(variant.o)
 .debug_aranges
                0x00000508       0x20 ./..\libarduino_sam3s_ek_gcc_dbg.a(HardwareSerial.o)
 .debug_aranges
                0x00000528       0x20 ./..\libchip_sam3s4_gcc_dbg.a(exceptions.o)
 .debug_aranges
                0x00000548       0x70 ./..\libchip_sam3s4_gcc_dbg.a(pio.o)
 .debug_aranges
                0x000005b8       0x40 ./..\libchip_sam3s4_gcc_dbg.a(pmc.o)
 .debug_aranges
                0x000005f8       0x40 ./..\libchip_sam3s4_gcc_dbg.a(wdt.o)
 .debug_aranges
                0x00000638       0x50 ./..\libchip_sam3s4_gcc_dbg.a(timetick.o)

.debug_ranges   0x00000000      0x5a0
 .debug_ranges  0x00000000       0x18 test.o
 .debug_ranges  0x00000018       0x10 ./..\libarduino_sam3s_ek_gcc_dbg.a(board_cstartup_gnu_sam3.o)
 .debug_ranges  0x00000028       0x60 ./..\libarduino_sam3s_ek_gcc_dbg.a(syscalls_sam3.o)
 .debug_ranges  0x00000088       0x48 ./..\libarduino_sam3s_ek_gcc_dbg.a(wiring.o)
 .debug_ranges  0x000000d0       0x20 ./..\libarduino_sam3s_ek_gcc_dbg.a(wiring_digital.o)
 .debug_ranges  0x000000f0       0xc8 ./..\libarduino_sam3s_ek_gcc_dbg.a(Print.o)
 .debug_ranges  0x000001b8       0x68 ./..\libarduino_sam3s_ek_gcc_dbg.a(UART.o)
 .debug_ranges  0x00000220      0x228 ./..\libarduino_sam3s_ek_gcc_dbg.a(WString.o)
 .debug_ranges  0x00000448       0x10 ./..\libarduino_sam3s_ek_gcc_dbg.a(main.o)
 .debug_ranges  0x00000458       0x28 ./..\libarduino_sam3s_ek_gcc_dbg.a(variant.o)
 .debug_ranges  0x00000480       0x10 ./..\libarduino_sam3s_ek_gcc_dbg.a(HardwareSerial.o)
 .debug_ranges  0x00000490       0x10 ./..\libchip_sam3s4_gcc_dbg.a(exceptions.o)
 .debug_ranges  0x000004a0       0x60 ./..\libchip_sam3s4_gcc_dbg.a(pio.o)
 .debug_ranges  0x00000500       0x30 ./..\libchip_sam3s4_gcc_dbg.a(pmc.o)
 .debug_ranges  0x00000530       0x30 ./..\libchip_sam3s4_gcc_dbg.a(wdt.o)
 .debug_ranges  0x00000560       0x40 ./..\libchip_sam3s4_gcc_dbg.a(timetick.o)

.debug_str      0x00000000     0x1e6b
 .debug_str     0x00000000      0x514 test.o
                                0x574 (size before relaxing)
 .debug_str     0x00000514      0x115 ./..\libarduino_sam3s_ek_gcc_dbg.a(board_cstartup_gnu_sam3.o)
                                0x61d (size before relaxing)
 .debug_str     0x00000629      0x160 ./..\libarduino_sam3s_ek_gcc_dbg.a(syscalls_sam3.o)
                                0x265 (size before relaxing)
 .debug_str     0x00000789      0x40f ./..\libarduino_sam3s_ek_gcc_dbg.a(wiring.o)
                                0x9c3 (size before relaxing)
 .debug_str     0x00000b98       0x42 ./..\libarduino_sam3s_ek_gcc_dbg.a(wiring_digital.o)
                                0x58a (size before relaxing)
 .debug_str     0x00000bda      0x9ac ./..\libarduino_sam3s_ek_gcc_dbg.a(Print.o)
                                0xf1d (size before relaxing)
 .debug_str     0x00001586      0x309 ./..\libarduino_sam3s_ek_gcc_dbg.a(UART.o)
                                0xa97 (size before relaxing)
 .debug_str     0x0000188f      0x1a8 ./..\libarduino_sam3s_ek_gcc_dbg.a(WString.o)
                                0x9be (size before relaxing)
 .debug_str     0x00001a37       0x11 ./..\libarduino_sam3s_ek_gcc_dbg.a(main.o)
                                0x55e (size before relaxing)
 .debug_str     0x00001a48       0xf8 ./..\libarduino_sam3s_ek_gcc_dbg.a(variant.o)
                                0x8fa (size before relaxing)
 .debug_str     0x00001b40       0x48 ./..\libarduino_sam3s_ek_gcc_dbg.a(HardwareSerial.o)
                                0x145 (size before relaxing)
 .debug_str     0x00001b88       0x5d ./..\libchip_sam3s4_gcc_dbg.a(exceptions.o)
                                0x107 (size before relaxing)
 .debug_str     0x00001be5      0x11c ./..\libchip_sam3s4_gcc_dbg.a(pio.o)
                                0x54b (size before relaxing)
 .debug_str     0x00001d01       0x8f ./..\libchip_sam3s4_gcc_dbg.a(pmc.o)
                                0x2bc (size before relaxing)
 .debug_str     0x00001d90       0x59 ./..\libchip_sam3s4_gcc_dbg.a(wdt.o)
                                0x160 (size before relaxing)
 .debug_str     0x00001de9       0x82 ./..\libchip_sam3s4_gcc_dbg.a(timetick.o)
                                0x43b (size before relaxing)

.debug_frame    0x00000000     0x267c
 .debug_frame   0x00000000       0x48 test.o
 .debug_frame   0x00000048      0x288 c:/codesourcery_2011.03-42/bin/../lib/gcc/arm-none-eabi/4.5.2/thumb2\libgcc.a(unwind-arm.o)
 .debug_frame   0x000002d0       0xf4 c:/codesourcery_2011.03-42/bin/../lib/gcc/arm-none-eabi/4.5.2/thumb2\libgcc.a(pr-support.o)
 .debug_frame   0x000003c4       0x28 c:\codesourcery_2011.03-42\bin\../arm-none-eabi/lib/thumb2\libc.a(lib_a-abort.o)
 .debug_frame   0x000003ec       0x30 c:\codesourcery_2011.03-42\bin\../arm-none-eabi/lib/thumb2\libc.a(lib_a-memcpy.o)
 .debug_frame   0x0000041c       0xc0 c:\codesourcery_2011.03-42\bin\../arm-none-eabi/lib/thumb2\libc.a(lib_a-signal.o)
 .debug_frame   0x000004dc       0x3c c:\codesourcery_2011.03-42\bin\../arm-none-eabi/lib/thumb2\libc.a(lib_a-signalr.o)
 .debug_frame   0x00000518       0x3c c:\codesourcery_2011.03-42\bin\../arm-none-eabi/lib/thumb2\libc.a(lib_a-mallocr.o)
 .debug_frame   0x00000554       0x30 c:\codesourcery_2011.03-42\bin\../arm-none-eabi/lib/thumb2\libc.a(lib_a-mlock.o)
 .debug_frame   0x00000584       0x68 c:\codesourcery_2011.03-42\bin\../arm-none-eabi/lib/thumb2\libc.a(lib_a-reent.o)
 .debug_frame   0x000005ec       0x2c c:\codesourcery_2011.03-42\bin\../arm-none-eabi/lib/thumb2\libc.a(lib_a-sbrkr.o)
 .debug_frame   0x00000618       0x50 c:\codesourcery_2011.03-42\bin\../arm-none-eabi/lib/thumb2\libc.a(lib_a-freer.o)
 .debug_frame   0x00000668       0x30 ./..\libarduino_sam3s_ek_gcc_dbg.a(board_cstartup_gnu_sam3.o)
 .debug_frame   0x00000698      0x144 ./..\libarduino_sam3s_ek_gcc_dbg.a(syscalls_sam3.o)
 .debug_frame   0x000007dc       0xf4 ./..\libarduino_sam3s_ek_gcc_dbg.a(wiring.o)
 .debug_frame   0x000008d0       0x70 ./..\libarduino_sam3s_ek_gcc_dbg.a(wiring_digital.o)
 .debug_frame   0x00000940      0x310 ./..\libarduino_sam3s_ek_gcc_dbg.a(Print.o)
 .debug_frame   0x00000c50      0x178 ./..\libarduino_sam3s_ek_gcc_dbg.a(UART.o)
 .debug_frame   0x00000dc8      0x820 ./..\libarduino_sam3s_ek_gcc_dbg.a(WString.o)
 .debug_frame   0x000015e8       0x2c ./..\libarduino_sam3s_ek_gcc_dbg.a(main.o)
 .debug_frame   0x00001614       0x84 ./..\libarduino_sam3s_ek_gcc_dbg.a(variant.o)
 .debug_frame   0x00001698       0x2c ./..\libarduino_sam3s_ek_gcc_dbg.a(HardwareSerial.o)
 .debug_frame   0x000016c4       0x30 c:\codesourcery_2011.03-42\bin\../arm-none-eabi/lib/thumb2\libc.a(lib_a-atol.o)
 .debug_frame   0x000016f4       0x2c c:\codesourcery_2011.03-42\bin\../arm-none-eabi/lib/thumb2\libc.a(lib_a-init.o)
 .debug_frame   0x00001720       0x5c c:\codesourcery_2011.03-42\bin\../arm-none-eabi/lib/thumb2\libc.a(lib_a-iprintf.o)
 .debug_frame   0x0000177c       0x20 c:\codesourcery_2011.03-42\bin\../arm-none-eabi/lib/thumb2\libc.a(lib_a-isspace.o)
 .debug_frame   0x0000179c       0x30 c:\codesourcery_2011.03-42\bin\../arm-none-eabi/lib/thumb2\libc.a(lib_a-malloc.o)
 .debug_frame   0x000017cc       0x2c c:\codesourcery_2011.03-42\bin\../arm-none-eabi/lib/thumb2\libc.a(lib_a-memmove.o)
 .debug_frame   0x000017f8       0x20 c:\codesourcery_2011.03-42\bin\../arm-none-eabi/lib/thumb2\libc.a(lib_a-realloc.o)
 .debug_frame   0x00001818       0x3c c:\codesourcery_2011.03-42\bin\../arm-none-eabi/lib/thumb2\libc.a(lib_a-reallocr.o)
 .debug_frame   0x00001854       0x2c c:\codesourcery_2011.03-42\bin\../arm-none-eabi/lib/thumb2\libc.a(lib_a-strchr.o)
 .debug_frame   0x00001880       0x30 c:\codesourcery_2011.03-42\bin\../arm-none-eabi/lib/thumb2\libc.a(lib_a-strcmp.o)
 .debug_frame   0x000018b0       0x20 c:\codesourcery_2011.03-42\bin\../arm-none-eabi/lib/thumb2\libc.a(lib_a-strcpy.o)
 .debug_frame   0x000018d0       0x20 c:\codesourcery_2011.03-42\bin\../arm-none-eabi/lib/thumb2\libc.a(lib_a-strlen.o)
 .debug_frame   0x000018f0       0x2c c:\codesourcery_2011.03-42\bin\../arm-none-eabi/lib/thumb2\libc.a(lib_a-strncmp.o)
 .debug_frame   0x0000191c       0x2c c:\codesourcery_2011.03-42\bin\../arm-none-eabi/lib/thumb2\libc.a(lib_a-strncpy.o)
 .debug_frame   0x00001948       0x2c c:\codesourcery_2011.03-42\bin\../arm-none-eabi/lib/thumb2\libc.a(lib_a-strrchr.o)
 .debug_frame   0x00001974       0x90 c:\codesourcery_2011.03-42\bin\../arm-none-eabi/lib/thumb2\libc.a(lib_a-strstr.o)
 .debug_frame   0x00001a04       0x54 c:\codesourcery_2011.03-42\bin\../arm-none-eabi/lib/thumb2\libc.a(lib_a-strtol.o)
 .debug_frame   0x00001a58       0x20 c:\codesourcery_2011.03-42\bin\../arm-none-eabi/lib/thumb2\libc.a(lib_a-tolower.o)
 .debug_frame   0x00001a78       0x20 c:\codesourcery_2011.03-42\bin\../arm-none-eabi/lib/thumb2\libc.a(lib_a-toupper.o)
 .debug_frame   0x00001a98       0x7c c:\codesourcery_2011.03-42\bin\../arm-none-eabi/lib/thumb2\libc.a(lib_a-vfiprintf.o)
 .debug_frame   0x00001b14       0x2c c:\codesourcery_2011.03-42\bin\../arm-none-eabi/lib/thumb2\libc.a(lib_a-wsetup.o)
 .debug_frame   0x00001b40       0x40 c:\codesourcery_2011.03-42\bin\../arm-none-eabi/lib/thumb2\libc.a(lib_a-fflush.o)
 .debug_frame   0x00001b80      0x114 c:\codesourcery_2011.03-42\bin\../arm-none-eabi/lib/thumb2\libc.a(lib_a-findfp.o)
 .debug_frame   0x00001c94       0x54 c:\codesourcery_2011.03-42\bin\../arm-none-eabi/lib/thumb2\libc.a(lib_a-fputwc.o)
 .debug_frame   0x00001ce8       0x3c c:\codesourcery_2011.03-42\bin\../arm-none-eabi/lib/thumb2\libc.a(lib_a-fvwrite.o)
 .debug_frame   0x00001d24       0x58 c:\codesourcery_2011.03-42\bin\../arm-none-eabi/lib/thumb2\libc.a(lib_a-fwalk.o)
 .debug_frame   0x00001d7c       0x98 c:\codesourcery_2011.03-42\bin\../arm-none-eabi/lib/thumb2\libc.a(lib_a-locale.o)
 .debug_frame   0x00001e14       0x34 c:\codesourcery_2011.03-42\bin\../arm-none-eabi/lib/thumb2\libc.a(lib_a-makebuf.o)
 .debug_frame   0x00001e48       0x2c c:\codesourcery_2011.03-42\bin\../arm-none-eabi/lib/thumb2\libc.a(lib_a-memchr.o)
 .debug_frame   0x00001e74       0x2c c:\codesourcery_2011.03-42\bin\../arm-none-eabi/lib/thumb2\libc.a(lib_a-memcmp.o)
 .debug_frame   0x00001ea0       0x2c c:\codesourcery_2011.03-42\bin\../arm-none-eabi/lib/thumb2\libc.a(lib_a-memset.o)
 .debug_frame   0x00001ecc       0x80 c:\codesourcery_2011.03-42\bin\../arm-none-eabi/lib/thumb2\libc.a(lib_a-stdio.o)
 .debug_frame   0x00001f4c       0x3c c:\codesourcery_2011.03-42\bin\../arm-none-eabi/lib/thumb2\libc.a(lib_a-wbuf.o)
 .debug_frame   0x00001f88       0x5c c:\codesourcery_2011.03-42\bin\../arm-none-eabi/lib/thumb2\libc.a(lib_a-wcrtomb.o)
 .debug_frame   0x00001fe4       0x44 c:\codesourcery_2011.03-42\bin\../arm-none-eabi/lib/thumb2\libc.a(lib_a-wctomb_r.o)
 .debug_frame   0x00002028       0x2c c:\codesourcery_2011.03-42\bin\../arm-none-eabi/lib/thumb2\libc.a(lib_a-writer.o)
 .debug_frame   0x00002054       0x2c c:\codesourcery_2011.03-42\bin\../arm-none-eabi/lib/thumb2\libc.a(lib_a-closer.o)
 .debug_frame   0x00002080       0x3c c:\codesourcery_2011.03-42\bin\../arm-none-eabi/lib/thumb2\libc.a(lib_a-fclose.o)
 .debug_frame   0x000020bc       0x2c c:\codesourcery_2011.03-42\bin\../arm-none-eabi/lib/thumb2\libc.a(lib_a-fstatr.o)
 .debug_frame   0x000020e8       0x2c c:\codesourcery_2011.03-42\bin\../arm-none-eabi/lib/thumb2\libc.a(lib_a-isattyr.o)
 .debug_frame   0x00002114       0x2c c:\codesourcery_2011.03-42\bin\../arm-none-eabi/lib/thumb2\libc.a(lib_a-lseekr.o)
 .debug_frame   0x00002140       0x2c c:\codesourcery_2011.03-42\bin\../arm-none-eabi/lib/thumb2\libc.a(lib_a-readr.o)
 .debug_frame   0x0000216c       0x28 ./..\libchip_sam3s4_gcc_dbg.a(exceptions.o)
 .debug_frame   0x00002194      0x150 ./..\libchip_sam3s4_gcc_dbg.a(pio.o)
 .debug_frame   0x000022e4       0xa0 ./..\libchip_sam3s4_gcc_dbg.a(pmc.o)
 .debug_frame   0x00002384       0x9c ./..\libchip_sam3s4_gcc_dbg.a(wdt.o)
 .debug_frame   0x00002420       0xd4 ./..\libchip_sam3s4_gcc_dbg.a(timetick.o)
 .debug_frame   0x000024f4       0x20 c:/codesourcery_2011.03-42/bin/../lib/gcc/arm-none-eabi/4.5.2/thumb2\libgcc.a(_udivsi3.o)
 .debug_frame   0x00002514       0x50 c:/codesourcery_2011.03-42/bin/../lib/gcc/arm-none-eabi/4.5.2/thumb2\libgcc.a(bpabi.o)
 .debug_frame   0x00002564       0x3c c:/codesourcery_2011.03-42/bin/../lib/gcc/arm-none-eabi/4.5.2/thumb2\libgcc.a(_divdi3.o)
 .debug_frame   0x000025a0       0x3c c:/codesourcery_2011.03-42/bin/../lib/gcc/arm-none-eabi/4.5.2/thumb2\libgcc.a(_udivdi3.o)
 .debug_frame   0x000025dc       0x44 c:\codesourcery_2011.03-42\bin\../arm-none-eabi/lib/thumb2\libc.a(lib_a-assert.o)
 .debug_frame   0x00002620       0x5c c:\codesourcery_2011.03-42\bin\../arm-none-eabi/lib/thumb2\libc.a(lib_a-fiprintf.o)

Cross Reference Table

Symbol                                            File
ACC_IrqHandler                                    ./..\libchip_sam3s4_gcc_dbg.a(exceptions.o)
                                                  ./..\libarduino_sam3s_ek_gcc_dbg.a(board_cstartup_gnu_sam3.o)
ADC_IrqHandler                                    ./..\libchip_sam3s4_gcc_dbg.a(exceptions.o)
                                                  ./..\libarduino_sam3s_ek_gcc_dbg.a(board_cstartup_gnu_sam3.o)
BusFault_Handler                                  ./..\libchip_sam3s4_gcc_dbg.a(exceptions.o)
                                                  ./..\libarduino_sam3s_ek_gcc_dbg.a(board_cstartup_gnu_sam3.o)
CRCCU_IrqHandler                                  ./..\libchip_sam3s4_gcc_dbg.a(exceptions.o)
                                                  ./..\libarduino_sam3s_ek_gcc_dbg.a(board_cstartup_gnu_sam3.o)
DAC_IrqHandler                                    ./..\libchip_sam3s4_gcc_dbg.a(exceptions.o)
                                                  ./..\libarduino_sam3s_ek_gcc_dbg.a(board_cstartup_gnu_sam3.o)
DebugMon_Handler                                  ./..\libchip_sam3s4_gcc_dbg.a(exceptions.o)
                                                  ./..\libarduino_sam3s_ek_gcc_dbg.a(board_cstartup_gnu_sam3.o)
Dummy_Handler                                     ./..\libchip_sam3s4_gcc_dbg.a(exceptions.o)
                                                  ./..\libarduino_sam3s_ek_gcc_dbg.a(board_cstartup_gnu_sam3.o)
EEFC_IrqHandler                                   ./..\libchip_sam3s4_gcc_dbg.a(exceptions.o)
                                                  ./..\libarduino_sam3s_ek_gcc_dbg.a(board_cstartup_gnu_sam3.o)
GetTickCount                                      ./..\libchip_sam3s4_gcc_dbg.a(timetick.o)
                                                  ./..\libarduino_sam3s_ek_gcc_dbg.a(wiring.o)
HardFault_Handler                                 ./..\libchip_sam3s4_gcc_dbg.a(exceptions.o)
                                                  ./..\libarduino_sam3s_ek_gcc_dbg.a(board_cstartup_gnu_sam3.o)
HardwareSerial::HardwareSerial()                  ./..\libarduino_sam3s_ek_gcc_dbg.a(UART.o)
HardwareSerial::HardwareSerial()                  ./..\libarduino_sam3s_ek_gcc_dbg.a(UART.o)
MCI_IrqHandler                                    ./..\libchip_sam3s4_gcc_dbg.a(exceptions.o)
                                                  ./..\libarduino_sam3s_ek_gcc_dbg.a(board_cstartup_gnu_sam3.o)
MemManage_Handler                                 ./..\libchip_sam3s4_gcc_dbg.a(exceptions.o)
                                                  ./..\libarduino_sam3s_ek_gcc_dbg.a(board_cstartup_gnu_sam3.o)
NMI_Handler                                       ./..\libchip_sam3s4_gcc_dbg.a(exceptions.o)
                                                  ./..\libarduino_sam3s_ek_gcc_dbg.a(board_cstartup_gnu_sam3.o)
PIOA_IrqHandler                                   ./..\libchip_sam3s4_gcc_dbg.a(exceptions.o)
                                                  ./..\libarduino_sam3s_ek_gcc_dbg.a(board_cstartup_gnu_sam3.o)
PIOB_IrqHandler                                   ./..\libchip_sam3s4_gcc_dbg.a(exceptions.o)
                                                  ./..\libarduino_sam3s_ek_gcc_dbg.a(board_cstartup_gnu_sam3.o)
PIOC_IrqHandler                                   ./..\libchip_sam3s4_gcc_dbg.a(exceptions.o)
                                                  ./..\libarduino_sam3s_ek_gcc_dbg.a(board_cstartup_gnu_sam3.o)
PIO_Clear                                         ./..\libchip_sam3s4_gcc_dbg.a(pio.o)
PIO_Configure                                     ./..\libchip_sam3s4_gcc_dbg.a(pio.o)
                                                  ./..\libarduino_sam3s_ek_gcc_dbg.a(wiring_digital.o)
                                                  ./..\libarduino_sam3s_ek_gcc_dbg.a(wiring.o)
PIO_DisableInterrupt                              ./..\libchip_sam3s4_gcc_dbg.a(pio.o)
PIO_Get                                           ./..\libchip_sam3s4_gcc_dbg.a(pio.o)
                                                  ./..\libarduino_sam3s_ek_gcc_dbg.a(wiring_digital.o)
PIO_GetOutputDataStatus                           ./..\libchip_sam3s4_gcc_dbg.a(pio.o)
PIO_PullUp                                        ./..\libchip_sam3s4_gcc_dbg.a(pio.o)
PIO_Set                                           ./..\libchip_sam3s4_gcc_dbg.a(pio.o)
PIO_SetDebounceFilter                             ./..\libchip_sam3s4_gcc_dbg.a(pio.o)
PIO_SetInput                                      ./..\libchip_sam3s4_gcc_dbg.a(pio.o)
PIO_SetOutput                                     ./..\libchip_sam3s4_gcc_dbg.a(pio.o)
                                                  ./..\libarduino_sam3s_ek_gcc_dbg.a(wiring_digital.o)
PIO_SetPeripheral                                 ./..\libchip_sam3s4_gcc_dbg.a(pio.o)
PMC_DisableAllPeripherals                         ./..\libchip_sam3s4_gcc_dbg.a(pmc.o)
PMC_DisablePeripheral                             ./..\libchip_sam3s4_gcc_dbg.a(pmc.o)
                                                  ./..\libarduino_sam3s_ek_gcc_dbg.a(UART.o)
PMC_EnableAllPeripherals                          ./..\libchip_sam3s4_gcc_dbg.a(pmc.o)
PMC_EnablePeripheral                              ./..\libchip_sam3s4_gcc_dbg.a(pmc.o)
                                                  ./..\libchip_sam3s4_gcc_dbg.a(pio.o)
                                                  ./..\libarduino_sam3s_ek_gcc_dbg.a(UART.o)
PMC_IrqHandler                                    ./..\libchip_sam3s4_gcc_dbg.a(exceptions.o)
                                                  ./..\libarduino_sam3s_ek_gcc_dbg.a(board_cstartup_gnu_sam3.o)
PMC_IsPeriphEnabled                               ./..\libchip_sam3s4_gcc_dbg.a(pmc.o)
PWM_IrqHandler                                    ./..\libchip_sam3s4_gcc_dbg.a(exceptions.o)
                                                  ./..\libarduino_sam3s_ek_gcc_dbg.a(board_cstartup_gnu_sam3.o)
PendSV_Handler                                    ./..\libchip_sam3s4_gcc_dbg.a(exceptions.o)
                                                  ./..\libarduino_sam3s_ek_gcc_dbg.a(board_cstartup_gnu_sam3.o)
Print::Print()                                    ./..\libarduino_sam3s_ek_gcc_dbg.a(UART.o)
Print::Print()                                    ./..\libarduino_sam3s_ek_gcc_dbg.a(UART.o)
Print::print(String const&)                       ./..\libarduino_sam3s_ek_gcc_dbg.a(Print.o)
Print::print(char const*)                         ./..\libarduino_sam3s_ek_gcc_dbg.a(Print.o)
Print::print(char)                                ./..\libarduino_sam3s_ek_gcc_dbg.a(Print.o)
Print::print(double, int)                         ./..\libarduino_sam3s_ek_gcc_dbg.a(Print.o)
Print::print(int, int)                            ./..\libarduino_sam3s_ek_gcc_dbg.a(Print.o)
Print::print(long, int)                           ./..\libarduino_sam3s_ek_gcc_dbg.a(Print.o)
Print::print(unsigned char, int)                  ./..\libarduino_sam3s_ek_gcc_dbg.a(Print.o)
Print::print(unsigned int, int)                   ./..\libarduino_sam3s_ek_gcc_dbg.a(Print.o)
Print::print(unsigned long, int)                  ./..\libarduino_sam3s_ek_gcc_dbg.a(Print.o)
Print::printFloat(double, unsigned char)          ./..\libarduino_sam3s_ek_gcc_dbg.a(Print.o)
Print::printNumber(unsigned long, unsigned char)  ./..\libarduino_sam3s_ek_gcc_dbg.a(Print.o)
Print::println()                                  ./..\libarduino_sam3s_ek_gcc_dbg.a(Print.o)
Print::println(String const&)                     ./..\libarduino_sam3s_ek_gcc_dbg.a(Print.o)
Print::println(char const*)                       ./..\libarduino_sam3s_ek_gcc_dbg.a(Print.o)
                                                  test.o
Print::println(char)                              ./..\libarduino_sam3s_ek_gcc_dbg.a(Print.o)
Print::println(double, int)                       ./..\libarduino_sam3s_ek_gcc_dbg.a(Print.o)
Print::println(int, int)                          ./..\libarduino_sam3s_ek_gcc_dbg.a(Print.o)
Print::println(long, int)                         ./..\libarduino_sam3s_ek_gcc_dbg.a(Print.o)
Print::println(unsigned char, int)                ./..\libarduino_sam3s_ek_gcc_dbg.a(Print.o)
Print::println(unsigned int, int)                 ./..\libarduino_sam3s_ek_gcc_dbg.a(Print.o)
Print::println(unsigned long, int)                ./..\libarduino_sam3s_ek_gcc_dbg.a(Print.o)
Print::write(char const*)                         ./..\libarduino_sam3s_ek_gcc_dbg.a(Print.o)
                                                  ./..\libarduino_sam3s_ek_gcc_dbg.a(UART.o)
Print::write(unsigned char const*, unsigned int)  ./..\libarduino_sam3s_ek_gcc_dbg.a(Print.o)
                                                  ./..\libarduino_sam3s_ek_gcc_dbg.a(UART.o)
RSTC_IrqHandler                                   ./..\libchip_sam3s4_gcc_dbg.a(exceptions.o)
                                                  ./..\libarduino_sam3s_ek_gcc_dbg.a(board_cstartup_gnu_sam3.o)
RTC_IrqHandler                                    ./..\libchip_sam3s4_gcc_dbg.a(exceptions.o)
                                                  ./..\libarduino_sam3s_ek_gcc_dbg.a(board_cstartup_gnu_sam3.o)
RTT_IrqHandler                                    ./..\libchip_sam3s4_gcc_dbg.a(exceptions.o)
                                                  ./..\libarduino_sam3s_ek_gcc_dbg.a(board_cstartup_gnu_sam3.o)
Reset_Handler                                     ./..\libarduino_sam3s_ek_gcc_dbg.a(board_cstartup_gnu_sam3.o)
SMC_IrqHandler                                    ./..\libchip_sam3s4_gcc_dbg.a(exceptions.o)
                                                  ./..\libarduino_sam3s_ek_gcc_dbg.a(board_cstartup_gnu_sam3.o)
SPI_IrqHandler                                    ./..\libchip_sam3s4_gcc_dbg.a(exceptions.o)
                                                  ./..\libarduino_sam3s_ek_gcc_dbg.a(board_cstartup_gnu_sam3.o)
SSC_IrqHandler                                    ./..\libchip_sam3s4_gcc_dbg.a(exceptions.o)
                                                  ./..\libarduino_sam3s_ek_gcc_dbg.a(board_cstartup_gnu_sam3.o)
SUPC_IrqHandler                                   ./..\libchip_sam3s4_gcc_dbg.a(exceptions.o)
                                                  ./..\libarduino_sam3s_ek_gcc_dbg.a(board_cstartup_gnu_sam3.o)
SVC_Handler                                       ./..\libchip_sam3s4_gcc_dbg.a(exceptions.o)
                                                  ./..\libarduino_sam3s_ek_gcc_dbg.a(board_cstartup_gnu_sam3.o)
Serial1                                           ./..\libarduino_sam3s_ek_gcc_dbg.a(variant.o)
                                                  test.o
Serial2                                           ./..\libarduino_sam3s_ek_gcc_dbg.a(variant.o)
Sleep                                             ./..\libchip_sam3s4_gcc_dbg.a(timetick.o)
Stream::Stream()                                  ./..\libarduino_sam3s_ek_gcc_dbg.a(UART.o)
Stream::Stream()                                  ./..\libarduino_sam3s_ek_gcc_dbg.a(UART.o)
String::String(String const&)                     ./..\libarduino_sam3s_ek_gcc_dbg.a(WString.o)
String::String(String const&)                     ./..\libarduino_sam3s_ek_gcc_dbg.a(WString.o)
String::String(char const*)                       ./..\libarduino_sam3s_ek_gcc_dbg.a(WString.o)
String::String(char const*)                       ./..\libarduino_sam3s_ek_gcc_dbg.a(WString.o)
String::String(char)                              ./..\libarduino_sam3s_ek_gcc_dbg.a(WString.o)
String::String(char)                              ./..\libarduino_sam3s_ek_gcc_dbg.a(WString.o)
String::String(int, unsigned char)                ./..\libarduino_sam3s_ek_gcc_dbg.a(WString.o)
String::String(int, unsigned char)                ./..\libarduino_sam3s_ek_gcc_dbg.a(WString.o)
String::String(long, unsigned char)               ./..\libarduino_sam3s_ek_gcc_dbg.a(WString.o)
String::String(long, unsigned char)               ./..\libarduino_sam3s_ek_gcc_dbg.a(WString.o)
String::String(unsigned char, unsigned char)      ./..\libarduino_sam3s_ek_gcc_dbg.a(WString.o)
String::String(unsigned char, unsigned char)      ./..\libarduino_sam3s_ek_gcc_dbg.a(WString.o)
String::String(unsigned int, unsigned char)       ./..\libarduino_sam3s_ek_gcc_dbg.a(WString.o)
String::String(unsigned int, unsigned char)       ./..\libarduino_sam3s_ek_gcc_dbg.a(WString.o)
String::String(unsigned long, unsigned char)      ./..\libarduino_sam3s_ek_gcc_dbg.a(WString.o)
String::String(unsigned long, unsigned char)      ./..\libarduino_sam3s_ek_gcc_dbg.a(WString.o)
String::changeBuffer(unsigned int)                ./..\libarduino_sam3s_ek_gcc_dbg.a(WString.o)
String::charAt(unsigned int) const                ./..\libarduino_sam3s_ek_gcc_dbg.a(WString.o)
String::compareTo(String const&) const            ./..\libarduino_sam3s_ek_gcc_dbg.a(WString.o)
String::concat(String const&)                     ./..\libarduino_sam3s_ek_gcc_dbg.a(WString.o)
String::concat(char const*)                       ./..\libarduino_sam3s_ek_gcc_dbg.a(WString.o)
String::concat(char const*, unsigned int)         ./..\libarduino_sam3s_ek_gcc_dbg.a(WString.o)
String::concat(char)                              ./..\libarduino_sam3s_ek_gcc_dbg.a(WString.o)
String::concat(int)                               ./..\libarduino_sam3s_ek_gcc_dbg.a(WString.o)
String::concat(long)                              ./..\libarduino_sam3s_ek_gcc_dbg.a(WString.o)
String::concat(unsigned char)                     ./..\libarduino_sam3s_ek_gcc_dbg.a(WString.o)
String::concat(unsigned int)                      ./..\libarduino_sam3s_ek_gcc_dbg.a(WString.o)
String::concat(unsigned long)                     ./..\libarduino_sam3s_ek_gcc_dbg.a(WString.o)
String::copy(char const*, unsigned int)           ./..\libarduino_sam3s_ek_gcc_dbg.a(WString.o)
String::endsWith(String const&) const             ./..\libarduino_sam3s_ek_gcc_dbg.a(WString.o)
String::equals(String const&) const               ./..\libarduino_sam3s_ek_gcc_dbg.a(WString.o)
String::equals(char const*) const                 ./..\libarduino_sam3s_ek_gcc_dbg.a(WString.o)
String::equalsIgnoreCase(String const&) const     ./..\libarduino_sam3s_ek_gcc_dbg.a(WString.o)
String::getBytes(unsigned char*, unsigned int, unsigned int) const ./..\libarduino_sam3s_ek_gcc_dbg.a(WString.o)
String::indexOf(String const&) const              ./..\libarduino_sam3s_ek_gcc_dbg.a(WString.o)
String::indexOf(String const&, unsigned int) const ./..\libarduino_sam3s_ek_gcc_dbg.a(WString.o)
String::indexOf(char) const                       ./..\libarduino_sam3s_ek_gcc_dbg.a(WString.o)
String::indexOf(char, unsigned int) const         ./..\libarduino_sam3s_ek_gcc_dbg.a(WString.o)
String::init()                                    ./..\libarduino_sam3s_ek_gcc_dbg.a(WString.o)
String::invalidate()                              ./..\libarduino_sam3s_ek_gcc_dbg.a(WString.o)
String::lastIndexOf(String const&) const          ./..\libarduino_sam3s_ek_gcc_dbg.a(WString.o)
String::lastIndexOf(String const&, int) const     ./..\libarduino_sam3s_ek_gcc_dbg.a(WString.o)
String::lastIndexOf(char) const                   ./..\libarduino_sam3s_ek_gcc_dbg.a(WString.o)
String::lastIndexOf(char, int) const              ./..\libarduino_sam3s_ek_gcc_dbg.a(WString.o)
String::length() const                            ./..\libarduino_sam3s_ek_gcc_dbg.a(Print.o)
String::operator<(String const&) const            ./..\libarduino_sam3s_ek_gcc_dbg.a(WString.o)
String::operator<=(String const&) const           ./..\libarduino_sam3s_ek_gcc_dbg.a(WString.o)
String::operator=(String const&)                  ./..\libarduino_sam3s_ek_gcc_dbg.a(WString.o)
String::operator=(char const*)                    ./..\libarduino_sam3s_ek_gcc_dbg.a(WString.o)
String::operator>(String const&) const            ./..\libarduino_sam3s_ek_gcc_dbg.a(WString.o)
String::operator>=(String const&) const           ./..\libarduino_sam3s_ek_gcc_dbg.a(WString.o)
String::operator[](unsigned int)                  ./..\libarduino_sam3s_ek_gcc_dbg.a(WString.o)
String::operator[](unsigned int) const            ./..\libarduino_sam3s_ek_gcc_dbg.a(WString.o)
                                                  ./..\libarduino_sam3s_ek_gcc_dbg.a(Print.o)
String::replace(String const&, String const&)     ./..\libarduino_sam3s_ek_gcc_dbg.a(WString.o)
String::replace(char, char)                       ./..\libarduino_sam3s_ek_gcc_dbg.a(WString.o)
String::reserve(unsigned int)                     ./..\libarduino_sam3s_ek_gcc_dbg.a(WString.o)
String::setCharAt(unsigned int, char)             ./..\libarduino_sam3s_ek_gcc_dbg.a(WString.o)
String::startsWith(String const&) const           ./..\libarduino_sam3s_ek_gcc_dbg.a(WString.o)
String::startsWith(String const&, unsigned int) const ./..\libarduino_sam3s_ek_gcc_dbg.a(WString.o)
String::substring(unsigned int) const             ./..\libarduino_sam3s_ek_gcc_dbg.a(WString.o)
String::substring(unsigned int, unsigned int) const ./..\libarduino_sam3s_ek_gcc_dbg.a(WString.o)
String::toInt() const                             ./..\libarduino_sam3s_ek_gcc_dbg.a(WString.o)
String::toLowerCase()                             ./..\libarduino_sam3s_ek_gcc_dbg.a(WString.o)
String::toUpperCase()                             ./..\libarduino_sam3s_ek_gcc_dbg.a(WString.o)
String::trim()                                    ./..\libarduino_sam3s_ek_gcc_dbg.a(WString.o)
String::~String()                                 ./..\libarduino_sam3s_ek_gcc_dbg.a(WString.o)
String::~String()                                 ./..\libarduino_sam3s_ek_gcc_dbg.a(WString.o)
SysTick_Handler                                   ./..\libarduino_sam3s_ek_gcc_dbg.a(wiring.o)
                                                  ./..\libarduino_sam3s_ek_gcc_dbg.a(board_cstartup_gnu_sam3.o)
TC0_IrqHandler                                    ./..\libchip_sam3s4_gcc_dbg.a(exceptions.o)
                                                  ./..\libarduino_sam3s_ek_gcc_dbg.a(board_cstartup_gnu_sam3.o)
TC1_IrqHandler                                    ./..\libchip_sam3s4_gcc_dbg.a(exceptions.o)
                                                  ./..\libarduino_sam3s_ek_gcc_dbg.a(board_cstartup_gnu_sam3.o)
TC2_IrqHandler                                    ./..\libchip_sam3s4_gcc_dbg.a(exceptions.o)
                                                  ./..\libarduino_sam3s_ek_gcc_dbg.a(board_cstartup_gnu_sam3.o)
TC3_IrqHandler                                    ./..\libchip_sam3s4_gcc_dbg.a(exceptions.o)
                                                  ./..\libarduino_sam3s_ek_gcc_dbg.a(board_cstartup_gnu_sam3.o)
TC4_IrqHandler                                    ./..\libchip_sam3s4_gcc_dbg.a(exceptions.o)
                                                  ./..\libarduino_sam3s_ek_gcc_dbg.a(board_cstartup_gnu_sam3.o)
TC5_IrqHandler                                    ./..\libchip_sam3s4_gcc_dbg.a(exceptions.o)